WARNING: A restricted method in java.lang.System has been called
WARNING: java.lang.System::load has been called by net.rubygrapefruit.platform.internal.NativeLibraryLoader in an unnamed module (file:/root/.gradle/wrapper/dists/gradle-9.4.1-all/eckclv9s5vi9exbmnyvpg2a3h/gradle-9.4.1/lib/native-platform-0.22-milestone-29.jar)
WARNING: Use --enable-native-access=ALL-UNNAMED to avoid a warning for callers in this module
WARNING: Restricted methods will be blocked in a future release unless native access is enabled

> Task :models-api:compileJava UP-TO-DATE
> Task :backend-java:compileJava UP-TO-DATE
> Task :backend-java:processResources NO-SOURCE
> Task :backend-java:classes UP-TO-DATE
> Task :backend-java:jar UP-TO-DATE
> Task :backend-native:compileJava UP-TO-DATE
> Task :backend-native:processResources NO-SOURCE
> Task :backend-native:classes UP-TO-DATE
> Task :backend-native:jar UP-TO-DATE
> Task :backend-native:cargoBuildRelease UP-TO-DATE
> Task :backend-native:verifyNativeBuildPlatform
> Task :backend-native:prepareNativePlatformResources UP-TO-DATE
> Task :backend-native:nativePlatformJar UP-TO-DATE
> Task :models-api:processResources NO-SOURCE
> Task :models-api:classes UP-TO-DATE
> Task :models-api:jar UP-TO-DATE
> Task :models-runtime:compileJava UP-TO-DATE
> Task :models-router:compileJava UP-TO-DATE
> Task :models-bench:compileJava UP-TO-DATE
> Task :models-bench:processResources UP-TO-DATE
> Task :models-bench:classes UP-TO-DATE
> Task :models-router:processResources UP-TO-DATE
> Task :models-router:classes UP-TO-DATE
> Task :models-router:jar UP-TO-DATE
> Task :models-runtime:processResources NO-SOURCE
> Task :models-runtime:classes UP-TO-DATE
> Task :models-runtime:jar UP-TO-DATE

> Task :models-bench:run
WARNING: Using incubator modules: jdk.incubator.vector
Sep 13, 2026 11:34:38 PM com.integrallis.vectors.core.PanamaVectorUtilSupportProvider create
INFO: vectors-core: Using Panama Vector API SIMD provider (vector bits: 256)
Sep 13, 2026 11:34:38 PM com.integrallis.vectors.core.VectorizationProvider logActiveToggles
INFO: vectors-core: provider=PanamaVectorUtilSupport panama=true maxBits=256 preferredBits=256 fastVectorFMA=true fastScalarFMA=true sve=false ggufParallel=true ggufParallelThreshold=1048576 ggufExecutor=persistent ggufThreads=16 ggufChunksPerThread=2 mappedKQuantLongOffsets=auto(q4=true,q5=false,q6=false) q4ShortPairwiseSupported=true q4UnsignedPairwiseSupported=true toggles=[(defaults — no -Dvectors.* overrides)]
 1/75 irrelevance_126    calibration expected=false margin=    0.5429 shared=true 26002 ms
 2/75 irrelevance_165    calibration expected=false margin=    9.1875 shared=true 19816 ms
 3/75 irrelevance_169    calibration expected=false margin=   -8.3504 shared=true 22899 ms
 4/75 irrelevance_172    calibration expected=false margin=    4.0053 shared=true 20450 ms
 5/75 irrelevance_175    calibration expected=false margin=  -10.4108 shared=true 18463 ms
 6/75 irrelevance_26     calibration expected=false margin=    3.0312 shared=true 26312 ms
 7/75 irrelevance_29     calibration expected=false margin=   -0.8525 shared=true 19945 ms
 8/75 irrelevance_56     calibration expected=false margin=   -7.7497 shared=true 20233 ms
 9/75 irrelevance_73     calibration expected=false margin=    1.0464 shared=true 21992 ms
10/75 irrelevance_90     calibration expected=false margin=   -7.8209 shared=true 22172 ms
11/75 multiple_123       calibration expected=true  margin=    2.7011 shared=true 49270 ms
12/75 multiple_124       calibration expected=true  margin=    2.8374 shared=true 49929 ms
13/75 multiple_133       calibration expected=true  margin=    9.9081 shared=true 34380 ms
14/75 multiple_145       calibration expected=true  margin=    9.4059 shared=true 56288 ms
15/75 multiple_153       calibration expected=true  margin=    1.6578 shared=true 46897 ms
16/75 multiple_176       calibration expected=true  margin=   10.8996 shared=true 93466 ms
17/75 multiple_22        calibration expected=true  margin=    9.3669 shared=true 42795 ms
18/75 multiple_62        calibration expected=true  margin=   10.7626 shared=true 35162 ms
19/75 multiple_64        calibration expected=true  margin=    7.2625 shared=true 40902 ms
20/75 multiple_93        calibration expected=true  margin=   10.9260 shared=true 43965 ms
21/75 simple_121         calibration expected=true  margin=    8.0854 shared=true 22857 ms
22/75 simple_161         calibration expected=true  margin=    8.8521 shared=true 23108 ms
23/75 simple_185         calibration expected=true  margin=    7.2438 shared=true 22218 ms
24/75 simple_259         calibration expected=true  margin=    9.8824 shared=true 24722 ms
25/75 simple_273         calibration expected=true  margin=    6.9231 shared=true 21157 ms
26/75 simple_278         calibration expected=true  margin=    8.2804 shared=true 22386 ms
27/75 simple_344         calibration expected=true  margin=    5.6307 shared=true 21594 ms
28/75 simple_40          calibration expected=true  margin=   10.9549 shared=true 23848 ms
29/75 simple_48          calibration expected=true  margin=   10.7578 shared=true 21468 ms
30/75 simple_52          calibration expected=true  margin=   12.2766 shared=true 22314 ms
31/75 irrelevance_100    screen      expected=false margin=   -9.2683 shared=true 22938 ms
32/75 irrelevance_117    screen      expected=false margin=   -6.2292 shared=true 26128 ms
33/75 irrelevance_13     screen      expected=false margin=   -9.2040 shared=true 27470 ms
34/75 irrelevance_145    screen      expected=false margin=   -7.9755 shared=true 20570 ms
35/75 irrelevance_147    screen      expected=false margin=   -7.2774 shared=true 23480 ms
36/75 irrelevance_148    screen      expected=false margin=    2.4321 shared=true 20354 ms
37/75 irrelevance_164    screen      expected=false margin=   -1.3021 shared=true 20853 ms
38/75 irrelevance_193    screen      expected=false margin=   -5.5330 shared=true 20924 ms
39/75 irrelevance_202    screen      expected=false margin=   -6.6436 shared=true 21965 ms
40/75 irrelevance_211    screen      expected=false margin=   -1.0115 shared=true 21614 ms
41/75 irrelevance_214    screen      expected=false margin=   -8.7904 shared=true 20306 ms
42/75 irrelevance_22     screen      expected=false margin=    3.7585 shared=true 24472 ms
43/75 irrelevance_35     screen      expected=false margin=   -6.8400 shared=true 20813 ms
44/75 irrelevance_54     screen      expected=false margin=   -5.4641 shared=true 19967 ms
45/75 irrelevance_69     screen      expected=false margin=   -6.0586 shared=true 21408 ms
46/75 multiple_10        screen      expected=true  margin=    5.2493 shared=true 41327 ms
47/75 multiple_101       screen      expected=true  margin=   10.2569 shared=true 32321 ms
48/75 multiple_103       screen      expected=true  margin=   11.8073 shared=true 61802 ms
49/75 multiple_115       screen      expected=true  margin=    5.2709 shared=true 68443 ms
50/75 multiple_128       screen      expected=true  margin=   10.6081 shared=true 78134 ms
51/75 multiple_141       screen      expected=true  margin=   13.8263 shared=true 45879 ms
52/75 multiple_148       screen      expected=true  margin=   10.4246 shared=true 33388 ms
53/75 multiple_149       screen      expected=true  margin=   10.3654 shared=true 66089 ms
54/75 multiple_160       screen      expected=true  margin=   11.5816 shared=true 64950 ms
55/75 multiple_20        screen      expected=true  margin=   10.0546 shared=true 41224 ms
56/75 multiple_47        screen      expected=true  margin=    9.6794 shared=true 40401 ms
57/75 multiple_53        screen      expected=true  margin=    4.8653 shared=true 39659 ms
58/75 multiple_56        screen      expected=true  margin=    9.1178 shared=true 48739 ms
59/75 multiple_76        screen      expected=true  margin=    2.4499 shared=true 39000 ms
60/75 multiple_95        screen      expected=true  margin=    9.7875 shared=true 36701 ms
61/75 simple_114         screen      expected=true  margin=    7.6825 shared=true 21743 ms
62/75 simple_120         screen      expected=true  margin=   10.4840 shared=true 26439 ms
63/75 simple_172         screen      expected=true  margin=    6.9553 shared=true 18553 ms
64/75 simple_22          screen      expected=true  margin=    9.9912 shared=true 18527 ms
65/75 simple_226         screen      expected=true  margin=    8.4494 shared=true 21784 ms
66/75 simple_264         screen      expected=true  margin=    3.9995 shared=true 21274 ms
67/75 simple_291         screen      expected=true  margin=    8.8561 shared=true 27978 ms
68/75 simple_296         screen      expected=true  margin=   10.2290 shared=true 25416 ms
69/75 simple_303         screen      expected=true  margin=    8.5722 shared=true 21508 ms
70/75 simple_308         screen      expected=true  margin=    7.8691 shared=true 22353 ms
71/75 simple_326         screen      expected=true  margin=    8.7640 shared=true 22801 ms
72/75 simple_35          screen      expected=true  margin=    9.5705 shared=true 24008 ms
73/75 simple_43          screen      expected=true  margin=    8.2815 shared=true 25448 ms
74/75 simple_83          screen      expected=true  margin=    7.8559 shared=true 27091 ms
75/75 simple_94          screen      expected=true  margin=    9.3346 shared=true 26554 ms
Exception in thread "main" com.fasterxml.jackson.databind.exc.InvalidDefinitionException: Java 8 optional type `java.util.Optional<com.integrallis.models.api.ActivatedAdapterMetadata$TrainingSelection>` not supported by default: add Module "com.fasterxml.jackson.datatype:jackson-datatype-jdk8" to enable handling (or disable `MapperFeature.REQUIRE_HANDLERS_FOR_JAVA8_OPTIONALS`) (through reference chain: com.integrallis.models.bench.ActivatedDecisionProfileCli$Report["adapter"]->com.integrallis.models.api.ActivatedAdapterMetadata["trainingProvenance"]->com.integrallis.models.api.ActivatedAdapterMetadata$TrainingProvenance["trainSelection"])
	at com.fasterxml.jackson.databind.exc.InvalidDefinitionException.from(InvalidDefinitionException.java:77)
	at com.fasterxml.jackson.databind.SerializerProvider.reportBadDefinition(SerializerProvider.java:1359)
	at com.fasterxml.jackson.databind.ser.impl.UnsupportedTypeSerializer.serialize(UnsupportedTypeSerializer.java:34)
	at com.fasterxml.jackson.databind.ser.BeanPropertyWriter.serializeAsField(BeanPropertyWriter.java:732)
	at com.fasterxml.jackson.databind.ser.std.BeanSerializerBase.serializeFields(BeanSerializerBase.java:760)
	at com.fasterxml.jackson.databind.ser.BeanSerializer.serialize(BeanSerializer.java:183)
	at com.fasterxml.jackson.databind.ser.BeanPropertyWriter.serializeAsField(BeanPropertyWriter.java:732)
	at com.fasterxml.jackson.databind.ser.std.BeanSerializerBase.serializeFields(BeanSerializerBase.java:760)
	at com.fasterxml.jackson.databind.ser.BeanSerializer.serialize(BeanSerializer.java:183)
	at com.fasterxml.jackson.databind.ser.BeanPropertyWriter.serializeAsField(BeanPropertyWriter.java:732)
	at com.fasterxml.jackson.databind.ser.std.BeanSerializerBase.serializeFields(BeanSerializerBase.java:760)
	at com.fasterxml.jackson.databind.ser.BeanSerializer.serialize(BeanSerializer.java:183)
	at com.fasterxml.jackson.databind.ser.DefaultSerializerProvider._serialize(DefaultSerializerProvider.java:503)
	at com.fasterxml.jackson.databind.ser.DefaultSerializerProvider.serializeValue(DefaultSerializerProvider.java:342)
	at com.fasterxml.jackson.databind.ObjectMapper._writeValueAndClose(ObjectMapper.java:4938)
	at com.fasterxml.jackson.databind.ObjectMapper.writeValue(ObjectMapper.java:4088)
	at com.integrallis.models.bench.ActivatedDecisionProfileCli.run(ActivatedDecisionProfileCli.java:219)
	at com.integrallis.models.bench.InferenceBenchmarkCli.main(InferenceBenchmarkCli.java:126)

> Task :models-bench:run FAILED

FAILURE: Build failed with an exception.

* What went wrong:
Execution failed for task ':models-bench:run'.
> Process 'command '/root/.sdkman/candidates/java/25.0.3-tem/bin/java'' finished with non-zero exit value 1

* Try:
> Run with --stacktrace option to get the stack trace.
> Run with --info or --debug option to get more log output.
> Run with --scan to get full insights from a Build Scan (powered by Develocity).
> Get more help at https://help.gradle.org.

BUILD FAILED in 39m 25s
18 actionable tasks: 2 executed, 16 up-to-date
