WARNING: A restricted method in java.lang.System has been called
WARNING: java.lang.System::load has been called by net.rubygrapefruit.platform.internal.NativeLibraryLoader in an unnamed module (file:/root/.gradle/wrapper/dists/gradle-9.4.1-all/eckclv9s5vi9exbmnyvpg2a3h/gradle-9.4.1/lib/native-platform-0.22-milestone-29.jar)
WARNING: Use --enable-native-access=ALL-UNNAMED to avoid a warning for callers in this module
WARNING: Restricted methods will be blocked in a future release unless native access is enabled

> Task :models-api:compileJava UP-TO-DATE
> Task :backend-java:compileJava UP-TO-DATE
> Task :backend-java:processResources NO-SOURCE
> Task :backend-java:classes UP-TO-DATE
> Task :backend-java:jar UP-TO-DATE
> Task :backend-native:compileJava UP-TO-DATE
> Task :backend-native:processResources NO-SOURCE
> Task :backend-native:classes UP-TO-DATE
> Task :backend-native:jar UP-TO-DATE
> Task :backend-native:cargoBuildRelease UP-TO-DATE
> Task :backend-native:verifyNativeBuildPlatform
> Task :backend-native:prepareNativePlatformResources UP-TO-DATE
> Task :backend-native:nativePlatformJar UP-TO-DATE
> Task :models-api:processResources NO-SOURCE
> Task :models-api:classes UP-TO-DATE
> Task :models-api:jar UP-TO-DATE
> Task :models-runtime:compileJava UP-TO-DATE
> Task :models-router:compileJava UP-TO-DATE
> Task :models-bench:compileJava UP-TO-DATE
> Task :models-bench:processResources UP-TO-DATE
> Task :models-bench:classes UP-TO-DATE
> Task :models-router:processResources UP-TO-DATE
> Task :models-router:classes UP-TO-DATE
> Task :models-router:jar UP-TO-DATE
> Task :models-runtime:processResources NO-SOURCE
> Task :models-runtime:classes UP-TO-DATE
> Task :models-runtime:jar UP-TO-DATE

> Task :models-bench:run
WARNING: Using incubator modules: jdk.incubator.vector
Sep 14, 2026 12:22:19 AM com.integrallis.vectors.core.PanamaVectorUtilSupportProvider create
INFO: vectors-core: Using Panama Vector API SIMD provider (vector bits: 256)
Sep 14, 2026 12:22:19 AM com.integrallis.vectors.core.VectorizationProvider logActiveToggles
INFO: vectors-core: provider=PanamaVectorUtilSupport panama=true maxBits=256 preferredBits=256 fastVectorFMA=true fastScalarFMA=true sve=false ggufParallel=true ggufParallelThreshold=1048576 ggufExecutor=persistent ggufThreads=16 ggufChunksPerThread=2 mappedKQuantLongOffsets=auto(q4=true,q5=false,q6=false) q4ShortPairwiseSupported=true q4UnsignedPairwiseSupported=true toggles=[(defaults — no -Dvectors.* overrides)]
 1/75 irrelevance_126    calibration expected=false margin=    0.4531 shared=true 25958 ms
 2/75 irrelevance_165    calibration expected=false margin=    9.1875 shared=true 20067 ms
 3/75 irrelevance_169    calibration expected=false margin=   -8.3504 shared=true 22810 ms
 4/75 irrelevance_172    calibration expected=false margin=    4.0053 shared=true 20224 ms
 5/75 irrelevance_175    calibration expected=false margin=  -10.4108 shared=true 18521 ms
 6/75 irrelevance_26     calibration expected=false margin=    3.0312 shared=true 26267 ms
 7/75 irrelevance_29     calibration expected=false margin=   -0.8525 shared=true 19695 ms
 8/75 irrelevance_56     calibration expected=false margin=   -7.7497 shared=true 20186 ms
 9/75 irrelevance_73     calibration expected=false margin=    1.0464 shared=true 22051 ms
10/75 irrelevance_90     calibration expected=false margin=   -7.8209 shared=true 21790 ms
11/75 multiple_123       calibration expected=true  margin=    2.7011 shared=true 49387 ms
12/75 multiple_124       calibration expected=true  margin=    2.8374 shared=true 49347 ms
13/75 multiple_133       calibration expected=true  margin=    9.9081 shared=true 34761 ms
14/75 multiple_145       calibration expected=true  margin=    9.4059 shared=true 56283 ms
15/75 multiple_153       calibration expected=true  margin=    1.6578 shared=true 46799 ms
16/75 multiple_176       calibration expected=true  margin=   10.8996 shared=true 93455 ms
17/75 multiple_22        calibration expected=true  margin=    9.3669 shared=true 42023 ms
18/75 multiple_62        calibration expected=true  margin=   10.7626 shared=true 35105 ms
19/75 multiple_64        calibration expected=true  margin=    7.2625 shared=true 40801 ms
20/75 multiple_93        calibration expected=true  margin=   10.9260 shared=true 44446 ms
21/75 simple_121         calibration expected=true  margin=    8.0854 shared=true 22774 ms
22/75 simple_161         calibration expected=true  margin=    8.8521 shared=true 22932 ms
23/75 simple_185         calibration expected=true  margin=    7.2438 shared=true 22375 ms
24/75 simple_259         calibration expected=true  margin=    9.8824 shared=true 24580 ms
25/75 simple_273         calibration expected=true  margin=    6.9231 shared=true 20992 ms
26/75 simple_278         calibration expected=true  margin=    8.2804 shared=true 22233 ms
27/75 simple_344         calibration expected=true  margin=    5.6307 shared=true 21482 ms
28/75 simple_40          calibration expected=true  margin=   10.9549 shared=true 24076 ms
29/75 simple_48          calibration expected=true  margin=   10.7578 shared=true 21520 ms
30/75 simple_52          calibration expected=true  margin=   12.2766 shared=true 22390 ms
31/75 irrelevance_100    screen      expected=false margin=   -9.2683 shared=true 22833 ms
32/75 irrelevance_117    screen      expected=false margin=   -6.2292 shared=true 25941 ms
33/75 irrelevance_13     screen      expected=false margin=   -9.2040 shared=true 27591 ms
34/75 irrelevance_145    screen      expected=false margin=   -7.9755 shared=true 20541 ms
35/75 irrelevance_147    screen      expected=false margin=   -7.2774 shared=true 23412 ms
36/75 irrelevance_148    screen      expected=false margin=    2.4321 shared=true 20259 ms
37/75 irrelevance_164    screen      expected=false margin=   -1.3021 shared=true 20974 ms
38/75 irrelevance_193    screen      expected=false margin=   -5.5330 shared=true 20870 ms
39/75 irrelevance_202    screen      expected=false margin=   -6.6436 shared=true 22195 ms
40/75 irrelevance_211    screen      expected=false margin=   -1.0115 shared=true 21643 ms
41/75 irrelevance_214    screen      expected=false margin=   -8.7904 shared=true 20258 ms
42/75 irrelevance_22     screen      expected=false margin=    3.7585 shared=true 24332 ms
43/75 irrelevance_35     screen      expected=false margin=   -6.8400 shared=true 20740 ms
44/75 irrelevance_54     screen      expected=false margin=   -5.4641 shared=true 19783 ms
45/75 irrelevance_69     screen      expected=false margin=   -6.0586 shared=true 21515 ms
46/75 multiple_10        screen      expected=true  margin=    5.2493 shared=true 41301 ms
47/75 multiple_101       screen      expected=true  margin=   10.2569 shared=true 32293 ms
48/75 multiple_103       screen      expected=true  margin=   11.8073 shared=true 61501 ms
49/75 multiple_115       screen      expected=true  margin=    5.2709 shared=true 68243 ms
50/75 multiple_128       screen      expected=true  margin=   10.6081 shared=true 77782 ms
51/75 multiple_141       screen      expected=true  margin=   13.8263 shared=true 45708 ms
52/75 multiple_148       screen      expected=true  margin=   10.4246 shared=true 33422 ms
53/75 multiple_149       screen      expected=true  margin=   10.3654 shared=true 65703 ms
54/75 multiple_160       screen      expected=true  margin=   11.5816 shared=true 64256 ms
55/75 multiple_20        screen      expected=true  margin=   10.0546 shared=true 41205 ms
56/75 multiple_47        screen      expected=true  margin=    9.6794 shared=true 40538 ms
57/75 multiple_53        screen      expected=true  margin=    4.8653 shared=true 39876 ms
58/75 multiple_56        screen      expected=true  margin=    9.1178 shared=true 48837 ms
59/75 multiple_76        screen      expected=true  margin=    2.4499 shared=true 38835 ms
60/75 multiple_95        screen      expected=true  margin=    9.7875 shared=true 36131 ms
61/75 simple_114         screen      expected=true  margin=    7.6825 shared=true 21799 ms
62/75 simple_120         screen      expected=true  margin=   10.4840 shared=true 26367 ms
63/75 simple_172         screen      expected=true  margin=    6.9553 shared=true 18311 ms
64/75 simple_22          screen      expected=true  margin=    9.9912 shared=true 18406 ms
65/75 simple_226         screen      expected=true  margin=    8.4494 shared=true 21580 ms
66/75 simple_264         screen      expected=true  margin=    3.9995 shared=true 21325 ms
67/75 simple_291         screen      expected=true  margin=    8.8561 shared=true 28111 ms
68/75 simple_296         screen      expected=true  margin=   10.2290 shared=true 25490 ms
69/75 simple_303         screen      expected=true  margin=    8.5722 shared=true 21532 ms
70/75 simple_308         screen      expected=true  margin=    7.8691 shared=true 22353 ms
71/75 simple_326         screen      expected=true  margin=    8.7640 shared=true 22836 ms
72/75 simple_35          screen      expected=true  margin=    9.5705 shared=true 24230 ms
73/75 simple_43          screen      expected=true  margin=    8.2815 shared=true 25285 ms
74/75 simple_83          screen      expected=true  margin=    7.8559 shared=true 26899 ms
75/75 simple_94          screen      expected=true  margin=    9.3346 shared=true 26745 ms
PASS threshold=4.8180 calibration=0.8750 screen=0.9667 calls=28/30 no-calls=15/15 report=/opt/modeljars-runs/alora-v15/evidence/development-decision-profile-r2.json

BUILD SUCCESSFUL in 39m 20s
18 actionable tasks: 2 executed, 16 up-to-date
Consider enabling configuration cache to speed up this build: https://docs.gradle.org/9.4.1/userguide/configuration_cache_enabling.html
