WARNING: Using incubator modules: jdk.incubator.vector
composition-clean-host modeljarsVersion=0.1.47 modelsVersion=0.3.42 backend=rust-ffm backendSelection=explicit-native java=25.0.4.1 vendor=Eclipse Adoptium os=Linux/amd64 processors=16 casesPerSuite=3 armOrder=composite-first
fetched qualification-window-v2.json sha256=dfb8cd7203418c79bae27306ffc4857f0ab02be7f9f8ddcae793af556e9cab37 bytes=2226884
marker modelId=ibm_granite_granite_4_1_3b_gguf_q4_k_m coordinate=org.modeljars.huggingface:ibm-granite.granite-4.1-3b-gguf.q4_k_m:4.1.0-q4_k_m.2 markerJarSha256=fb6aba90d2f06ad70282fd99eed356030e22b0f8a2620c13bab1492df92a3a11 markerJarUri=file:///root/.m2/repository/org/modeljars/huggingface/ibm-granite.granite-4.1-3b-gguf.q4_k_m/4.1.0-q4_k_m.2/ibm-granite.granite-4.1-3b-gguf.q4_k_m-4.1.0-q4_k_m.2.jar mavenLayout=true
marker modelId=modeljars_granite_4_1_3b_answerability_alora_integrallis_f32 coordinate=org.modeljars.github:modeljars.activated-adapters.granite-4.1-3b-answerability-alora-integrallis.f32:1.0.0-f32.2 markerJarSha256=ca260264f048889afd641b84ca10a09c2b5dfe934be475d7b1639ce7308a0b4f markerJarUri=file:///root/.m2/repository/org/modeljars/github/modeljars.activated-adapters.granite-4.1-3b-answerability-alora-integrallis.f32/1.0.0-f32.2/modeljars.activated-adapters.granite-4.1-3b-answerability-alora-integrallis.f32-1.0.0-f32.2.jar mavenLayout=true
public-api coordinate=org.modeljars:modeljars:0.1.47 class=org.modeljars.ModelJars jarSha256=b8800ff6942fc17ffba258b8e03f8a2e9c72361958fc7b2a4cf37079d1852a91 jarUri=file:///root/.m2/repository/org/modeljars/modeljars/0.1.47/modeljars-0.1.47.jar mavenLayout=true runtimeTypeSameJar=true
Sep 17, 2026 9:50:40 PM org.modeljars.ModelJarInstaller reportProgress
INFO: Downloading model ibm_granite_granite_4_1_3b_gguf_q4_k_m (1.96 GiB) to /root/.modeljars/cache/sha256/66/662b0626cd58f443baea23559b469df6576a81d349649c59413b36a9fb32eb29/model.gguf
Sep 17, 2026 9:50:43 PM org.modeljars.ModelJarInstaller reportProgress
INFO: Downloading ibm_granite_granite_4_1_3b_gguf_q4_k_m: 10% (200.2 MiB of 1.96 GiB)
Sep 17, 2026 9:50:46 PM org.modeljars.ModelJarInstaller reportProgress
INFO: Downloading ibm_granite_granite_4_1_3b_gguf_q4_k_m: 20% (400.5 MiB of 1.96 GiB)
Sep 17, 2026 9:50:48 PM org.modeljars.ModelJarInstaller reportProgress
INFO: Downloading ibm_granite_granite_4_1_3b_gguf_q4_k_m: 30% (600.7 MiB of 1.96 GiB)
Sep 17, 2026 9:50:50 PM org.modeljars.ModelJarInstaller reportProgress
INFO: Downloading ibm_granite_granite_4_1_3b_gguf_q4_k_m: 40% (800.9 MiB of 1.96 GiB)
Sep 17, 2026 9:50:51 PM org.modeljars.ModelJarInstaller reportProgress
INFO: Downloading ibm_granite_granite_4_1_3b_gguf_q4_k_m: 50% (1001.1 MiB of 1.96 GiB)
Sep 17, 2026 9:50:53 PM org.modeljars.ModelJarInstaller reportProgress
INFO: Downloading ibm_granite_granite_4_1_3b_gguf_q4_k_m: 60% (1.17 GiB of 1.96 GiB)
Sep 17, 2026 9:50:54 PM org.modeljars.ModelJarInstaller reportProgress
INFO: Downloading ibm_granite_granite_4_1_3b_gguf_q4_k_m: 70% (1.37 GiB of 1.96 GiB)
Sep 17, 2026 9:50:55 PM org.modeljars.ModelJarInstaller reportProgress
INFO: Downloading ibm_granite_granite_4_1_3b_gguf_q4_k_m: 80% (1.56 GiB of 1.96 GiB)
Sep 17, 2026 9:50:57 PM org.modeljars.ModelJarInstaller reportProgress
INFO: Downloading ibm_granite_granite_4_1_3b_gguf_q4_k_m: 90% (1.76 GiB of 1.96 GiB)
Sep 17, 2026 9:50:58 PM org.modeljars.ModelJarInstaller reportProgress
INFO: Downloading ibm_granite_granite_4_1_3b_gguf_q4_k_m: 100% (1.96 GiB of 1.96 GiB)
Sep 17, 2026 9:50:59 PM org.modeljars.ModelJarInstaller reportProgress
INFO: Download complete; verifying SHA-256 for ibm_granite_granite_4_1_3b_gguf_q4_k_m
Sep 17, 2026 9:51:00 PM org.modeljars.ModelJarInstaller reportProgress
INFO: Model ready in cache: ibm_granite_granite_4_1_3b_gguf_q4_k_m
Sep 17, 2026 9:51:00 PM org.modeljars.ModelJarInstaller reportProgress
INFO: Downloading model modeljars_granite_4_1_3b_answerability_alora_integrallis_f32 (118.8 MiB) to /root/.modeljars/cache/sha256/67/67533dff14cd0cfa9ae0d00e83a9955226426ff1f98f1fd28790b2fd8757eea6/adapter_model.safetensors
Sep 17, 2026 9:51:01 PM org.modeljars.ModelJarInstaller reportProgress
INFO: Downloading modeljars_granite_4_1_3b_answerability_alora_integrallis_f32: 10% (11.9 MiB of 118.8 MiB)
Sep 17, 2026 9:51:01 PM org.modeljars.ModelJarInstaller reportProgress
INFO: Downloading modeljars_granite_4_1_3b_answerability_alora_integrallis_f32: 20% (23.8 MiB of 118.8 MiB)
Sep 17, 2026 9:51:01 PM org.modeljars.ModelJarInstaller reportProgress
INFO: Downloading modeljars_granite_4_1_3b_answerability_alora_integrallis_f32: 30% (35.7 MiB of 118.8 MiB)
Sep 17, 2026 9:51:01 PM org.modeljars.ModelJarInstaller reportProgress
INFO: Downloading modeljars_granite_4_1_3b_answerability_alora_integrallis_f32: 40% (47.5 MiB of 118.8 MiB)
Sep 17, 2026 9:51:01 PM org.modeljars.ModelJarInstaller reportProgress
INFO: Downloading modeljars_granite_4_1_3b_answerability_alora_integrallis_f32: 50% (59.4 MiB of 118.8 MiB)
Sep 17, 2026 9:51:02 PM org.modeljars.ModelJarInstaller reportProgress
INFO: Downloading modeljars_granite_4_1_3b_answerability_alora_integrallis_f32: 60% (71.3 MiB of 118.8 MiB)
Sep 17, 2026 9:51:02 PM org.modeljars.ModelJarInstaller reportProgress
INFO: Downloading modeljars_granite_4_1_3b_answerability_alora_integrallis_f32: 70% (83.2 MiB of 118.8 MiB)
Sep 17, 2026 9:51:02 PM org.modeljars.ModelJarInstaller reportProgress
INFO: Downloading modeljars_granite_4_1_3b_answerability_alora_integrallis_f32: 80% (95.1 MiB of 118.8 MiB)
Sep 17, 2026 9:51:02 PM org.modeljars.ModelJarInstaller reportProgress
INFO: Downloading modeljars_granite_4_1_3b_answerability_alora_integrallis_f32: 90% (107.0 MiB of 118.8 MiB)
Sep 17, 2026 9:51:02 PM org.modeljars.ModelJarInstaller reportProgress
INFO: Downloading modeljars_granite_4_1_3b_answerability_alora_integrallis_f32: 100% (118.8 MiB of 118.8 MiB)
Sep 17, 2026 9:51:02 PM org.modeljars.ModelJarInstaller reportProgress
INFO: Download complete; verifying SHA-256 for modeljars_granite_4_1_3b_answerability_alora_integrallis_f32
Sep 17, 2026 9:51:02 PM org.modeljars.ModelJarInstaller reportProgress
INFO: Downloading model modeljars_granite_4_1_3b_answerability_alora_integrallis_f32 (1.9 KiB) to /root/.modeljars/cache/sha256/67/67533dff14cd0cfa9ae0d00e83a9955226426ff1f98f1fd28790b2fd8757eea6/models-activated-lora.json
Sep 17, 2026 9:51:03 PM org.modeljars.ModelJarInstaller reportProgress
INFO: Downloading modeljars_granite_4_1_3b_answerability_alora_integrallis_f32: 100% (1.9 KiB of 1.9 KiB)
Sep 17, 2026 9:51:03 PM org.modeljars.ModelJarInstaller reportProgress
INFO: Download complete; verifying SHA-256 for modeljars_granite_4_1_3b_answerability_alora_integrallis_f32
Sep 17, 2026 9:51:03 PM org.modeljars.ModelJarInstaller reportProgress
INFO: Downloading model modeljars_granite_4_1_3b_answerability_alora_integrallis_f32 (1.1 KiB) to /root/.modeljars/cache/sha256/67/67533dff14cd0cfa9ae0d00e83a9955226426ff1f98f1fd28790b2fd8757eea6/NOTICE
Sep 17, 2026 9:51:03 PM org.modeljars.ModelJarInstaller reportProgress
INFO: Downloading modeljars_granite_4_1_3b_answerability_alora_integrallis_f32: 100% (1.1 KiB of 1.1 KiB)
Sep 17, 2026 9:51:03 PM org.modeljars.ModelJarInstaller reportProgress
INFO: Download complete; verifying SHA-256 for modeljars_granite_4_1_3b_answerability_alora_integrallis_f32
Sep 17, 2026 9:51:03 PM org.modeljars.ModelJarInstaller reportProgress
INFO: Downloading model modeljars_granite_4_1_3b_answerability_alora_integrallis_f32 (10.5 KiB) to /root/.modeljars/cache/sha256/67/67533dff14cd0cfa9ae0d00e83a9955226426ff1f98f1fd28790b2fd8757eea6/LICENSE
Sep 17, 2026 9:51:03 PM org.modeljars.ModelJarInstaller reportProgress
INFO: Downloading modeljars_granite_4_1_3b_answerability_alora_integrallis_f32: 100% (10.5 KiB of 10.5 KiB)
Sep 17, 2026 9:51:03 PM org.modeljars.ModelJarInstaller reportProgress
INFO: Download complete; verifying SHA-256 for modeljars_granite_4_1_3b_answerability_alora_integrallis_f32
Sep 17, 2026 9:51:03 PM org.modeljars.ModelJarInstaller reportProgress
INFO: Model ready in cache: modeljars_granite_4_1_3b_answerability_alora_integrallis_f32
Sep 17, 2026 9:51:03 PM com.integrallis.vectors.core.PanamaVectorUtilSupportProvider create
INFO: vectors-core: Using Panama Vector API SIMD provider (vector bits: 256 (capped from hardware-preferred 512; raise with -Dvectors.maxBits))
Sep 17, 2026 9:51:03 PM com.integrallis.vectors.core.VectorizationProvider logActiveToggles
INFO: vectors-core: provider=PanamaVectorUtilSupport panama=true maxBits=256 preferredBits=512 fastVectorFMA=true fastScalarFMA=true sve=false ggufParallel=true ggufParallelThreshold=1048576 ggufExecutor=persistent ggufThreads=16 ggufChunksPerThread=2 mappedKQuantLongOffsets=auto(q4=true,q5=false,q6=false) q4ShortPairwiseSupported=true q4UnsignedPairwiseSupported=true toggles=[(defaults — no -Dvectors.* overrides)]
loaded backend=rust-ffm baseCoordinate=org.modeljars.huggingface:ibm-granite.granite-4.1-3b-gguf.q4_k_m:4.1.0-q4_k_m.2 baseSha256=662b0626cd58f443baea23559b469df6576a81d349649c59413b36a9fb32eb29 specialistCoordinate=org.modeljars.github:modeljars.activated-adapters.granite-4.1-3b-answerability-alora-integrallis.f32:1.0.0-f32.2 specialistSha256=67533dff14cd0cfa9ae0d00e83a9955226426ff1f98f1fd28790b2fd8757eea6 minimumSharedPrefixTokens=256 chatTemplate=GRANITE qualificationReportUri=https://github.com/integrallis/models/blob/8dcaa1821eb020f97e07bc7c1dc762f8dbfa4f15/benchmark-results/certified-20260916/rag/granite-4.1-3b-q4_k_m/models-rust-ffm.json millis=25934
public-api-derivation publicApiClassFromCentral=true runtimeTypeOwnedByModelJars=true membersResolvedByRuntime=true backendSelectedByCatalog=true selectedBackend=rust-ffm runViaPublicApi=true
CASE PASS arm=composite suite=squad-v2-dev id=5ad247b0d7d075001a428b45 promptSha256=7aaa491a77e0829b0e34624e86fb5842eaafc797cd548df4984a3eaf5cc7bb04 output="\"unanswerable\"" label=UNANSWERABLE structured=true physicallySharesPrefix=true expectedPhysicalSharing=true sharedPrefixTokens=269 expectedOutput="\"unanswerable\"" expectedSharedPrefixTokens=269 byteIdentical=true uniqueInferenceStateBytes=89150720 millis=8063
CASE PASS arm=control suite=squad-v2-dev id=5ad247b0d7d075001a428b45 promptSha256=7aaa491a77e0829b0e34624e86fb5842eaafc797cd548df4984a3eaf5cc7bb04 output="\"unanswerable\"" label=UNANSWERABLE structured=true physicallySharesPrefix=false expectedPhysicalSharing=false sharedPrefixTokens=0 expectedOutput="\"unanswerable\"" expectedSharedPrefixTokens=0 byteIdentical=true uniqueInferenceStateBytes=167813120 millis=8063
CASE PASS arm=composite suite=squad-v2-dev id=57267640f1498d1400e8e074 promptSha256=c65e890c5141a6b85d4f1c118168e13f4d7c82481e9618d13e2b5e14eb7d8094 output="\"answerable\"" label=ANSWERABLE structured=true physicallySharesPrefix=true expectedPhysicalSharing=true sharedPrefixTokens=386 expectedOutput="\"answerable\"" expectedSharedPrefixTokens=386 byteIdentical=true uniqueInferenceStateBytes=89150720 millis=6735
CASE PASS arm=control suite=squad-v2-dev id=57267640f1498d1400e8e074 promptSha256=c65e890c5141a6b85d4f1c118168e13f4d7c82481e9618d13e2b5e14eb7d8094 output="\"answerable\"" label=ANSWERABLE structured=true physicallySharesPrefix=false expectedPhysicalSharing=false sharedPrefixTokens=0 expectedOutput="\"answerable\"" expectedSharedPrefixTokens=0 byteIdentical=true uniqueInferenceStateBytes=167813120 millis=11361
CASE PASS arm=composite suite=squad-v2-dev id=5737432bc3c5551400e51e9b promptSha256=c7e008f5ad65a56181ec0402c0ab1c6fe162c02c3c6822e0492c8d80e500348e output="\"answerable\"" label=ANSWERABLE structured=true physicallySharesPrefix=true expectedPhysicalSharing=true sharedPrefixTokens=357 expectedOutput="\"answerable\"" expectedSharedPrefixTokens=357 byteIdentical=true uniqueInferenceStateBytes=89150720 millis=6049
CASE PASS arm=control suite=squad-v2-dev id=5737432bc3c5551400e51e9b promptSha256=c7e008f5ad65a56181ec0402c0ab1c6fe162c02c3c6822e0492c8d80e500348e output="\"answerable\"" label=ANSWERABLE structured=true physicallySharesPrefix=false expectedPhysicalSharing=false sharedPrefixTokens=0 expectedOutput="\"answerable\"" expectedSharedPrefixTokens=0 byteIdentical=true uniqueInferenceStateBytes=167813120 millis=10310
CASE PASS arm=composite suite=msmarco-v2.1-validation id=95542 promptSha256=15824a433591f1317836bf7f543a45b046a231c03967e3205ea2e3a5b0b3eba7 output="\"unanswerable\"" label=UNANSWERABLE structured=true physicallySharesPrefix=true expectedPhysicalSharing=true sharedPrefixTokens=776 expectedOutput="\"unanswerable\"" expectedSharedPrefixTokens=776 byteIdentical=true uniqueInferenceStateBytes=173057280 millis=15259
CASE PASS arm=control suite=msmarco-v2.1-validation id=95542 promptSha256=15824a433591f1317836bf7f543a45b046a231c03967e3205ea2e3a5b0b3eba7 output="\"unanswerable\"" label=UNANSWERABLE structured=true physicallySharesPrefix=false expectedPhysicalSharing=false sharedPrefixTokens=0 expectedOutput="\"unanswerable\"" expectedSharedPrefixTokens=0 byteIdentical=true uniqueInferenceStateBytes=335626240 millis=24434
CASE PASS arm=composite suite=msmarco-v2.1-validation id=851555 promptSha256=3b44bd392c387b69415726299a4549dc458308d3392727307a8506d468c22108 output="\"answerable\"" label=ANSWERABLE structured=true physicallySharesPrefix=true expectedPhysicalSharing=true sharedPrefixTokens=1082 expectedOutput="\"answerable\"" expectedSharedPrefixTokens=1082 byteIdentical=true uniqueInferenceStateBytes=340870400 millis=20898
CASE PASS arm=control suite=msmarco-v2.1-validation id=851555 promptSha256=3b44bd392c387b69415726299a4549dc458308d3392727307a8506d468c22108 output="\"answerable\"" label=ANSWERABLE structured=true physicallySharesPrefix=false expectedPhysicalSharing=false sharedPrefixTokens=0 expectedOutput="\"answerable\"" expectedSharedPrefixTokens=0 byteIdentical=true uniqueInferenceStateBytes=671252480 millis=40614
CASE PASS arm=composite suite=msmarco-v2.1-validation id=1067349 promptSha256=9439d5af8c6910825dec9265b435d7a272adc30459bd0c486260e7fd40019121 output="\"answerable\"" label=ANSWERABLE structured=true physicallySharesPrefix=true expectedPhysicalSharing=true sharedPrefixTokens=853 expectedOutput="\"answerable\"" expectedSharedPrefixTokens=853 byteIdentical=true uniqueInferenceStateBytes=173057280 millis=16220
CASE PASS arm=control suite=msmarco-v2.1-validation id=1067349 promptSha256=9439d5af8c6910825dec9265b435d7a272adc30459bd0c486260e7fd40019121 output="\"answerable\"" label=ANSWERABLE structured=true physicallySharesPrefix=false expectedPhysicalSharing=false sharedPrefixTokens=0 expectedOutput="\"answerable\"" expectedSharedPrefixTokens=0 byteIdentical=true uniqueInferenceStateBytes=335626240 millis=29356
MEDIANS controlMedianMillis=17897.500000 compositeMedianMillis=11661.000000 latencyImprovement=0.3484564883363598 controlMedianUniqueInferenceStateBytes=251719680.0 compositeMedianUniqueInferenceStateBytes=131104000.0
wrote /root/composition/evidence/composition-program-report.json
PASS measurements=12 passed=12
