[jbang] [2026-09-17 21:50:00] Using JDK provider(s): CurrentJdkProvider, DefaultJdkProvider, JavaHomeJdkProvider, PathJdkProvider, LinkedJdkProvider, JBangJdkProvider
[jbang] [0:229] Resolving resource ref: CompositionCleanHost.java
[jbang] [0:236] Resolved resource ref as: CompositionCleanHost.java (/opt/modeljars-composition-clean-host/CompositionCleanHost.java)
[jbang] [0:299] Build required as /root/.jbang/cache/jars/CompositionCleanHost.java.72abd2fd7c54917cecdfcdbbcf6fe83d221b958cefeecdff50a328940380cef0/CompositionCleanHost.jar not readable or not found.
[jbang] [2026-09-17 21:50:00] Looking for JDK: 25
[jbang] [2026-09-17 21:50:00] Using JDK: 25 (25.0.4.1+1-LTS [dynamic], current, /opt/java/jdk-25.0.4.1+1, [Ga, Jdk]))
[jbang] [0:313] Resolving artifact(s): org.modeljars:modeljars:0.1.47, com.integrallis:models-runtime:0.3.42, com.integrallis:backend-native:0.3.42, org.modeljars.huggingface:ibm-granite.granite-4.1-3b-gguf.q4_k_m:4.1.0-q4_k_m.2, org.modeljars.github:modeljars.activated-adapters.granite-4.1-3b-answerability-alora-integrallis.f32:1.0.0-f32.2
[jbang] [0:315] Repositories: central=https://repo1.maven.org/maven2/
[jbang] [0:315] Resolving dependencies...
[jbang] [0:319] No netrc file found at: /root/.netrc
[jbang] [0:320] No credentials found for host: repo1.maven.org
[jbang] [0:400]    org.modeljars:modeljars:0.1.47
[jbang] [0:811]    com.integrallis:models-runtime:0.3.42
[jbang] [0:851]    com.integrallis:backend-native:0.3.42
[jbang] [0:891]    org.modeljars.huggingface:ibm-granite.granite-4.1-3b-gguf.q4_k_m:4.1.0-q4_k_m.2
[jbang] [0:929]    org.modeljars.github:modeljars.activated-adapters.granite-4.1-3b-answerability-alora-integrallis.f32:1.0.0-f32.2
[jbang] [0:975]    org.modeljars:modeljars-core:0.1.47
[jbang] [1:005]    com.integrallis:models:0.3.42
[jbang] [1:049]    com.integrallis:models-api:0.3.42
[jbang] [1:085]    com.integrallis:backend-java:0.3.42
[jbang] [1:121]    com.integrallis:vectors-core:0.1.22
[jbang] [1:158]    org.slf4j:slf4j-api:2.0.17
[jbang] [1:196]    org.slf4j:slf4j-parent:2.0.17
[jbang] [1:235]    org.slf4j:slf4j-bom:2.0.17
[jbang] [1:273]    com.fasterxml.jackson.core:jackson-core:2.21.4
[jbang] [1:312]    com.fasterxml.jackson:jackson-base:2.21.4
[jbang] [1:351]    com.fasterxml.jackson:jackson-bom:2.21.4
[jbang] [1:380]    com.fasterxml.jackson:jackson-parent:2.21
[jbang] [1:410]    com.fasterxml:oss-parent:75
[jbang] [1:459]    org.junit:junit-bom:5.14.1
[jbang] [1:505]    com.integrallis:models-audio:0.3.42
[jbang] [35:844] Dependencies resolved
[jbang] [35:871] Resolved artifact(s): org.modeljars:modeljars:jar:0.1.47=/root/.m2/repository/org/modeljars/modeljars/0.1.47/modeljars-0.1.47.jar, org.modeljars:modeljars-core:jar:0.1.47=/root/.m2/repository/org/modeljars/modeljars-core/0.1.47/modeljars-core-0.1.47.jar, com.integrallis:models:jar:0.3.42=/root/.m2/repository/com/integrallis/models/0.3.42/models-0.3.42.jar, com.integrallis:backend-java:jar:0.3.42=/root/.m2/repository/com/integrallis/backend-java/0.3.42/backend-java-0.3.42.jar, com.fasterxml.jackson.core:jackson-core:jar:2.21.4=/root/.m2/repository/com/fasterxml/jackson/core/jackson-core/2.21.4/jackson-core-2.21.4.jar, com.integrallis:models-audio:jar:0.3.42=/root/.m2/repository/com/integrallis/models-audio/0.3.42/models-audio-0.3.42.jar, com.integrallis:models-runtime:jar:0.3.42=/root/.m2/repository/com/integrallis/models-runtime/0.3.42/models-runtime-0.3.42.jar, com.integrallis:models-api:jar:0.3.42=/root/.m2/repository/com/integrallis/models-api/0.3.42/models-api-0.3.42.jar, com.integrallis:backend-native:jar:0.3.42=/root/.m2/repository/com/integrallis/backend-native/0.3.42/backend-native-0.3.42.jar, com.integrallis:vectors-core:jar:0.1.22=/root/.m2/repository/com/integrallis/vectors-core/0.1.22/vectors-core-0.1.22.jar, org.slf4j:slf4j-api:jar:2.0.17=/root/.m2/repository/org/slf4j/slf4j-api/2.0.17/slf4j-api-2.0.17.jar, org.modeljars.huggingface:ibm-granite.granite-4.1-3b-gguf.q4_k_m:jar:4.1.0-q4_k_m.2=/root/.m2/repository/org/modeljars/huggingface/ibm-granite.granite-4.1-3b-gguf.q4_k_m/4.1.0-q4_k_m.2/ibm-granite.granite-4.1-3b-gguf.q4_k_m-4.1.0-q4_k_m.2.jar, org.modeljars.github:modeljars.activated-adapters.granite-4.1-3b-answerability-alora-integrallis.f32:jar:1.0.0-f32.2=/root/.m2/repository/org/modeljars/github/modeljars.activated-adapters.granite-4.1-3b-answerability-alora-integrallis.f32/1.0.0-f32.2/modeljars.activated-adapters.granite-4.1-3b-answerability-alora-integrallis.f32-1.0.0-f32.2.jar
[jbang] [35:897] Building jar for CompositionCleanHost.java...
[jbang] [35:897] Compile: /opt/java/jdk-25.0.4.1+1/bin/javac -g -parameters -classpath /root/.m2/repository/org/modeljars/modeljars/0.1.47/modeljars-0.1.47.jar:/root/.m2/repository/org/modeljars/modeljars-core/0.1.47/modeljars-core-0.1.47.jar:/root/.m2/repository/com/integrallis/models/0.3.42/models-0.3.42.jar:/root/.m2/repository/com/integrallis/backend-java/0.3.42/backend-java-0.3.42.jar:/root/.m2/repository/com/fasterxml/jackson/core/jackson-core/2.21.4/jackson-core-2.21.4.jar:/root/.m2/repository/com/integrallis/models-audio/0.3.42/models-audio-0.3.42.jar:/root/.m2/repository/com/integrallis/models-runtime/0.3.42/models-runtime-0.3.42.jar:/root/.m2/repository/com/integrallis/models-api/0.3.42/models-api-0.3.42.jar:/root/.m2/repository/com/integrallis/backend-native/0.3.42/backend-native-0.3.42.jar:/root/.m2/repository/com/integrallis/vectors-core/0.1.22/vectors-core-0.1.22.jar:/root/.m2/repository/org/slf4j/slf4j-api/2.0.17/slf4j-api-2.0.17.jar:/root/.m2/repository/org/modeljars/huggingface/ibm-granite.granite-4.1-3b-gguf.q4_k_m/4.1.0-q4_k_m.2/ibm-granite.granite-4.1-3b-gguf.q4_k_m-4.1.0-q4_k_m.2.jar:/root/.m2/repository/org/modeljars/github/modeljars.activated-adapters.granite-4.1-3b-answerability-alora-integrallis.f32/1.0.0-f32.2/modeljars.activated-adapters.granite-4.1-3b-answerability-alora-integrallis.f32-1.0.0-f32.2.jar -d /root/.jbang/cache/jars/CompositionCleanHost.java.72abd2fd7c54917cecdfcdbbcf6fe83d221b958cefeecdff50a328940380cef0/classes /opt/modeljars-composition-clean-host/CompositionCleanHost.java
[jbang] [37:049] Package: /opt/java/jdk-25.0.4.1+1/bin/jar cfme /root/.jbang/cache/jars/CompositionCleanHost.java.72abd2fd7c54917cecdfcdbbcf6fe83d221b958cefeecdff50a328940380cef0/CompositionCleanHost.jar /tmp/jbang-manifest16343335635181137398mf CompositionCleanHost -C /root/.jbang/cache/jars/CompositionCleanHost.java.72abd2fd7c54917cecdfcdbbcf6fe83d221b958cefeecdff50a328940380cef0/classes .
[jbang] [37:174] Deleting file /tmp/jbang-manifest16343335635181137398mf
[jbang] [37:175] Deleting folder /root/.jbang/cache/jars/CompositionCleanHost.java.72abd2fd7c54917cecdfcdbbcf6fe83d221b958cefeecdff50a328940380cef0/classes
[jbang] [37:179] Deleting folder /root/.jbang/cache/jars/CompositionCleanHost.java.72abd2fd7c54917cecdfcdbbcf6fe83d221b958cefeecdff50a328940380cef0/generated
