2026-09-17T12:22:08Z models checkout 6063076e476ba7a477e3f6dd966a77b571352d29
2026-09-17T12:23:28Z bootstrap complete
2026-09-17T12:23:50Z fetched /opt/modeljars-runs/granite41-answerability-pilot2/store/models/granite-4.1-3b-Q4_K_M.gguf 662b0626cd58f443baea23559b469df6576a81d349649c59413b36a9fb32eb29
2026-09-17T12:23:50Z fetched /opt/modeljars-runs/granite41-answerability-pilot2/store/tokenizer/chat_template.jinja fed2756d2d24e127b951dcf139d0b03ab7db8ef23a456128ebc9c2db4901d476
2026-09-17T12:23:50Z fetched /opt/modeljars-runs/granite41-answerability-pilot2/store/tokenizer/vocab.json 8af71076de8b0b626eed0f4c984faf0a7c062479164b2a31308a948524d4f69c
2026-09-17T12:23:50Z fetched /opt/modeljars-runs/granite41-answerability-pilot2/store/tokenizer/merges.txt b6fe424e334903f7fb84d3a106d9730455f4744b9fe3c21ee136d97a00e72502
2026-09-17T12:23:50Z fetched /opt/modeljars-runs/granite41-answerability-pilot2/store/tokenizer/special_tokens_map.json c08676c49fd7969a3130f72be6d4bf34da66aa484a6e21dffe359893a1bd5f2e
2026-09-17T12:23:51Z fetched /opt/modeljars-runs/granite41-answerability-pilot2/store/tokenizer/tokenizer_config.json a5ec5daab12ba090a90f3dd169c8f9c275557013a87b9c1258dc7cb497a35c86
2026-09-17T12:23:51Z fetched /opt/modeljars-runs/granite41-answerability-pilot2/store/tokenizer/tokenizer.json e2bad66439538cb4d5a7580680932432ed9ece9d3b8577e675512bdf11599253
2026-09-17T12:23:53Z artifacts complete
2026-09-17T12:23:53Z start smoke3 squad-v2-dev specialist rust-ffm limit=3
2026-09-17T12:24:15Z done smoke3 squad-v2-dev specialist rust-ffm: EXECUTED backend=rust-ffm arm=specialist suite=squad-v2-dev cases=3 structured=1.0000 balancedAccuracy=1.0000 shared=3 complete=false
2026-09-17T12:24:15Z start smoke3 squad-v2-dev specialist pure-java limit=3
2026-09-17T12:25:39Z done smoke3 squad-v2-dev specialist pure-java: EXECUTED backend=pure-java arm=specialist suite=squad-v2-dev cases=3 structured=1.0000 balancedAccuracy=1.0000 shared=3 complete=false
2026-09-17T12:25:39Z start identity10 squad-v2-dev specialist pure-java limit=10
2026-09-17T12:30:45Z done identity10 squad-v2-dev specialist pure-java: EXECUTED backend=pure-java arm=specialist suite=squad-v2-dev cases=10 structured=1.0000 balancedAccuracy=0.9167 shared=10 complete=false
2026-09-17T12:30:45Z start identity10 squad-v2-dev specialist rust-ffm limit=10
2026-09-17T12:31:55Z done identity10 squad-v2-dev specialist rust-ffm: EXECUTED backend=rust-ffm arm=specialist suite=squad-v2-dev cases=10 structured=1.0000 balancedAccuracy=0.9167 shared=10 complete=false
2026-09-17T12:31:55Z start identity10 squad-v2-dev base pure-java limit=10
2026-09-17T12:35:43Z NONZERO exit for identity10 squad-v2-dev base pure-java
2026-09-17T12:35:43Z done identity10 squad-v2-dev base pure-java: EXECUTION-FAILED backend=pure-java arm=base suite=squad-v2-dev cases=10 structured=0.8000 balancedAccuracy=0.7500 shared=0 complete=false
2026-09-17T12:35:43Z start identity10 squad-v2-dev base rust-ffm limit=10
2026-09-17T12:36:29Z NONZERO exit for identity10 squad-v2-dev base rust-ffm
2026-09-17T12:36:29Z done identity10 squad-v2-dev base rust-ffm: EXECUTION-FAILED backend=rust-ffm arm=base suite=squad-v2-dev cases=10 structured=0.6000 balancedAccuracy=0.6667 shared=0 complete=false
2026-09-17T12:36:29Z start identity10 msmarco-v2.1-validation specialist pure-java limit=10
2026-09-17T12:49:30Z done identity10 msmarco-v2.1-validation specialist pure-java: EXECUTED backend=pure-java arm=specialist suite=msmarco-v2.1-validation cases=10 structured=1.0000 balancedAccuracy=0.9167 shared=10 complete=false
2026-09-17T12:49:30Z start identity10 msmarco-v2.1-validation specialist rust-ffm limit=10
2026-09-17T12:53:11Z done identity10 msmarco-v2.1-validation specialist rust-ffm: EXECUTED backend=rust-ffm arm=specialist suite=msmarco-v2.1-validation cases=10 structured=1.0000 balancedAccuracy=0.9167 shared=10 complete=false
2026-09-17T12:53:11Z start identity10 msmarco-v2.1-validation base pure-java limit=10
2026-09-17T13:05:36Z NONZERO exit for identity10 msmarco-v2.1-validation base pure-java
2026-09-17T13:05:36Z done identity10 msmarco-v2.1-validation base pure-java: EXECUTION-FAILED backend=pure-java arm=base suite=msmarco-v2.1-validation cases=10 structured=0.7000 balancedAccuracy=0.4583 shared=0 complete=false
2026-09-17T13:05:36Z start identity10 msmarco-v2.1-validation base rust-ffm limit=10
2026-09-17T13:08:08Z NONZERO exit for identity10 msmarco-v2.1-validation base rust-ffm
2026-09-17T13:08:08Z done identity10 msmarco-v2.1-validation base rust-ffm: EXECUTION-FAILED backend=rust-ffm arm=base suite=msmarco-v2.1-validation cases=10 structured=0.8000 balancedAccuracy=0.6667 shared=0 complete=false
2026-09-17T13:09:09Z junit done: BUILD SUCCESSFUL in 33s
2026-09-17T14:37:12Z done gate5 rust-ffm: PASS specialist=8/8 native=7/8 retained=7/7 exact=8/8 shared=8/8 report=/opt/modeljars-runs/granite41-answerability-pilot2/evidence/gate5-long-context-rust-ffm.json
2026-09-17T16:06:53Z done gate6 pure-java: PASS crossover=256 4k-improvement=64.8% peak-rss=6630875136 report=/opt/modeljars-runs/granite41-answerability-pilot2/evidence/gate6-crossover-pure-java.json
2026-09-17T16:06:53Z start window squad-v2-dev specialist rust-ffm limit=0
2026-09-17T16:22:30Z done window squad-v2-dev specialist rust-ffm: EXECUTED backend=rust-ffm arm=specialist suite=squad-v2-dev cases=200 structured=1.0000 balancedAccuracy=0.8650 shared=200 complete=true
2026-09-17T16:22:30Z start window squad-v2-dev base rust-ffm limit=0
2026-09-17T16:34:23Z NONZERO exit for window squad-v2-dev base rust-ffm
2026-09-17T16:34:23Z done window squad-v2-dev base rust-ffm: EXECUTION-FAILED backend=rust-ffm arm=base suite=squad-v2-dev cases=200 structured=0.7550 balancedAccuracy=0.5350 shared=0 complete=true
2026-09-17T16:34:23Z start window msmarco-v2.1-validation specialist rust-ffm limit=0
2026-09-17T17:17:11Z done window msmarco-v2.1-validation specialist rust-ffm: EXECUTED backend=rust-ffm arm=specialist suite=msmarco-v2.1-validation cases=200 structured=1.0000 balancedAccuracy=0.7250 shared=200 complete=true
2026-09-17T17:17:11Z start window msmarco-v2.1-validation base rust-ffm limit=0
2026-09-17T17:54:33Z NONZERO exit for window msmarco-v2.1-validation base rust-ffm
2026-09-17T17:54:33Z done window msmarco-v2.1-validation base rust-ffm: EXECUTION-FAILED backend=rust-ffm arm=base suite=msmarco-v2.1-validation cases=200 structured=0.7050 balancedAccuracy=0.4350 shared=0 complete=true
ALL-PHASES-DONE
