WARNING: Using incubator modules: jdk.incubator.vector
Sep 17, 2026 5:19:52 PM com.integrallis.vectors.core.PanamaVectorUtilSupportProvider create
INFO: vectors-core: Using Panama Vector API SIMD provider (vector bits: 256 (capped from hardware-preferred 512; raise with -Dvectors.maxBits))
Sep 17, 2026 5:19:52 PM com.integrallis.vectors.core.VectorizationProvider logActiveToggles
INFO: vectors-core: provider=PanamaVectorUtilSupport panama=true maxBits=256 preferredBits=512 fastVectorFMA=true fastScalarFMA=true sve=false ggufParallel=true ggufParallelThreshold=1048576 ggufExecutor=persistent ggufThreads=16 ggufChunksPerThread=2 mappedKQuantLongOffsets=auto(q4=true,q5=false,q6=false) q4ShortPairwiseSupported=true q4UnsignedPairwiseSupported=true toggles=[(defaults — no -Dvectors.* overrides)]
G2-DUMP gsm8k-test-0000 steps=50
G2-DUMP gsm8k-test-0001 steps=50
G2-DUMP gsm8k-test-0002 steps=50
G2-DUMP gsm8k-test-0003 steps=50
G2-DUMP gsm8k-test-0004 steps=50
G2-DUMP gsm8k-test-0005 steps=50
G2-DUMP gsm8k-test-0006 steps=50
G2-DUMP gsm8k-test-0007 steps=50
G2-DUMP gsm8k-test-0008 steps=50
G2-DUMP gsm8k-test-0009 steps=50
G2-DUMP gsm8k-test-0010 steps=50
G2-DUMP gsm8k-test-0011 steps=50
G2-DUMP gsm8k-test-0012 steps=50
G2-DUMP gsm8k-test-0013 steps=50
G2-DUMP gsm8k-test-0014 steps=50
G2-DUMP gsm8k-test-0015 steps=50
G2-DUMP gsm8k-test-0016 steps=50
G2-DUMP gsm8k-test-0017 steps=50
G2-DUMP gsm8k-test-0018 steps=50
G2-DUMP gsm8k-test-0019 steps=50
DONE G2-DUMP items=20 dir=/opt/modeljars-runs/logit-fusion-20260917/work/g2-dump
