WARNING: Using incubator modules: jdk.incubator.vector
Sep 17, 2026 3:07:31 PM com.integrallis.vectors.core.PanamaVectorUtilSupportProvider create
INFO: vectors-core: Using Panama Vector API SIMD provider (vector bits: 256 (capped from hardware-preferred 512; raise with -Dvectors.maxBits))
Sep 17, 2026 3:07:31 PM com.integrallis.vectors.core.VectorizationProvider logActiveToggles
INFO: vectors-core: provider=PanamaVectorUtilSupport panama=true maxBits=256 preferredBits=512 fastVectorFMA=true fastScalarFMA=true sve=false ggufParallel=true ggufParallelThreshold=1048576 ggufExecutor=persistent ggufThreads=16 ggufChunksPerThread=2 mappedKQuantLongOffsets=auto(q4=true,q5=false,q6=false) q4ShortPairwiseSupported=true q4UnsignedPairwiseSupported=true toggles=[(defaults — no -Dvectors.* overrides)]
G1 A e_0 gsm8k-test-0000 identical=true tokens=196/196
G1 A e_0 gsm8k-test-0001 identical=true tokens=130/130
G1 A e_0 gsm8k-test-0002 identical=true tokens=275/275
G1 A e_0 gsm8k-test-0003 identical=true tokens=89/89
G1 A e_0 gsm8k-test-0004 identical=true tokens=279/279
G1 A e_0 gsm8k-test-0005 identical=true tokens=459/459
G1 A e_0 gsm8k-test-0006 identical=true tokens=223/223
G1 A e_0 gsm8k-test-0007 identical=true tokens=318/318
G1 A e_0 gsm8k-test-0008 identical=true tokens=383/383
G1 A e_0 gsm8k-test-0009 identical=true tokens=234/234
G1 A e_0 gsm8k-test-0010 identical=true tokens=171/171
G1 A e_0 gsm8k-test-0011 identical=true tokens=212/212
G1 A e_0 gsm8k-test-0012 identical=true tokens=352/352
G1 A e_0 gsm8k-test-0013 identical=true tokens=435/435
G1 A e_0 gsm8k-test-0014 identical=true tokens=309/309
G1 A e_0 gsm8k-test-0015 identical=true tokens=323/323
G1 A e_0 gsm8k-test-0016 identical=true tokens=335/335
G1 A e_0 gsm8k-test-0017 identical=true tokens=254/254
G1 A e_0 gsm8k-test-0018 identical=true tokens=253/253
G1 A e_0 gsm8k-test-0019 identical=true tokens=478/478
G1 B e_1 gsm8k-test-0000 identical=true tokens=374/374
G1 B e_1 gsm8k-test-0001 identical=true tokens=175/175
G1 B e_1 gsm8k-test-0002 identical=true tokens=362/362
G1 B e_1 gsm8k-test-0003 identical=true tokens=142/142
G1 B e_1 gsm8k-test-0004 identical=true tokens=310/310
G1 B e_1 gsm8k-test-0005 identical=true tokens=441/441
G1 B e_1 gsm8k-test-0006 identical=true tokens=303/303
G1 B e_1 gsm8k-test-0007 identical=true tokens=477/477
G1 B e_1 gsm8k-test-0008 identical=true tokens=543/543
G1 B e_1 gsm8k-test-0009 identical=true tokens=254/254
G1 B e_1 gsm8k-test-0010 identical=true tokens=245/245
G1 B e_1 gsm8k-test-0011 identical=true tokens=240/240
G1 B e_1 gsm8k-test-0012 identical=true tokens=348/348
G1 B e_1 gsm8k-test-0013 identical=true tokens=498/498
G1 B e_1 gsm8k-test-0014 identical=true tokens=303/303
G1 B e_1 gsm8k-test-0015 identical=true tokens=389/389
G1 B e_1 gsm8k-test-0016 identical=true tokens=402/402
G1 B e_1 gsm8k-test-0017 identical=true tokens=226/226
G1 B e_1 gsm8k-test-0018 identical=true tokens=292/292
G1 B e_1 gsm8k-test-0019 identical=true tokens=399/399
G1 C e_2 gsm8k-test-0000 identical=true tokens=246/246
G1 C e_2 gsm8k-test-0001 identical=true tokens=142/142
G1 C e_2 gsm8k-test-0002 identical=true tokens=344/344
G1 C e_2 gsm8k-test-0003 identical=true tokens=201/201
G1 C e_2 gsm8k-test-0004 identical=true tokens=334/334
G1 C e_2 gsm8k-test-0005 identical=true tokens=254/254
G1 C e_2 gsm8k-test-0006 identical=true tokens=282/282
G1 C e_2 gsm8k-test-0007 identical=true tokens=405/405
G1 C e_2 gsm8k-test-0008 identical=true tokens=448/448
G1 C e_2 gsm8k-test-0009 identical=true tokens=291/291
G1 C e_2 gsm8k-test-0010 identical=true tokens=311/311
G1 C e_2 gsm8k-test-0011 identical=true tokens=263/263
G1 C e_2 gsm8k-test-0012 identical=true tokens=385/385
G1 C e_2 gsm8k-test-0013 identical=true tokens=595/595
G1 C e_2 gsm8k-test-0014 identical=true tokens=323/323
G1 C e_2 gsm8k-test-0015 identical=true tokens=377/377
G1 C e_2 gsm8k-test-0016 identical=true tokens=240/240
G1 C e_2 gsm8k-test-0017 identical=true tokens=305/305
G1 C e_2 gsm8k-test-0018 identical=true tokens=243/243
G1 C e_2 gsm8k-test-0019 identical=true tokens=433/433
PASS G1 comparisons=60 report=/opt/modeljars-runs/logit-fusion-20260917/evidence/gate-g1.json
