[0.003s][info][gc,init] CardTable entry size: 512
[0.006s][info][gc     ] Using G1
[0.014s][info][gc,init] Version: 25.0.3+9-LTS (release)
[0.014s][info][gc,init] CPUs: 8 total, 8 available
[0.014s][info][gc,init] Memory: 31335M
[0.014s][info][gc,init] Large Page Support: Disabled
[0.014s][info][gc,init] NUMA Support: Disabled
[0.014s][info][gc,init] Compressed Oops: Enabled (32-bit)
[0.014s][info][gc,init] Heap Region Size: 1M
[0.014s][info][gc,init] Heap Min Capacity: 1G
[0.014s][info][gc,init] Heap Initial Capacity: 1G
[0.014s][info][gc,init] Heap Max Capacity: 1G
[0.014s][info][gc,init] Pre-touch: Disabled
[0.014s][info][gc,init] Parallel Workers: 8
[0.014s][info][gc,init] Concurrent Workers: 2
[0.014s][info][gc,init] Concurrent Refinement Workers: 8
[0.014s][info][gc,init] Periodic GC: Disabled
[0.017s][info][gc,metaspace] CDS archive(s) mapped at: [0x0000000059000000-0x0000000059d95000-0x0000000059d95000), size 14241792, SharedBaseAddress: 0x0000000059000000, ArchiveRelocationMode: 1.
[0.017s][info][gc,metaspace] Compressed class space mapped at: 0x000000005a000000-0x000000009a000000, reserved size: 1073741824
[0.017s][info][gc,metaspace] UseCompressedClassPointers 1, UseCompactObjectHeaders 0
[0.017s][info][gc,metaspace] Narrow klass pointer bits 32, Max shift 3
[0.017s][info][gc,metaspace] Narrow klass base: 0x0000000059000000, Narrow klass shift: 0
[0.017s][info][gc,metaspace] Encoding Range: [0x0000000059000000 - 0x0000000159000000), (4294967296 bytes)
[0.017s][info][gc,metaspace] Klass Range:    [0x0000000059001000 - 0x000000009a000000), (1090514944 bytes)
[0.017s][info][gc,metaspace] Klass ID Range:  [4096 - 1090519033) (1090514937)
[0.017s][info][gc,metaspace] Protection zone: [0x0000000059000000 - 0x0000000059001000), (4096 bytes)
[0.719s][info][gc,start    ] GC(0) Pause Young (Normal) (G1 Evacuation Pause)
[0.720s][info][gc,task     ] GC(0) Using 8 workers of 8 for evacuation
[0.727s][info][gc,phases   ] GC(0)   Pre Evacuate Collection Set: 0.10ms
[0.727s][info][gc,phases   ] GC(0)   Merge Heap Roots: 0.02ms
[0.727s][info][gc,phases   ] GC(0)   Evacuate Collection Set: 6.44ms
[0.727s][info][gc,phases   ] GC(0)   Post Evacuate Collection Set: 0.27ms
[0.727s][info][gc,phases   ] GC(0)   Other: 0.72ms
[0.727s][info][gc,heap     ] GC(0) Eden regions: 51->0(410)
[0.727s][info][gc,heap     ] GC(0) Survivor regions: 0->7(7)
[0.727s][info][gc,heap     ] GC(0) Old regions: 2->20
[0.727s][info][gc,heap     ] GC(0) Humongous regions: 2->0
[0.727s][info][gc,metaspace] GC(0) Metaspace: 1867K(2048K)->1867K(2048K) NonClass: 1699K(1792K)->1699K(1792K) Class: 168K(256K)->168K(256K)
[0.727s][info][gc          ] GC(0) Pause Young (Normal) (G1 Evacuation Pause) 54M->25M(1024M) 7.756ms
[0.727s][info][gc,cpu      ] GC(0) User=0.04s Sys=0.01s Real=0.01s
[1.069s][info][gc,start    ] GC(1) Pause Young (Normal) (G1 Evacuation Pause)
[1.069s][info][gc,task     ] GC(1) Using 8 workers of 8 for evacuation
[1.077s][info][gc,phases   ] GC(1)   Pre Evacuate Collection Set: 0.13ms
[1.078s][info][gc,phases   ] GC(1)   Merge Heap Roots: 0.08ms
[1.078s][info][gc,phases   ] GC(1)   Evacuate Collection Set: 7.55ms
[1.078s][info][gc,phases   ] GC(1)   Post Evacuate Collection Set: 0.39ms
[1.078s][info][gc,phases   ] GC(1)   Other: 0.13ms
[1.078s][info][gc,heap     ] GC(1) Eden regions: 410->0(588)
[1.078s][info][gc,heap     ] GC(1) Survivor regions: 7->26(53)
[1.078s][info][gc,heap     ] GC(1) Old regions: 20->20
[1.078s][info][gc,heap     ] GC(1) Humongous regions: 8->8
[1.078s][info][gc,metaspace] GC(1) Metaspace: 7412K(7680K)->7412K(7680K) NonClass: 6794K(6912K)->6794K(6912K) Class: 618K(768K)->618K(768K)
[1.078s][info][gc          ] GC(1) Pause Young (Normal) (G1 Evacuation Pause) 443M->52M(1024M) 8.470ms
[1.078s][info][gc,cpu      ] GC(1) User=0.05s Sys=0.01s Real=0.01s
[1.292s][info][gc,start    ] GC(2) Pause Young (Normal) (G1 Evacuation Pause)
[1.292s][info][gc,task     ] GC(2) Using 8 workers of 8 for evacuation
[1.299s][info][gc,phases   ] GC(2)   Pre Evacuate Collection Set: 0.17ms
[1.299s][info][gc,phases   ] GC(2)   Merge Heap Roots: 0.08ms
[1.299s][info][gc,phases   ] GC(2)   Evacuate Collection Set: 6.11ms
[1.299s][info][gc,phases   ] GC(2)   Post Evacuate Collection Set: 0.32ms
[1.299s][info][gc,phases   ] GC(2)   Other: 0.14ms
[1.299s][info][gc,heap     ] GC(2) Eden regions: 588->0(591)
[1.299s][info][gc,heap     ] GC(2) Survivor regions: 26->23(77)
[1.299s][info][gc,heap     ] GC(2) Old regions: 20->20
[1.299s][info][gc,heap     ] GC(2) Humongous regions: 8->8
[1.299s][info][gc,metaspace] GC(2) Metaspace: 7417K(7680K)->7417K(7680K) NonClass: 6799K(6912K)->6799K(6912K) Class: 618K(768K)->618K(768K)
[1.299s][info][gc          ] GC(2) Pause Young (Normal) (G1 Evacuation Pause) 640M->49M(1024M) 6.981ms
[1.299s][info][gc,cpu      ] GC(2) User=0.04s Sys=0.01s Real=0.01s
[1.554s][info][gc,start    ] GC(3) Pause Young (Normal) (G1 Evacuation Pause)
[1.554s][info][gc,task     ] GC(3) Using 8 workers of 8 for evacuation
[1.560s][info][gc,phases   ] GC(3)   Pre Evacuate Collection Set: 0.17ms
[1.560s][info][gc,phases   ] GC(3)   Merge Heap Roots: 0.12ms
[1.560s][info][gc,phases   ] GC(3)   Evacuate Collection Set: 4.73ms
[1.560s][info][gc,phases   ] GC(3)   Post Evacuate Collection Set: 0.34ms
[1.560s][info][gc,phases   ] GC(3)   Other: 0.08ms
[1.560s][info][gc,heap     ] GC(3) Eden regions: 591->0(591)
[1.560s][info][gc,heap     ] GC(3) Survivor regions: 23->23(77)
[1.560s][info][gc,heap     ] GC(3) Old regions: 20->20
[1.560s][info][gc,heap     ] GC(3) Humongous regions: 8->8
[1.560s][info][gc,metaspace] GC(3) Metaspace: 7526K(7744K)->7526K(7744K) NonClass: 6888K(6976K)->6888K(6976K) Class: 637K(768K)->637K(768K)
[1.560s][info][gc          ] GC(3) Pause Young (Normal) (G1 Evacuation Pause) 640M->49M(1024M) 5.579ms
[1.560s][info][gc,cpu      ] GC(3) User=0.04s Sys=0.00s Real=0.00s
[7.086s][info][gc,start    ] GC(4) Pause Young (Normal) (G1 Evacuation Pause)
[7.086s][info][gc,task     ] GC(4) Using 8 workers of 8 for evacuation
[7.091s][info][gc,phases   ] GC(4)   Pre Evacuate Collection Set: 0.14ms
[7.091s][info][gc,phases   ] GC(4)   Merge Heap Roots: 0.09ms
[7.091s][info][gc,phases   ] GC(4)   Evacuate Collection Set: 4.32ms
[7.091s][info][gc,phases   ] GC(4)   Post Evacuate Collection Set: 0.41ms
[7.091s][info][gc,phases   ] GC(4)   Other: 0.08ms
[7.091s][info][gc,heap     ] GC(4) Eden regions: 591->0(591)
[7.091s][info][gc,heap     ] GC(4) Survivor regions: 23->23(77)
[7.091s][info][gc,heap     ] GC(4) Old regions: 20->20
[7.091s][info][gc,heap     ] GC(4) Humongous regions: 22->16
[7.091s][info][gc,metaspace] GC(4) Metaspace: 7701K(8000K)->7701K(8000K) NonClass: 7052K(7232K)->7052K(7232K) Class: 648K(768K)->648K(768K)
[7.091s][info][gc          ] GC(4) Pause Young (Normal) (G1 Evacuation Pause) 654M->56M(1024M) 5.197ms
[7.091s][info][gc,cpu      ] GC(4) User=0.04s Sys=0.00s Real=0.00s
[7.751s][info][gc,start    ] GC(5) Pause Young (Normal) (G1 Evacuation Pause)
[7.751s][info][gc,task     ] GC(5) Using 8 workers of 8 for evacuation
[7.757s][info][gc,phases   ] GC(5)   Pre Evacuate Collection Set: 0.13ms
[7.757s][info][gc,phases   ] GC(5)   Merge Heap Roots: 0.08ms
[7.757s][info][gc,phases   ] GC(5)   Evacuate Collection Set: 4.79ms
[7.757s][info][gc,phases   ] GC(5)   Post Evacuate Collection Set: 0.41ms
[7.757s][info][gc,phases   ] GC(5)   Other: 0.11ms
[7.757s][info][gc,heap     ] GC(5) Eden regions: 591->0(593)
[7.757s][info][gc,heap     ] GC(5) Survivor regions: 23->21(77)
[7.757s][info][gc,heap     ] GC(5) Old regions: 20->20
[7.757s][info][gc,heap     ] GC(5) Humongous regions: 30->22
[7.757s][info][gc,metaspace] GC(5) Metaspace: 7703K(8000K)->7703K(8000K) NonClass: 7054K(7232K)->7054K(7232K) Class: 648K(768K)->648K(768K)
[7.757s][info][gc          ] GC(5) Pause Young (Normal) (G1 Evacuation Pause) 661M->61M(1024M) 5.705ms
[7.757s][info][gc,cpu      ] GC(5) User=0.03s Sys=0.01s Real=0.01s
[7.931s][info][gc,start    ] GC(6) Pause Young (Normal) (G1 Evacuation Pause)
[7.931s][info][gc,task     ] GC(6) Using 8 workers of 8 for evacuation
[7.936s][info][gc,phases   ] GC(6)   Pre Evacuate Collection Set: 0.12ms
[7.936s][info][gc,phases   ] GC(6)   Merge Heap Roots: 0.08ms
[7.936s][info][gc,phases   ] GC(6)   Evacuate Collection Set: 3.98ms
[7.936s][info][gc,phases   ] GC(6)   Post Evacuate Collection Set: 0.39ms
[7.936s][info][gc,phases   ] GC(6)   Other: 0.09ms
[7.936s][info][gc,heap     ] GC(6) Eden regions: 593->0(592)
[7.936s][info][gc,heap     ] GC(6) Survivor regions: 21->22(77)
[7.936s][info][gc,heap     ] GC(6) Old regions: 20->20
[7.936s][info][gc,heap     ] GC(6) Humongous regions: 22->22
[7.936s][info][gc,metaspace] GC(6) Metaspace: 7712K(8000K)->7712K(8000K) NonClass: 7064K(7232K)->7064K(7232K) Class: 648K(768K)->648K(768K)
[7.936s][info][gc          ] GC(6) Pause Young (Normal) (G1 Evacuation Pause) 654M->62M(1024M) 4.827ms
[7.936s][info][gc,cpu      ] GC(6) User=0.04s Sys=0.00s Real=0.01s
[8.107s][info][gc,start    ] GC(7) Pause Young (Normal) (G1 Evacuation Pause)
[8.107s][info][gc,task     ] GC(7) Using 8 workers of 8 for evacuation
[8.112s][info][gc,phases   ] GC(7)   Pre Evacuate Collection Set: 0.13ms
[8.112s][info][gc,phases   ] GC(7)   Merge Heap Roots: 0.08ms
[8.112s][info][gc,phases   ] GC(7)   Evacuate Collection Set: 4.42ms
[8.112s][info][gc,phases   ] GC(7)   Post Evacuate Collection Set: 0.42ms
[8.112s][info][gc,phases   ] GC(7)   Other: 0.08ms
[8.112s][info][gc,heap     ] GC(7) Eden regions: 592->0(591)
[8.112s][info][gc,heap     ] GC(7) Survivor regions: 22->23(77)
[8.112s][info][gc,heap     ] GC(7) Old regions: 20->20
[8.112s][info][gc,heap     ] GC(7) Humongous regions: 22->22
[8.112s][info][gc,metaspace] GC(7) Metaspace: 7712K(8000K)->7712K(8000K) NonClass: 7064K(7232K)->7064K(7232K) Class: 648K(768K)->648K(768K)
[8.112s][info][gc          ] GC(7) Pause Young (Normal) (G1 Evacuation Pause) 654M->63M(1024M) 5.289ms
[8.112s][info][gc,cpu      ] GC(7) User=0.04s Sys=0.00s Real=0.00s
[8.296s][info][gc,start    ] GC(8) Pause Young (Normal) (G1 Evacuation Pause)
[8.296s][info][gc,task     ] GC(8) Using 8 workers of 8 for evacuation
[8.301s][info][gc,phases   ] GC(8)   Pre Evacuate Collection Set: 0.14ms
[8.301s][info][gc,phases   ] GC(8)   Merge Heap Roots: 0.08ms
[8.301s][info][gc,phases   ] GC(8)   Evacuate Collection Set: 4.44ms
[8.301s][info][gc,phases   ] GC(8)   Post Evacuate Collection Set: 0.52ms
[8.301s][info][gc,phases   ] GC(8)   Other: 0.14ms
[8.301s][info][gc,heap     ] GC(8) Eden regions: 591->0(592)
[8.301s][info][gc,heap     ] GC(8) Survivor regions: 23->22(77)
[8.301s][info][gc,heap     ] GC(8) Old regions: 20->20
[8.301s][info][gc,heap     ] GC(8) Humongous regions: 22->22
[8.301s][info][gc,metaspace] GC(8) Metaspace: 7713K(8000K)->7713K(8000K) NonClass: 7064K(7232K)->7064K(7232K) Class: 648K(768K)->648K(768K)
[8.301s][info][gc          ] GC(8) Pause Young (Normal) (G1 Evacuation Pause) 654M->62M(1024M) 5.487ms
[8.301s][info][gc,cpu      ] GC(8) User=0.03s Sys=0.00s Real=0.00s
[8.484s][info][gc,start    ] GC(9) Pause Young (Normal) (G1 Evacuation Pause)
[8.484s][info][gc,task     ] GC(9) Using 8 workers of 8 for evacuation
[8.489s][info][gc,phases   ] GC(9)   Pre Evacuate Collection Set: 0.12ms
[8.489s][info][gc,phases   ] GC(9)   Merge Heap Roots: 0.08ms
[8.489s][info][gc,phases   ] GC(9)   Evacuate Collection Set: 4.07ms
[8.489s][info][gc,phases   ] GC(9)   Post Evacuate Collection Set: 0.36ms
[8.489s][info][gc,phases   ] GC(9)   Other: 0.08ms
[8.489s][info][gc,heap     ] GC(9) Eden regions: 592->0(593)
[8.489s][info][gc,heap     ] GC(9) Survivor regions: 22->21(77)
[8.489s][info][gc,heap     ] GC(9) Old regions: 20->20
[8.489s][info][gc,heap     ] GC(9) Humongous regions: 22->22
[8.489s][info][gc,metaspace] GC(9) Metaspace: 7713K(8000K)->7713K(8000K) NonClass: 7064K(7232K)->7064K(7232K) Class: 648K(768K)->648K(768K)
[8.489s][info][gc          ] GC(9) Pause Young (Normal) (G1 Evacuation Pause) 654M->61M(1024M) 4.887ms
[8.489s][info][gc,cpu      ] GC(9) User=0.03s Sys=0.00s Real=0.00s
[8.678s][info][gc,start    ] GC(10) Pause Young (Normal) (G1 Evacuation Pause)
[8.678s][info][gc,task     ] GC(10) Using 8 workers of 8 for evacuation
[8.683s][info][gc,phases   ] GC(10)   Pre Evacuate Collection Set: 0.11ms
[8.683s][info][gc,phases   ] GC(10)   Merge Heap Roots: 0.06ms
[8.683s][info][gc,phases   ] GC(10)   Evacuate Collection Set: 4.03ms
[8.683s][info][gc,phases   ] GC(10)   Post Evacuate Collection Set: 0.38ms
[8.683s][info][gc,phases   ] GC(10)   Other: 0.07ms
[8.683s][info][gc,heap     ] GC(10) Eden regions: 593->0(592)
[8.683s][info][gc,heap     ] GC(10) Survivor regions: 21->22(77)
[8.683s][info][gc,heap     ] GC(10) Old regions: 20->20
[8.683s][info][gc,heap     ] GC(10) Humongous regions: 22->22
[8.683s][info][gc,metaspace] GC(10) Metaspace: 7713K(8000K)->7713K(8000K) NonClass: 7064K(7232K)->7064K(7232K) Class: 648K(768K)->648K(768K)
[8.683s][info][gc          ] GC(10) Pause Young (Normal) (G1 Evacuation Pause) 654M->62M(1024M) 4.843ms
[8.683s][info][gc,cpu      ] GC(10) User=0.04s Sys=0.01s Real=0.00s
[14.671s][info][gc,start    ] GC(11) Pause Young (Normal) (G1 Evacuation Pause)
[14.671s][info][gc,task     ] GC(11) Using 8 workers of 8 for evacuation
[14.676s][info][gc,phases   ] GC(11)   Pre Evacuate Collection Set: 0.12ms
[14.676s][info][gc,phases   ] GC(11)   Merge Heap Roots: 0.08ms
[14.676s][info][gc,phases   ] GC(11)   Evacuate Collection Set: 4.21ms
[14.676s][info][gc,phases   ] GC(11)   Post Evacuate Collection Set: 0.41ms
[14.676s][info][gc,phases   ] GC(11)   Other: 0.08ms
[14.676s][info][gc,heap     ] GC(11) Eden regions: 592->0(592)
[14.676s][info][gc,heap     ] GC(11) Survivor regions: 22->22(77)
[14.676s][info][gc,heap     ] GC(11) Old regions: 20->20
[14.676s][info][gc,heap     ] GC(11) Humongous regions: 22->22
[14.676s][info][gc,metaspace] GC(11) Metaspace: 7781K(8064K)->7781K(8064K) NonClass: 7128K(7296K)->7128K(7296K) Class: 653K(768K)->653K(768K)
[14.676s][info][gc          ] GC(11) Pause Young (Normal) (G1 Evacuation Pause) 654M->61M(1024M) 5.076ms
[14.676s][info][gc,cpu      ] GC(11) User=0.03s Sys=0.00s Real=0.01s
[20.350s][info][gc,start    ] GC(12) Pause Young (Normal) (G1 Evacuation Pause)
[20.350s][info][gc,task     ] GC(12) Using 8 workers of 8 for evacuation
[20.355s][info][gc,phases   ] GC(12)   Pre Evacuate Collection Set: 0.11ms
[20.355s][info][gc,phases   ] GC(12)   Merge Heap Roots: 0.07ms
[20.355s][info][gc,phases   ] GC(12)   Evacuate Collection Set: 4.02ms
[20.355s][info][gc,phases   ] GC(12)   Post Evacuate Collection Set: 0.38ms
[20.355s][info][gc,phases   ] GC(12)   Other: 0.08ms
[20.355s][info][gc,heap     ] GC(12) Eden regions: 592->0(592)
[20.355s][info][gc,heap     ] GC(12) Survivor regions: 22->22(77)
[20.355s][info][gc,heap     ] GC(12) Old regions: 20->20
[20.355s][info][gc,heap     ] GC(12) Humongous regions: 22->22
[20.355s][info][gc,metaspace] GC(12) Metaspace: 7799K(8064K)->7799K(8064K) NonClass: 7145K(7296K)->7145K(7296K) Class: 653K(768K)->653K(768K)
[20.355s][info][gc          ] GC(12) Pause Young (Normal) (G1 Evacuation Pause) 653M->62M(1024M) 4.837ms
[20.355s][info][gc,cpu      ] GC(12) User=0.04s Sys=0.00s Real=0.01s
[20.820s][info][gc,start    ] GC(13) Pause Young (Normal) (G1 Evacuation Pause)
[20.820s][info][gc,task     ] GC(13) Using 8 workers of 8 for evacuation
[20.825s][info][gc,phases   ] GC(13)   Pre Evacuate Collection Set: 0.11ms
[20.825s][info][gc,phases   ] GC(13)   Merge Heap Roots: 0.07ms
[20.825s][info][gc,phases   ] GC(13)   Evacuate Collection Set: 4.04ms
[20.825s][info][gc,phases   ] GC(13)   Post Evacuate Collection Set: 0.44ms
[20.825s][info][gc,phases   ] GC(13)   Other: 0.44ms
[20.825s][info][gc,heap     ] GC(13) Eden regions: 592->0(592)
[20.825s][info][gc,heap     ] GC(13) Survivor regions: 22->22(77)
[20.825s][info][gc,heap     ] GC(13) Old regions: 20->20
[20.825s][info][gc,heap     ] GC(13) Humongous regions: 22->22
[20.825s][info][gc,metaspace] GC(13) Metaspace: 7799K(8064K)->7799K(8064K) NonClass: 7146K(7296K)->7146K(7296K) Class: 653K(768K)->653K(768K)
[20.825s][info][gc          ] GC(13) Pause Young (Normal) (G1 Evacuation Pause) 654M->61M(1024M) 5.263ms
[20.825s][info][gc,cpu      ] GC(13) User=0.03s Sys=0.00s Real=0.01s
[26.442s][info][gc,start    ] GC(14) Pause Young (Normal) (G1 Evacuation Pause)
[26.442s][info][gc,task     ] GC(14) Using 8 workers of 8 for evacuation
[26.447s][info][gc,phases   ] GC(14)   Pre Evacuate Collection Set: 0.11ms
[26.447s][info][gc,phases   ] GC(14)   Merge Heap Roots: 0.07ms
[26.447s][info][gc,phases   ] GC(14)   Evacuate Collection Set: 4.07ms
[26.447s][info][gc,phases   ] GC(14)   Post Evacuate Collection Set: 0.42ms
[26.447s][info][gc,phases   ] GC(14)   Other: 0.11ms
[26.447s][info][gc,heap     ] GC(14) Eden regions: 592->0(592)
[26.447s][info][gc,heap     ] GC(14) Survivor regions: 22->22(77)
[26.447s][info][gc,heap     ] GC(14) Old regions: 20->20
[26.447s][info][gc,heap     ] GC(14) Humongous regions: 22->22
[26.447s][info][gc,metaspace] GC(14) Metaspace: 7818K(8128K)->7818K(8128K) NonClass: 7165K(7360K)->7165K(7360K) Class: 653K(768K)->653K(768K)
[26.447s][info][gc          ] GC(14) Pause Young (Normal) (G1 Evacuation Pause) 653M->61M(1024M) 4.953ms
[26.447s][info][gc,cpu      ] GC(14) User=0.04s Sys=0.00s Real=0.01s
[26.700s][info][gc,start    ] GC(15) Pause Young (Normal) (G1 Evacuation Pause)
[26.700s][info][gc,task     ] GC(15) Using 8 workers of 8 for evacuation
[26.705s][info][gc,phases   ] GC(15)   Pre Evacuate Collection Set: 0.12ms
[26.705s][info][gc,phases   ] GC(15)   Merge Heap Roots: 0.07ms
[26.705s][info][gc,phases   ] GC(15)   Evacuate Collection Set: 4.28ms
[26.705s][info][gc,phases   ] GC(15)   Post Evacuate Collection Set: 0.41ms
[26.705s][info][gc,phases   ] GC(15)   Other: 0.09ms
[26.705s][info][gc,heap     ] GC(15) Eden regions: 592->0(596)
[26.705s][info][gc,heap     ] GC(15) Survivor regions: 22->18(77)
[26.705s][info][gc,heap     ] GC(15) Old regions: 20->23
[26.705s][info][gc,heap     ] GC(15) Humongous regions: 22->22
[26.705s][info][gc,metaspace] GC(15) Metaspace: 7818K(8128K)->7818K(8128K) NonClass: 7165K(7360K)->7165K(7360K) Class: 653K(768K)->653K(768K)
[26.705s][info][gc          ] GC(15) Pause Young (Normal) (G1 Evacuation Pause) 653M->61M(1024M) 5.134ms
[26.705s][info][gc,cpu      ] GC(15) User=0.03s Sys=0.00s Real=0.01s
[26.949s][info][gc,start    ] GC(16) Pause Young (Normal) (G1 Evacuation Pause)
[26.949s][info][gc,task     ] GC(16) Using 8 workers of 8 for evacuation
[26.954s][info][gc,phases   ] GC(16)   Pre Evacuate Collection Set: 0.15ms
[26.954s][info][gc,phases   ] GC(16)   Merge Heap Roots: 0.07ms
[26.954s][info][gc,phases   ] GC(16)   Evacuate Collection Set: 3.96ms
[26.954s][info][gc,phases   ] GC(16)   Post Evacuate Collection Set: 0.32ms
[26.954s][info][gc,phases   ] GC(16)   Other: 0.08ms
[26.954s][info][gc,heap     ] GC(16) Eden regions: 596->0(611)
[26.954s][info][gc,heap     ] GC(16) Survivor regions: 18->3(77)
[26.954s][info][gc,heap     ] GC(16) Old regions: 23->41
[26.954s][info][gc,heap     ] GC(16) Humongous regions: 22->22
[26.954s][info][gc,metaspace] GC(16) Metaspace: 7818K(8128K)->7818K(8128K) NonClass: 7165K(7360K)->7165K(7360K) Class: 653K(768K)->653K(768K)
[26.954s][info][gc          ] GC(16) Pause Young (Normal) (G1 Evacuation Pause) 657M->64M(1024M) 4.739ms
[26.954s][info][gc,cpu      ] GC(16) User=0.02s Sys=0.01s Real=0.00s
[27.204s][info][gc,start    ] GC(17) Pause Young (Normal) (G1 Evacuation Pause)
[27.204s][info][gc,task     ] GC(17) Using 8 workers of 8 for evacuation
[27.205s][info][gc,phases   ] GC(17)   Pre Evacuate Collection Set: 0.15ms
[27.205s][info][gc,phases   ] GC(17)   Merge Heap Roots: 0.06ms
[27.205s][info][gc,phases   ] GC(17)   Evacuate Collection Set: 0.24ms
[27.205s][info][gc,phases   ] GC(17)   Post Evacuate Collection Set: 0.24ms
[27.205s][info][gc,phases   ] GC(17)   Other: 0.09ms
[27.205s][info][gc,heap     ] GC(17) Eden regions: 611->0(613)
[27.205s][info][gc,heap     ] GC(17) Survivor regions: 3->1(77)
[27.205s][info][gc,heap     ] GC(17) Old regions: 41->41
[27.205s][info][gc,heap     ] GC(17) Humongous regions: 22->22
[27.205s][info][gc,metaspace] GC(17) Metaspace: 7818K(8128K)->7818K(8128K) NonClass: 7165K(7360K)->7165K(7360K) Class: 653K(768K)->653K(768K)
[27.205s][info][gc          ] GC(17) Pause Young (Normal) (G1 Evacuation Pause) 675M->62M(1024M) 0.942ms
[27.205s][info][gc,cpu      ] GC(17) User=0.00s Sys=0.00s Real=0.00s
[32.784s][info][gc,start    ] GC(18) Pause Young (Normal) (G1 Evacuation Pause)
[32.784s][info][gc,task     ] GC(18) Using 8 workers of 8 for evacuation
[32.784s][info][gc,phases   ] GC(18)   Pre Evacuate Collection Set: 0.12ms
[32.784s][info][gc,phases   ] GC(18)   Merge Heap Roots: 0.07ms
[32.784s][info][gc,phases   ] GC(18)   Evacuate Collection Set: 0.25ms
[32.784s][info][gc,phases   ] GC(18)   Post Evacuate Collection Set: 0.25ms
[32.784s][info][gc,phases   ] GC(18)   Other: 0.11ms
[32.784s][info][gc,heap     ] GC(18) Eden regions: 613->0(613)
[32.784s][info][gc,heap     ] GC(18) Survivor regions: 1->1(77)
[32.784s][info][gc,heap     ] GC(18) Old regions: 41->41
[32.784s][info][gc,heap     ] GC(18) Humongous regions: 22->22
[32.784s][info][gc,metaspace] GC(18) Metaspace: 7822K(8128K)->7822K(8128K) NonClass: 7169K(7360K)->7169K(7360K) Class: 653K(768K)->653K(768K)
[32.784s][info][gc          ] GC(18) Pause Young (Normal) (G1 Evacuation Pause) 675M->62M(1024M) 0.947ms
[32.784s][info][gc,cpu      ] GC(18) User=0.01s Sys=0.00s Real=0.01s
[33.263s][info][gc,start    ] GC(19) Pause Young (Normal) (G1 Evacuation Pause)
[33.263s][info][gc,task     ] GC(19) Using 8 workers of 8 for evacuation
[33.264s][info][gc,phases   ] GC(19)   Pre Evacuate Collection Set: 0.12ms
[33.264s][info][gc,phases   ] GC(19)   Merge Heap Roots: 0.07ms
[33.264s][info][gc,phases   ] GC(19)   Evacuate Collection Set: 0.40ms
[33.264s][info][gc,phases   ] GC(19)   Post Evacuate Collection Set: 0.25ms
[33.264s][info][gc,phases   ] GC(19)   Other: 0.09ms
[33.264s][info][gc,heap     ] GC(19) Eden regions: 613->0(613)
[33.264s][info][gc,heap     ] GC(19) Survivor regions: 1->1(77)
[33.264s][info][gc,heap     ] GC(19) Old regions: 41->42
[33.264s][info][gc,heap     ] GC(19) Humongous regions: 22->22
[33.264s][info][gc,metaspace] GC(19) Metaspace: 7822K(8128K)->7822K(8128K) NonClass: 7169K(7360K)->7169K(7360K) Class: 653K(768K)->653K(768K)
[33.264s][info][gc          ] GC(19) Pause Young (Normal) (G1 Evacuation Pause) 675M->62M(1024M) 1.121ms
[33.264s][info][gc,cpu      ] GC(19) User=0.00s Sys=0.00s Real=0.01s
[38.932s][info][gc,start    ] GC(20) Pause Young (Normal) (G1 Evacuation Pause)
[38.932s][info][gc,task     ] GC(20) Using 8 workers of 8 for evacuation
[38.932s][info][gc,phases   ] GC(20)   Pre Evacuate Collection Set: 0.11ms
[38.932s][info][gc,phases   ] GC(20)   Merge Heap Roots: 0.07ms
[38.932s][info][gc,phases   ] GC(20)   Evacuate Collection Set: 0.17ms
[38.932s][info][gc,phases   ] GC(20)   Post Evacuate Collection Set: 0.27ms
[38.932s][info][gc,phases   ] GC(20)   Other: 0.07ms
[38.932s][info][gc,heap     ] GC(20) Eden regions: 613->0(613)
[38.932s][info][gc,heap     ] GC(20) Survivor regions: 1->1(77)
[38.932s][info][gc,heap     ] GC(20) Old regions: 42->42
[38.932s][info][gc,heap     ] GC(20) Humongous regions: 22->22
[38.932s][info][gc,metaspace] GC(20) Metaspace: 7837K(8128K)->7837K(8128K) NonClass: 7183K(7360K)->7183K(7360K) Class: 653K(768K)->653K(768K)
[38.932s][info][gc          ] GC(20) Pause Young (Normal) (G1 Evacuation Pause) 675M->62M(1024M) 0.829ms
[38.932s][info][gc,cpu      ] GC(20) User=0.00s Sys=0.00s Real=0.00s
[39.395s][info][gc,start    ] GC(21) Pause Young (Normal) (G1 Evacuation Pause)
[39.395s][info][gc,task     ] GC(21) Using 8 workers of 8 for evacuation
[39.396s][info][gc,phases   ] GC(21)   Pre Evacuate Collection Set: 0.14ms
[39.396s][info][gc,phases   ] GC(21)   Merge Heap Roots: 0.09ms
[39.396s][info][gc,phases   ] GC(21)   Evacuate Collection Set: 0.14ms
[39.396s][info][gc,phases   ] GC(21)   Post Evacuate Collection Set: 0.21ms
[39.396s][info][gc,phases   ] GC(21)   Other: 0.07ms
[39.396s][info][gc,heap     ] GC(21) Eden regions: 613->0(613)
[39.396s][info][gc,heap     ] GC(21) Survivor regions: 1->1(77)
[39.396s][info][gc,heap     ] GC(21) Old regions: 42->42
[39.396s][info][gc,heap     ] GC(21) Humongous regions: 22->22
[39.396s][info][gc,metaspace] GC(21) Metaspace: 7837K(8128K)->7837K(8128K) NonClass: 7183K(7360K)->7183K(7360K) Class: 653K(768K)->653K(768K)
[39.396s][info][gc          ] GC(21) Pause Young (Normal) (G1 Evacuation Pause) 675M->62M(1024M) 0.827ms
[39.396s][info][gc,cpu      ] GC(21) User=0.00s Sys=0.00s Real=0.00s
[44.908s][info][gc,start    ] GC(22) Pause Young (Normal) (G1 Evacuation Pause)
[44.908s][info][gc,task     ] GC(22) Using 8 workers of 8 for evacuation
[44.908s][info][gc,phases   ] GC(22)   Pre Evacuate Collection Set: 0.10ms
[44.908s][info][gc,phases   ] GC(22)   Merge Heap Roots: 0.06ms
[44.908s][info][gc,phases   ] GC(22)   Evacuate Collection Set: 0.19ms
[44.908s][info][gc,phases   ] GC(22)   Post Evacuate Collection Set: 0.23ms
[44.908s][info][gc,phases   ] GC(22)   Other: 0.09ms
[44.908s][info][gc,heap     ] GC(22) Eden regions: 613->0(613)
[44.908s][info][gc,heap     ] GC(22) Survivor regions: 1->1(77)
[44.908s][info][gc,heap     ] GC(22) Old regions: 42->42
[44.908s][info][gc,heap     ] GC(22) Humongous regions: 22->22
[44.908s][info][gc,metaspace] GC(22) Metaspace: 7841K(8128K)->7841K(8128K) NonClass: 7187K(7360K)->7187K(7360K) Class: 653K(768K)->653K(768K)
[44.908s][info][gc          ] GC(22) Pause Young (Normal) (G1 Evacuation Pause) 675M->62M(1024M) 0.811ms
[44.908s][info][gc,cpu      ] GC(22) User=0.00s Sys=0.01s Real=0.00s
[45.161s][info][gc,start    ] GC(23) Pause Young (Normal) (G1 Evacuation Pause)
[45.161s][info][gc,task     ] GC(23) Using 8 workers of 8 for evacuation
[45.162s][info][gc,phases   ] GC(23)   Pre Evacuate Collection Set: 0.10ms
[45.162s][info][gc,phases   ] GC(23)   Merge Heap Roots: 0.05ms
[45.162s][info][gc,phases   ] GC(23)   Evacuate Collection Set: 0.15ms
[45.162s][info][gc,phases   ] GC(23)   Post Evacuate Collection Set: 0.24ms
[45.162s][info][gc,phases   ] GC(23)   Other: 0.07ms
[45.162s][info][gc,heap     ] GC(23) Eden regions: 613->0(613)
[45.162s][info][gc,heap     ] GC(23) Survivor regions: 1->1(77)
[45.162s][info][gc,heap     ] GC(23) Old regions: 42->42
[45.162s][info][gc,heap     ] GC(23) Humongous regions: 22->22
[45.162s][info][gc,metaspace] GC(23) Metaspace: 7841K(8128K)->7841K(8128K) NonClass: 7187K(7360K)->7187K(7360K) Class: 653K(768K)->653K(768K)
[45.162s][info][gc          ] GC(23) Pause Young (Normal) (G1 Evacuation Pause) 675M->62M(1024M) 0.764ms
[45.162s][info][gc,cpu      ] GC(23) User=0.00s Sys=0.00s Real=0.00s
[45.411s][info][gc,start    ] GC(24) Pause Young (Normal) (G1 Evacuation Pause)
[45.411s][info][gc,task     ] GC(24) Using 8 workers of 8 for evacuation
[45.412s][info][gc,phases   ] GC(24)   Pre Evacuate Collection Set: 0.10ms
[45.412s][info][gc,phases   ] GC(24)   Merge Heap Roots: 0.06ms
[45.412s][info][gc,phases   ] GC(24)   Evacuate Collection Set: 0.15ms
[45.412s][info][gc,phases   ] GC(24)   Post Evacuate Collection Set: 0.23ms
[45.412s][info][gc,phases   ] GC(24)   Other: 0.07ms
[45.412s][info][gc,heap     ] GC(24) Eden regions: 613->0(613)
[45.412s][info][gc,heap     ] GC(24) Survivor regions: 1->1(77)
[45.412s][info][gc,heap     ] GC(24) Old regions: 42->42
[45.412s][info][gc,heap     ] GC(24) Humongous regions: 22->22
[45.412s][info][gc,metaspace] GC(24) Metaspace: 7841K(8128K)->7841K(8128K) NonClass: 7187K(7360K)->7187K(7360K) Class: 653K(768K)->653K(768K)
[45.412s][info][gc          ] GC(24) Pause Young (Normal) (G1 Evacuation Pause) 675M->62M(1024M) 0.780ms
[45.412s][info][gc,cpu      ] GC(24) User=0.01s Sys=0.00s Real=0.00s
[57.006s][info][gc,start    ] GC(25) Pause Young (Normal) (G1 Evacuation Pause)
[57.006s][info][gc,task     ] GC(25) Using 8 workers of 8 for evacuation
[57.007s][info][gc,phases   ] GC(25)   Pre Evacuate Collection Set: 0.11ms
[57.007s][info][gc,phases   ] GC(25)   Merge Heap Roots: 0.06ms
[57.007s][info][gc,phases   ] GC(25)   Evacuate Collection Set: 0.15ms
[57.007s][info][gc,phases   ] GC(25)   Post Evacuate Collection Set: 0.31ms
[57.007s][info][gc,phases   ] GC(25)   Other: 0.09ms
[57.007s][info][gc,heap     ] GC(25) Eden regions: 613->0(613)
[57.007s][info][gc,heap     ] GC(25) Survivor regions: 1->1(77)
[57.007s][info][gc,heap     ] GC(25) Old regions: 42->42
[57.007s][info][gc,heap     ] GC(25) Humongous regions: 22->22
[57.007s][info][gc,metaspace] GC(25) Metaspace: 7852K(8128K)->7852K(8128K) NonClass: 7198K(7360K)->7198K(7360K) Class: 653K(768K)->653K(768K)
[57.007s][info][gc          ] GC(25) Pause Young (Normal) (G1 Evacuation Pause) 675M->62M(1024M) 0.900ms
[57.007s][info][gc,cpu      ] GC(25) User=0.01s Sys=0.00s Real=0.00s
[57.275s][info][gc,start    ] GC(26) Pause Young (Normal) (G1 Evacuation Pause)
[57.276s][info][gc,task     ] GC(26) Using 8 workers of 8 for evacuation
[57.276s][info][gc,phases   ] GC(26)   Pre Evacuate Collection Set: 0.10ms
[57.276s][info][gc,phases   ] GC(26)   Merge Heap Roots: 0.06ms
[57.276s][info][gc,phases   ] GC(26)   Evacuate Collection Set: 0.18ms
[57.276s][info][gc,phases   ] GC(26)   Post Evacuate Collection Set: 0.23ms
[57.276s][info][gc,phases   ] GC(26)   Other: 0.08ms
[57.276s][info][gc,heap     ] GC(26) Eden regions: 613->0(613)
[57.276s][info][gc,heap     ] GC(26) Survivor regions: 1->1(77)
[57.276s][info][gc,heap     ] GC(26) Old regions: 42->42
[57.276s][info][gc,heap     ] GC(26) Humongous regions: 22->22
[57.276s][info][gc,metaspace] GC(26) Metaspace: 7852K(8128K)->7852K(8128K) NonClass: 7198K(7360K)->7198K(7360K) Class: 653K(768K)->653K(768K)
[57.276s][info][gc          ] GC(26) Pause Young (Normal) (G1 Evacuation Pause) 675M->62M(1024M) 0.796ms
[57.276s][info][gc,cpu      ] GC(26) User=0.00s Sys=0.00s Real=0.00s
[57.530s][info][gc,start    ] GC(27) Pause Young (Normal) (G1 Evacuation Pause)
[57.530s][info][gc,task     ] GC(27) Using 8 workers of 8 for evacuation
[57.531s][info][gc,phases   ] GC(27)   Pre Evacuate Collection Set: 0.15ms
[57.531s][info][gc,phases   ] GC(27)   Merge Heap Roots: 0.06ms
[57.531s][info][gc,phases   ] GC(27)   Evacuate Collection Set: 0.15ms
[57.531s][info][gc,phases   ] GC(27)   Post Evacuate Collection Set: 0.25ms
[57.531s][info][gc,phases   ] GC(27)   Other: 0.10ms
[57.531s][info][gc,heap     ] GC(27) Eden regions: 613->0(613)
[57.531s][info][gc,heap     ] GC(27) Survivor regions: 1->1(77)
[57.531s][info][gc,heap     ] GC(27) Old regions: 42->42
[57.531s][info][gc,heap     ] GC(27) Humongous regions: 22->22
[57.531s][info][gc,metaspace] GC(27) Metaspace: 7852K(8128K)->7852K(8128K) NonClass: 7198K(7360K)->7198K(7360K) Class: 653K(768K)->653K(768K)
[57.531s][info][gc          ] GC(27) Pause Young (Normal) (G1 Evacuation Pause) 675M->62M(1024M) 0.832ms
[57.531s][info][gc,cpu      ] GC(27) User=0.00s Sys=0.00s Real=0.00s
[57.782s][info][gc,start    ] GC(28) Pause Young (Normal) (G1 Evacuation Pause)
[57.782s][info][gc,task     ] GC(28) Using 8 workers of 8 for evacuation
[57.783s][info][gc,phases   ] GC(28)   Pre Evacuate Collection Set: 0.11ms
[57.783s][info][gc,phases   ] GC(28)   Merge Heap Roots: 0.06ms
[57.783s][info][gc,phases   ] GC(28)   Evacuate Collection Set: 0.15ms
[57.783s][info][gc,phases   ] GC(28)   Post Evacuate Collection Set: 0.28ms
[57.783s][info][gc,phases   ] GC(28)   Other: 0.07ms
[57.783s][info][gc,heap     ] GC(28) Eden regions: 613->0(613)
[57.783s][info][gc,heap     ] GC(28) Survivor regions: 1->1(77)
[57.783s][info][gc,heap     ] GC(28) Old regions: 42->42
[57.783s][info][gc,heap     ] GC(28) Humongous regions: 22->22
[57.783s][info][gc,metaspace] GC(28) Metaspace: 7852K(8128K)->7852K(8128K) NonClass: 7198K(7360K)->7198K(7360K) Class: 653K(768K)->653K(768K)
[57.783s][info][gc          ] GC(28) Pause Young (Normal) (G1 Evacuation Pause) 675M->62M(1024M) 0.814ms
[57.783s][info][gc,cpu      ] GC(28) User=0.00s Sys=0.00s Real=0.00s
[63.288s][info][gc,start    ] GC(29) Pause Young (Normal) (G1 Evacuation Pause)
[63.288s][info][gc,task     ] GC(29) Using 8 workers of 8 for evacuation
[63.289s][info][gc,phases   ] GC(29)   Pre Evacuate Collection Set: 0.11ms
[63.289s][info][gc,phases   ] GC(29)   Merge Heap Roots: 0.07ms
[63.289s][info][gc,phases   ] GC(29)   Evacuate Collection Set: 0.16ms
[63.289s][info][gc,phases   ] GC(29)   Post Evacuate Collection Set: 0.24ms
[63.289s][info][gc,phases   ] GC(29)   Other: 0.08ms
[63.289s][info][gc,heap     ] GC(29) Eden regions: 613->0(613)
[63.289s][info][gc,heap     ] GC(29) Survivor regions: 1->1(77)
[63.289s][info][gc,heap     ] GC(29) Old regions: 42->42
[63.289s][info][gc,heap     ] GC(29) Humongous regions: 22->22
[63.289s][info][gc,metaspace] GC(29) Metaspace: 7853K(8128K)->7853K(8128K) NonClass: 7200K(7360K)->7200K(7360K) Class: 653K(768K)->653K(768K)
[63.289s][info][gc          ] GC(29) Pause Young (Normal) (G1 Evacuation Pause) 675M->62M(1024M) 0.827ms
[63.289s][info][gc,cpu      ] GC(29) User=0.00s Sys=0.00s Real=0.00s
[63.563s][info][gc,start    ] GC(30) Pause Young (Normal) (G1 Evacuation Pause)
[63.563s][info][gc,task     ] GC(30) Using 8 workers of 8 for evacuation
[63.565s][info][gc,phases   ] GC(30)   Pre Evacuate Collection Set: 0.17ms
[63.565s][info][gc,phases   ] GC(30)   Merge Heap Roots: 0.09ms
[63.565s][info][gc,phases   ] GC(30)   Evacuate Collection Set: 1.81ms
[63.565s][info][gc,phases   ] GC(30)   Post Evacuate Collection Set: 0.26ms
[63.565s][info][gc,phases   ] GC(30)   Other: 0.08ms
[63.565s][info][gc,heap     ] GC(30) Eden regions: 613->0(613)
[63.565s][info][gc,heap     ] GC(30) Survivor regions: 1->1(77)
[63.565s][info][gc,heap     ] GC(30) Old regions: 42->42
[63.565s][info][gc,heap     ] GC(30) Humongous regions: 22->22
[63.565s][info][gc,metaspace] GC(30) Metaspace: 7853K(8128K)->7853K(8128K) NonClass: 7200K(7360K)->7200K(7360K) Class: 653K(768K)->653K(768K)
[63.565s][info][gc          ] GC(30) Pause Young (Normal) (G1 Evacuation Pause) 675M->62M(1024M) 2.605ms
[63.565s][info][gc,cpu      ] GC(30) User=0.01s Sys=0.00s Real=0.01s
[63.829s][info][gc,start    ] GC(31) Pause Young (Normal) (G1 Evacuation Pause)
[63.829s][info][gc,task     ] GC(31) Using 8 workers of 8 for evacuation
[63.830s][info][gc,phases   ] GC(31)   Pre Evacuate Collection Set: 0.16ms
[63.830s][info][gc,phases   ] GC(31)   Merge Heap Roots: 0.11ms
[63.830s][info][gc,phases   ] GC(31)   Evacuate Collection Set: 0.19ms
[63.830s][info][gc,phases   ] GC(31)   Post Evacuate Collection Set: 0.23ms
[63.830s][info][gc,phases   ] GC(31)   Other: 0.08ms
[63.830s][info][gc,heap     ] GC(31) Eden regions: 613->0(613)
[63.830s][info][gc,heap     ] GC(31) Survivor regions: 1->1(77)
[63.830s][info][gc,heap     ] GC(31) Old regions: 42->42
[63.830s][info][gc,heap     ] GC(31) Humongous regions: 22->22
[63.830s][info][gc,metaspace] GC(31) Metaspace: 7853K(8128K)->7853K(8128K) NonClass: 7200K(7360K)->7200K(7360K) Class: 653K(768K)->653K(768K)
[63.830s][info][gc          ] GC(31) Pause Young (Normal) (G1 Evacuation Pause) 675M->62M(1024M) 0.905ms
[63.830s][info][gc,cpu      ] GC(31) User=0.00s Sys=0.00s Real=0.00s
[64.082s][info][gc,start    ] GC(32) Pause Young (Normal) (G1 Evacuation Pause)
[64.082s][info][gc,task     ] GC(32) Using 8 workers of 8 for evacuation
[64.083s][info][gc,phases   ] GC(32)   Pre Evacuate Collection Set: 0.14ms
[64.083s][info][gc,phases   ] GC(32)   Merge Heap Roots: 0.07ms
[64.083s][info][gc,phases   ] GC(32)   Evacuate Collection Set: 0.17ms
[64.083s][info][gc,phases   ] GC(32)   Post Evacuate Collection Set: 0.23ms
[64.083s][info][gc,phases   ] GC(32)   Other: 0.07ms
[64.083s][info][gc,heap     ] GC(32) Eden regions: 613->0(613)
[64.083s][info][gc,heap     ] GC(32) Survivor regions: 1->1(77)
[64.083s][info][gc,heap     ] GC(32) Old regions: 42->42
[64.083s][info][gc,heap     ] GC(32) Humongous regions: 22->22
[64.083s][info][gc,metaspace] GC(32) Metaspace: 7853K(8128K)->7853K(8128K) NonClass: 7200K(7360K)->7200K(7360K) Class: 653K(768K)->653K(768K)
[64.083s][info][gc          ] GC(32) Pause Young (Normal) (G1 Evacuation Pause) 675M->62M(1024M) 0.820ms
[64.083s][info][gc,cpu      ] GC(32) User=0.00s Sys=0.00s Real=0.00s
[69.781s][info][gc,start    ] GC(33) Pause Young (Normal) (G1 Evacuation Pause)
[69.781s][info][gc,task     ] GC(33) Using 8 workers of 8 for evacuation
[69.782s][info][gc,phases   ] GC(33)   Pre Evacuate Collection Set: 0.11ms
[69.782s][info][gc,phases   ] GC(33)   Merge Heap Roots: 0.09ms
[69.782s][info][gc,phases   ] GC(33)   Evacuate Collection Set: 0.13ms
[69.782s][info][gc,phases   ] GC(33)   Post Evacuate Collection Set: 0.24ms
[69.782s][info][gc,phases   ] GC(33)   Other: 0.07ms
[69.782s][info][gc,heap     ] GC(33) Eden regions: 613->0(613)
[69.782s][info][gc,heap     ] GC(33) Survivor regions: 1->1(77)
[69.782s][info][gc,heap     ] GC(33) Old regions: 42->42
[69.782s][info][gc,heap     ] GC(33) Humongous regions: 22->22
[69.782s][info][gc,metaspace] GC(33) Metaspace: 7855K(8128K)->7855K(8128K) NonClass: 7202K(7360K)->7202K(7360K) Class: 653K(768K)->653K(768K)
[69.782s][info][gc          ] GC(33) Pause Young (Normal) (G1 Evacuation Pause) 675M->62M(1024M) 0.838ms
[69.782s][info][gc,cpu      ] GC(33) User=0.00s Sys=0.00s Real=0.00s
[70.245s][info][gc,start    ] GC(34) Pause Young (Normal) (G1 Evacuation Pause)
[70.245s][info][gc,task     ] GC(34) Using 8 workers of 8 for evacuation
[70.246s][info][gc,phases   ] GC(34)   Pre Evacuate Collection Set: 0.15ms
[70.246s][info][gc,phases   ] GC(34)   Merge Heap Roots: 0.06ms
[70.246s][info][gc,phases   ] GC(34)   Evacuate Collection Set: 0.37ms
[70.246s][info][gc,phases   ] GC(34)   Post Evacuate Collection Set: 0.24ms
[70.246s][info][gc,phases   ] GC(34)   Other: 0.07ms
[70.246s][info][gc,heap     ] GC(34) Eden regions: 613->0(613)
[70.246s][info][gc,heap     ] GC(34) Survivor regions: 1->1(77)
[70.246s][info][gc,heap     ] GC(34) Old regions: 42->42
[70.246s][info][gc,heap     ] GC(34) Humongous regions: 22->22
[70.246s][info][gc,metaspace] GC(34) Metaspace: 7855K(8128K)->7855K(8128K) NonClass: 7202K(7360K)->7202K(7360K) Class: 653K(768K)->653K(768K)
[70.246s][info][gc          ] GC(34) Pause Young (Normal) (G1 Evacuation Pause) 675M->62M(1024M) 1.019ms
[70.246s][info][gc,cpu      ] GC(34) User=0.00s Sys=0.00s Real=0.00s
[75.725s][info][gc,start    ] GC(35) Pause Young (Normal) (G1 Evacuation Pause)
[75.725s][info][gc,task     ] GC(35) Using 8 workers of 8 for evacuation
[75.726s][info][gc,phases   ] GC(35)   Pre Evacuate Collection Set: 0.12ms
[75.726s][info][gc,phases   ] GC(35)   Merge Heap Roots: 0.08ms
[75.726s][info][gc,phases   ] GC(35)   Evacuate Collection Set: 0.13ms
[75.726s][info][gc,phases   ] GC(35)   Post Evacuate Collection Set: 0.25ms
[75.726s][info][gc,phases   ] GC(35)   Other: 0.09ms
[75.726s][info][gc,heap     ] GC(35) Eden regions: 613->0(613)
[75.726s][info][gc,heap     ] GC(35) Survivor regions: 1->1(77)
[75.726s][info][gc,heap     ] GC(35) Old regions: 42->42
[75.726s][info][gc,heap     ] GC(35) Humongous regions: 22->22
[75.726s][info][gc,metaspace] GC(35) Metaspace: 7856K(8128K)->7856K(8128K) NonClass: 7202K(7360K)->7202K(7360K) Class: 653K(768K)->653K(768K)
[75.726s][info][gc          ] GC(35) Pause Young (Normal) (G1 Evacuation Pause) 675M->62M(1024M) 0.816ms
[75.726s][info][gc,cpu      ] GC(35) User=0.00s Sys=0.00s Real=0.00s
[75.986s][info][gc,start    ] GC(36) Pause Young (Normal) (G1 Evacuation Pause)
[75.987s][info][gc,task     ] GC(36) Using 8 workers of 8 for evacuation
[75.987s][info][gc,phases   ] GC(36)   Pre Evacuate Collection Set: 0.12ms
[75.987s][info][gc,phases   ] GC(36)   Merge Heap Roots: 0.07ms
[75.987s][info][gc,phases   ] GC(36)   Evacuate Collection Set: 0.23ms
[75.987s][info][gc,phases   ] GC(36)   Post Evacuate Collection Set: 0.24ms
[75.987s][info][gc,phases   ] GC(36)   Other: 0.07ms
[75.987s][info][gc,heap     ] GC(36) Eden regions: 613->0(613)
[75.987s][info][gc,heap     ] GC(36) Survivor regions: 1->1(77)
[75.987s][info][gc,heap     ] GC(36) Old regions: 42->42
[75.987s][info][gc,heap     ] GC(36) Humongous regions: 22->22
[75.987s][info][gc,metaspace] GC(36) Metaspace: 7856K(8128K)->7856K(8128K) NonClass: 7202K(7360K)->7202K(7360K) Class: 653K(768K)->653K(768K)
[75.987s][info][gc          ] GC(36) Pause Young (Normal) (G1 Evacuation Pause) 675M->62M(1024M) 0.884ms
[75.987s][info][gc,cpu      ] GC(36) User=0.01s Sys=0.00s Real=0.00s
[76.240s][info][gc,start    ] GC(37) Pause Young (Normal) (G1 Evacuation Pause)
[76.240s][info][gc,task     ] GC(37) Using 8 workers of 8 for evacuation
[76.241s][info][gc,phases   ] GC(37)   Pre Evacuate Collection Set: 0.16ms
[76.241s][info][gc,phases   ] GC(37)   Merge Heap Roots: 0.07ms
[76.241s][info][gc,phases   ] GC(37)   Evacuate Collection Set: 0.11ms
[76.241s][info][gc,phases   ] GC(37)   Post Evacuate Collection Set: 0.22ms
[76.241s][info][gc,phases   ] GC(37)   Other: 0.06ms
[76.241s][info][gc,heap     ] GC(37) Eden regions: 613->0(613)
[76.241s][info][gc,heap     ] GC(37) Survivor regions: 1->1(77)
[76.241s][info][gc,heap     ] GC(37) Old regions: 42->42
[76.241s][info][gc,heap     ] GC(37) Humongous regions: 22->22
[76.241s][info][gc,metaspace] GC(37) Metaspace: 7856K(8128K)->7856K(8128K) NonClass: 7202K(7360K)->7202K(7360K) Class: 653K(768K)->653K(768K)
[76.241s][info][gc          ] GC(37) Pause Young (Normal) (G1 Evacuation Pause) 675M->62M(1024M) 0.769ms
[76.241s][info][gc,cpu      ] GC(37) User=0.00s Sys=0.00s Real=0.00s
[87.850s][info][gc,start    ] GC(38) Pause Young (Normal) (G1 Evacuation Pause)
[87.850s][info][gc,task     ] GC(38) Using 8 workers of 8 for evacuation
[87.850s][info][gc,phases   ] GC(38)   Pre Evacuate Collection Set: 0.13ms
[87.851s][info][gc,phases   ] GC(38)   Merge Heap Roots: 0.09ms
[87.851s][info][gc,phases   ] GC(38)   Evacuate Collection Set: 0.14ms
[87.851s][info][gc,phases   ] GC(38)   Post Evacuate Collection Set: 0.23ms
[87.851s][info][gc,phases   ] GC(38)   Other: 0.09ms
[87.851s][info][gc,heap     ] GC(38) Eden regions: 613->0(613)
[87.851s][info][gc,heap     ] GC(38) Survivor regions: 1->1(77)
[87.851s][info][gc,heap     ] GC(38) Old regions: 42->42
[87.851s][info][gc,heap     ] GC(38) Humongous regions: 22->22
[87.851s][info][gc,metaspace] GC(38) Metaspace: 7867K(8128K)->7867K(8128K) NonClass: 7213K(7360K)->7213K(7360K) Class: 654K(768K)->654K(768K)
[87.851s][info][gc          ] GC(38) Pause Young (Normal) (G1 Evacuation Pause) 675M->62M(1024M) 0.844ms
[87.851s][info][gc,cpu      ] GC(38) User=0.00s Sys=0.00s Real=0.00s
[88.323s][info][gc,start    ] GC(39) Pause Young (Normal) (G1 Evacuation Pause)
[88.323s][info][gc,task     ] GC(39) Using 8 workers of 8 for evacuation
[88.323s][info][gc,phases   ] GC(39)   Pre Evacuate Collection Set: 0.15ms
[88.323s][info][gc,phases   ] GC(39)   Merge Heap Roots: 0.06ms
[88.323s][info][gc,phases   ] GC(39)   Evacuate Collection Set: 0.14ms
[88.323s][info][gc,phases   ] GC(39)   Post Evacuate Collection Set: 0.22ms
[88.323s][info][gc,phases   ] GC(39)   Other: 0.07ms
[88.323s][info][gc,heap     ] GC(39) Eden regions: 613->0(613)
[88.323s][info][gc,heap     ] GC(39) Survivor regions: 1->1(77)
[88.323s][info][gc,heap     ] GC(39) Old regions: 42->42
[88.323s][info][gc,heap     ] GC(39) Humongous regions: 22->22
[88.323s][info][gc,metaspace] GC(39) Metaspace: 7867K(8128K)->7867K(8128K) NonClass: 7213K(7360K)->7213K(7360K) Class: 654K(768K)->654K(768K)
[88.323s][info][gc          ] GC(39) Pause Young (Normal) (G1 Evacuation Pause) 675M->62M(1024M) 0.789ms
[88.323s][info][gc,cpu      ] GC(39) User=0.00s Sys=0.00s Real=0.00s
[93.909s][info][gc,start    ] GC(40) Pause Young (Normal) (G1 Evacuation Pause)
[93.909s][info][gc,task     ] GC(40) Using 8 workers of 8 for evacuation
[93.910s][info][gc,phases   ] GC(40)   Pre Evacuate Collection Set: 0.11ms
[93.910s][info][gc,phases   ] GC(40)   Merge Heap Roots: 0.06ms
[93.910s][info][gc,phases   ] GC(40)   Evacuate Collection Set: 0.14ms
[93.910s][info][gc,phases   ] GC(40)   Post Evacuate Collection Set: 0.23ms
[93.910s][info][gc,phases   ] GC(40)   Other: 0.08ms
[93.910s][info][gc,heap     ] GC(40) Eden regions: 613->0(613)
[93.910s][info][gc,heap     ] GC(40) Survivor regions: 1->1(77)
[93.910s][info][gc,heap     ] GC(40) Old regions: 42->42
[93.910s][info][gc,heap     ] GC(40) Humongous regions: 22->22
[93.910s][info][gc,metaspace] GC(40) Metaspace: 7868K(8128K)->7868K(8128K) NonClass: 7214K(7360K)->7214K(7360K) Class: 654K(768K)->654K(768K)
[93.910s][info][gc          ] GC(40) Pause Young (Normal) (G1 Evacuation Pause) 675M->62M(1024M) 0.780ms
[93.910s][info][gc,cpu      ] GC(40) User=0.00s Sys=0.00s Real=0.00s
[94.111s][info][gc,start    ] GC(41) Pause Young (Normal) (G1 Evacuation Pause)
[94.111s][info][gc,task     ] GC(41) Using 8 workers of 8 for evacuation
[94.112s][info][gc,phases   ] GC(41)   Pre Evacuate Collection Set: 0.11ms
[94.112s][info][gc,phases   ] GC(41)   Merge Heap Roots: 0.07ms
[94.112s][info][gc,phases   ] GC(41)   Evacuate Collection Set: 0.14ms
[94.112s][info][gc,phases   ] GC(41)   Post Evacuate Collection Set: 0.23ms
[94.112s][info][gc,phases   ] GC(41)   Other: 0.09ms
[94.112s][info][gc,heap     ] GC(41) Eden regions: 613->0(613)
[94.112s][info][gc,heap     ] GC(41) Survivor regions: 1->1(77)
[94.112s][info][gc,heap     ] GC(41) Old regions: 42->42
[94.112s][info][gc,heap     ] GC(41) Humongous regions: 22->22
[94.112s][info][gc,metaspace] GC(41) Metaspace: 7868K(8128K)->7868K(8128K) NonClass: 7214K(7360K)->7214K(7360K) Class: 654K(768K)->654K(768K)
[94.112s][info][gc          ] GC(41) Pause Young (Normal) (G1 Evacuation Pause) 675M->62M(1024M) 0.778ms
[94.112s][info][gc,cpu      ] GC(41) User=0.00s Sys=0.00s Real=0.00s
[94.289s][info][gc,start    ] GC(42) Pause Young (Normal) (G1 Evacuation Pause)
[94.289s][info][gc,task     ] GC(42) Using 8 workers of 8 for evacuation
[94.290s][info][gc,phases   ] GC(42)   Pre Evacuate Collection Set: 0.12ms
[94.290s][info][gc,phases   ] GC(42)   Merge Heap Roots: 0.06ms
[94.290s][info][gc,phases   ] GC(42)   Evacuate Collection Set: 0.15ms
[94.290s][info][gc,phases   ] GC(42)   Post Evacuate Collection Set: 0.28ms
[94.290s][info][gc,phases   ] GC(42)   Other: 0.07ms
[94.290s][info][gc,heap     ] GC(42) Eden regions: 613->0(613)
[94.290s][info][gc,heap     ] GC(42) Survivor regions: 1->1(77)
[94.290s][info][gc,heap     ] GC(42) Old regions: 42->42
[94.290s][info][gc,heap     ] GC(42) Humongous regions: 22->22
[94.290s][info][gc,metaspace] GC(42) Metaspace: 7868K(8128K)->7868K(8128K) NonClass: 7214K(7360K)->7214K(7360K) Class: 654K(768K)->654K(768K)
[94.290s][info][gc          ] GC(42) Pause Young (Normal) (G1 Evacuation Pause) 675M->62M(1024M) 0.822ms
[94.290s][info][gc,cpu      ] GC(42) User=0.00s Sys=0.00s Real=0.00s
[94.466s][info][gc,start    ] GC(43) Pause Young (Normal) (G1 Evacuation Pause)
[94.466s][info][gc,task     ] GC(43) Using 8 workers of 8 for evacuation
[94.466s][info][gc,phases   ] GC(43)   Pre Evacuate Collection Set: 0.11ms
[94.466s][info][gc,phases   ] GC(43)   Merge Heap Roots: 0.06ms
[94.466s][info][gc,phases   ] GC(43)   Evacuate Collection Set: 0.15ms
[94.466s][info][gc,phases   ] GC(43)   Post Evacuate Collection Set: 0.20ms
[94.466s][info][gc,phases   ] GC(43)   Other: 0.08ms
[94.466s][info][gc,heap     ] GC(43) Eden regions: 613->0(613)
[94.466s][info][gc,heap     ] GC(43) Survivor regions: 1->1(77)
[94.466s][info][gc,heap     ] GC(43) Old regions: 42->42
[94.466s][info][gc,heap     ] GC(43) Humongous regions: 22->22
[94.466s][info][gc,metaspace] GC(43) Metaspace: 7868K(8128K)->7868K(8128K) NonClass: 7214K(7360K)->7214K(7360K) Class: 654K(768K)->654K(768K)
[94.466s][info][gc          ] GC(43) Pause Young (Normal) (G1 Evacuation Pause) 675M->62M(1024M) 0.749ms
[94.466s][info][gc,cpu      ] GC(43) User=0.00s Sys=0.00s Real=0.00s
[94.654s][info][gc,start    ] GC(44) Pause Young (Normal) (G1 Evacuation Pause)
[94.654s][info][gc,task     ] GC(44) Using 8 workers of 8 for evacuation
[94.654s][info][gc,phases   ] GC(44)   Pre Evacuate Collection Set: 0.12ms
[94.655s][info][gc,phases   ] GC(44)   Merge Heap Roots: 0.06ms
[94.655s][info][gc,phases   ] GC(44)   Evacuate Collection Set: 0.15ms
[94.655s][info][gc,phases   ] GC(44)   Post Evacuate Collection Set: 0.22ms
[94.655s][info][gc,phases   ] GC(44)   Other: 0.06ms
[94.655s][info][gc,heap     ] GC(44) Eden regions: 613->0(613)
[94.655s][info][gc,heap     ] GC(44) Survivor regions: 1->1(77)
[94.655s][info][gc,heap     ] GC(44) Old regions: 42->42
[94.655s][info][gc,heap     ] GC(44) Humongous regions: 22->22
[94.655s][info][gc,metaspace] GC(44) Metaspace: 7868K(8128K)->7868K(8128K) NonClass: 7214K(7360K)->7214K(7360K) Class: 654K(768K)->654K(768K)
[94.655s][info][gc          ] GC(44) Pause Young (Normal) (G1 Evacuation Pause) 675M->62M(1024M) 0.757ms
[94.655s][info][gc,cpu      ] GC(44) User=0.00s Sys=0.00s Real=0.01s
[94.838s][info][gc,start    ] GC(45) Pause Young (Normal) (G1 Evacuation Pause)
[94.838s][info][gc,task     ] GC(45) Using 8 workers of 8 for evacuation
[94.838s][info][gc,phases   ] GC(45)   Pre Evacuate Collection Set: 0.17ms
[94.838s][info][gc,phases   ] GC(45)   Merge Heap Roots: 0.07ms
[94.838s][info][gc,phases   ] GC(45)   Evacuate Collection Set: 0.14ms
[94.838s][info][gc,phases   ] GC(45)   Post Evacuate Collection Set: 0.19ms
[94.838s][info][gc,phases   ] GC(45)   Other: 0.07ms
[94.838s][info][gc,heap     ] GC(45) Eden regions: 613->0(613)
[94.838s][info][gc,heap     ] GC(45) Survivor regions: 1->1(77)
[94.838s][info][gc,heap     ] GC(45) Old regions: 42->42
[94.838s][info][gc,heap     ] GC(45) Humongous regions: 22->22
[94.838s][info][gc,metaspace] GC(45) Metaspace: 7868K(8128K)->7868K(8128K) NonClass: 7214K(7360K)->7214K(7360K) Class: 654K(768K)->654K(768K)
[94.838s][info][gc          ] GC(45) Pause Young (Normal) (G1 Evacuation Pause) 675M->62M(1024M) 0.782ms
[94.838s][info][gc,cpu      ] GC(45) User=0.00s Sys=0.00s Real=0.00s
[100.297s][info][gc,start    ] GC(46) Pause Young (Normal) (G1 Evacuation Pause)
[100.297s][info][gc,task     ] GC(46) Using 8 workers of 8 for evacuation
[100.297s][info][gc,phases   ] GC(46)   Pre Evacuate Collection Set: 0.10ms
[100.297s][info][gc,phases   ] GC(46)   Merge Heap Roots: 0.06ms
[100.297s][info][gc,phases   ] GC(46)   Evacuate Collection Set: 0.15ms
[100.297s][info][gc,phases   ] GC(46)   Post Evacuate Collection Set: 0.22ms
[100.297s][info][gc,phases   ] GC(46)   Other: 0.08ms
[100.297s][info][gc,heap     ] GC(46) Eden regions: 613->0(613)
[100.297s][info][gc,heap     ] GC(46) Survivor regions: 1->1(77)
[100.297s][info][gc,heap     ] GC(46) Old regions: 42->42
[100.297s][info][gc,heap     ] GC(46) Humongous regions: 22->22
[100.297s][info][gc,metaspace] GC(46) Metaspace: 7870K(8128K)->7870K(8128K) NonClass: 7215K(7360K)->7215K(7360K) Class: 654K(768K)->654K(768K)
[100.297s][info][gc          ] GC(46) Pause Young (Normal) (G1 Evacuation Pause) 675M->62M(1024M) 0.757ms
[100.297s][info][gc,cpu      ] GC(46) User=0.01s Sys=0.00s Real=0.00s
[100.548s][info][gc,start    ] GC(47) Pause Young (Normal) (G1 Evacuation Pause)
[100.548s][info][gc,task     ] GC(47) Using 8 workers of 8 for evacuation
[100.549s][info][gc,phases   ] GC(47)   Pre Evacuate Collection Set: 0.10ms
[100.549s][info][gc,phases   ] GC(47)   Merge Heap Roots: 0.06ms
[100.549s][info][gc,phases   ] GC(47)   Evacuate Collection Set: 0.14ms
[100.549s][info][gc,phases   ] GC(47)   Post Evacuate Collection Set: 0.21ms
[100.549s][info][gc,phases   ] GC(47)   Other: 0.07ms
[100.549s][info][gc,heap     ] GC(47) Eden regions: 613->0(613)
[100.549s][info][gc,heap     ] GC(47) Survivor regions: 1->1(77)
[100.549s][info][gc,heap     ] GC(47) Old regions: 42->42
[100.549s][info][gc,heap     ] GC(47) Humongous regions: 22->22
[100.549s][info][gc,metaspace] GC(47) Metaspace: 7870K(8128K)->7870K(8128K) NonClass: 7215K(7360K)->7215K(7360K) Class: 654K(768K)->654K(768K)
[100.549s][info][gc          ] GC(47) Pause Young (Normal) (G1 Evacuation Pause) 675M->62M(1024M) 0.732ms
[100.549s][info][gc,cpu      ] GC(47) User=0.00s Sys=0.00s Real=0.00s
[100.800s][info][gc,start    ] GC(48) Pause Young (Normal) (G1 Evacuation Pause)
[100.800s][info][gc,task     ] GC(48) Using 8 workers of 8 for evacuation
[100.801s][info][gc,phases   ] GC(48)   Pre Evacuate Collection Set: 0.12ms
[100.801s][info][gc,phases   ] GC(48)   Merge Heap Roots: 0.06ms
[100.801s][info][gc,phases   ] GC(48)   Evacuate Collection Set: 0.14ms
[100.801s][info][gc,phases   ] GC(48)   Post Evacuate Collection Set: 0.22ms
[100.801s][info][gc,phases   ] GC(48)   Other: 0.08ms
[100.801s][info][gc,heap     ] GC(48) Eden regions: 613->0(613)
[100.801s][info][gc,heap     ] GC(48) Survivor regions: 1->1(77)
[100.801s][info][gc,heap     ] GC(48) Old regions: 42->42
[100.801s][info][gc,heap     ] GC(48) Humongous regions: 22->22
[100.801s][info][gc,metaspace] GC(48) Metaspace: 7870K(8128K)->7870K(8128K) NonClass: 7215K(7360K)->7215K(7360K) Class: 654K(768K)->654K(768K)
[100.801s][info][gc          ] GC(48) Pause Young (Normal) (G1 Evacuation Pause) 675M->62M(1024M) 0.781ms
[100.801s][info][gc,cpu      ] GC(48) User=0.00s Sys=0.00s Real=0.00s
[106.243s][info][gc,start    ] GC(49) Pause Young (Normal) (G1 Evacuation Pause)
[106.243s][info][gc,task     ] GC(49) Using 8 workers of 8 for evacuation
[106.244s][info][gc,phases   ] GC(49)   Pre Evacuate Collection Set: 0.11ms
[106.244s][info][gc,phases   ] GC(49)   Merge Heap Roots: 0.06ms
[106.244s][info][gc,phases   ] GC(49)   Evacuate Collection Set: 0.14ms
[106.244s][info][gc,phases   ] GC(49)   Post Evacuate Collection Set: 0.26ms
[106.244s][info][gc,phases   ] GC(49)   Other: 0.09ms
[106.244s][info][gc,heap     ] GC(49) Eden regions: 613->0(613)
[106.244s][info][gc,heap     ] GC(49) Survivor regions: 1->1(77)
[106.244s][info][gc,heap     ] GC(49) Old regions: 42->42
[106.244s][info][gc,heap     ] GC(49) Humongous regions: 22->22
[106.244s][info][gc,metaspace] GC(49) Metaspace: 7870K(8128K)->7870K(8128K) NonClass: 7215K(7360K)->7215K(7360K) Class: 654K(768K)->654K(768K)
[106.244s][info][gc          ] GC(49) Pause Young (Normal) (G1 Evacuation Pause) 675M->62M(1024M) 0.789ms
[106.244s][info][gc,cpu      ] GC(49) User=0.01s Sys=0.00s Real=0.00s
[106.517s][info][gc,start    ] GC(50) Pause Young (Normal) (G1 Evacuation Pause)
[106.517s][info][gc,task     ] GC(50) Using 8 workers of 8 for evacuation
[106.517s][info][gc,phases   ] GC(50)   Pre Evacuate Collection Set: 0.10ms
[106.517s][info][gc,phases   ] GC(50)   Merge Heap Roots: 0.06ms
[106.517s][info][gc,phases   ] GC(50)   Evacuate Collection Set: 0.17ms
[106.517s][info][gc,phases   ] GC(50)   Post Evacuate Collection Set: 0.23ms
[106.517s][info][gc,phases   ] GC(50)   Other: 0.07ms
[106.517s][info][gc,heap     ] GC(50) Eden regions: 613->0(613)
[106.517s][info][gc,heap     ] GC(50) Survivor regions: 1->1(77)
[106.517s][info][gc,heap     ] GC(50) Old regions: 42->42
[106.517s][info][gc,heap     ] GC(50) Humongous regions: 22->22
[106.517s][info][gc,metaspace] GC(50) Metaspace: 7870K(8128K)->7870K(8128K) NonClass: 7215K(7360K)->7215K(7360K) Class: 654K(768K)->654K(768K)
[106.517s][info][gc          ] GC(50) Pause Young (Normal) (G1 Evacuation Pause) 675M->62M(1024M) 0.766ms
[106.517s][info][gc,cpu      ] GC(50) User=0.01s Sys=0.00s Real=0.00s
[106.770s][info][gc,start    ] GC(51) Pause Young (Normal) (G1 Evacuation Pause)
[106.771s][info][gc,task     ] GC(51) Using 8 workers of 8 for evacuation
[106.771s][info][gc,phases   ] GC(51)   Pre Evacuate Collection Set: 0.11ms
[106.771s][info][gc,phases   ] GC(51)   Merge Heap Roots: 0.06ms
[106.771s][info][gc,phases   ] GC(51)   Evacuate Collection Set: 0.15ms
[106.771s][info][gc,phases   ] GC(51)   Post Evacuate Collection Set: 0.27ms
[106.771s][info][gc,phases   ] GC(51)   Other: 0.07ms
[106.771s][info][gc,heap     ] GC(51) Eden regions: 613->0(613)
[106.771s][info][gc,heap     ] GC(51) Survivor regions: 1->1(77)
[106.771s][info][gc,heap     ] GC(51) Old regions: 42->42
[106.771s][info][gc,heap     ] GC(51) Humongous regions: 22->22
[106.771s][info][gc,metaspace] GC(51) Metaspace: 7870K(8128K)->7870K(8128K) NonClass: 7215K(7360K)->7215K(7360K) Class: 654K(768K)->654K(768K)
[106.771s][info][gc          ] GC(51) Pause Young (Normal) (G1 Evacuation Pause) 675M->62M(1024M) 0.857ms
[106.771s][info][gc,cpu      ] GC(51) User=0.01s Sys=0.00s Real=0.00s
[107.021s][info][gc,start    ] GC(52) Pause Young (Normal) (G1 Evacuation Pause)
[107.021s][info][gc,task     ] GC(52) Using 8 workers of 8 for evacuation
[107.021s][info][gc,phases   ] GC(52)   Pre Evacuate Collection Set: 0.11ms
[107.021s][info][gc,phases   ] GC(52)   Merge Heap Roots: 0.07ms
[107.021s][info][gc,phases   ] GC(52)   Evacuate Collection Set: 0.14ms
[107.021s][info][gc,phases   ] GC(52)   Post Evacuate Collection Set: 0.23ms
[107.021s][info][gc,phases   ] GC(52)   Other: 0.07ms
[107.021s][info][gc,heap     ] GC(52) Eden regions: 613->0(613)
[107.021s][info][gc,heap     ] GC(52) Survivor regions: 1->1(77)
[107.021s][info][gc,heap     ] GC(52) Old regions: 42->42
[107.021s][info][gc,heap     ] GC(52) Humongous regions: 22->22
[107.021s][info][gc,metaspace] GC(52) Metaspace: 7870K(8128K)->7870K(8128K) NonClass: 7215K(7360K)->7215K(7360K) Class: 654K(768K)->654K(768K)
[107.021s][info][gc          ] GC(52) Pause Young (Normal) (G1 Evacuation Pause) 675M->62M(1024M) 0.740ms
[107.021s][info][gc,cpu      ] GC(52) User=0.00s Sys=0.00s Real=0.00s
[112.572s][info][gc,start    ] GC(53) Pause Young (Normal) (G1 Evacuation Pause)
[112.572s][info][gc,task     ] GC(53) Using 8 workers of 8 for evacuation
[112.573s][info][gc,phases   ] GC(53)   Pre Evacuate Collection Set: 0.17ms
[112.573s][info][gc,phases   ] GC(53)   Merge Heap Roots: 0.06ms
[112.573s][info][gc,phases   ] GC(53)   Evacuate Collection Set: 0.16ms
[112.573s][info][gc,phases   ] GC(53)   Post Evacuate Collection Set: 0.23ms
[112.573s][info][gc,phases   ] GC(53)   Other: 0.08ms
[112.573s][info][gc,heap     ] GC(53) Eden regions: 613->0(613)
[112.573s][info][gc,heap     ] GC(53) Survivor regions: 1->1(77)
[112.573s][info][gc,heap     ] GC(53) Old regions: 42->42
[112.573s][info][gc,heap     ] GC(53) Humongous regions: 22->22
[112.573s][info][gc,metaspace] GC(53) Metaspace: 7872K(8128K)->7872K(8128K) NonClass: 7218K(7360K)->7218K(7360K) Class: 654K(768K)->654K(768K)
[112.573s][info][gc          ] GC(53) Pause Young (Normal) (G1 Evacuation Pause) 675M->62M(1024M) 0.870ms
[112.573s][info][gc,cpu      ] GC(53) User=0.00s Sys=0.00s Real=0.00s
[113.049s][info][gc,start    ] GC(54) Pause Young (Normal) (G1 Evacuation Pause)
[113.049s][info][gc,task     ] GC(54) Using 8 workers of 8 for evacuation
[113.049s][info][gc,phases   ] GC(54)   Pre Evacuate Collection Set: 0.17ms
[113.050s][info][gc,phases   ] GC(54)   Merge Heap Roots: 0.07ms
[113.050s][info][gc,phases   ] GC(54)   Evacuate Collection Set: 0.11ms
[113.050s][info][gc,phases   ] GC(54)   Post Evacuate Collection Set: 0.20ms
[113.050s][info][gc,phases   ] GC(54)   Other: 0.10ms
[113.050s][info][gc,heap     ] GC(54) Eden regions: 613->0(613)
[113.050s][info][gc,heap     ] GC(54) Survivor regions: 1->1(77)
[113.050s][info][gc,heap     ] GC(54) Old regions: 42->42
[113.050s][info][gc,heap     ] GC(54) Humongous regions: 22->22
[113.050s][info][gc,metaspace] GC(54) Metaspace: 7872K(8128K)->7872K(8128K) NonClass: 7218K(7360K)->7218K(7360K) Class: 654K(768K)->654K(768K)
[113.050s][info][gc          ] GC(54) Pause Young (Normal) (G1 Evacuation Pause) 675M->62M(1024M) 0.783ms
[113.050s][info][gc,cpu      ] GC(54) User=0.00s Sys=0.00s Real=0.00s
[113.460s][info][gc,exit     ] Heap
[113.460s][info][gc,exit     ]  garbage-first heap   total reserved 1048576K, committed 1048576K, used 336648K [0x00000000c0000000, 0x0000000100000000)
[113.460s][info][gc,exit     ]   region size 1024K, 268 young (274432K), 1 survivors (1024K)
[113.460s][info][gc,exit     ]  Metaspace       used 13340K, committed 13568K, reserved 1114112K
[113.460s][info][gc,exit     ]   class space    used 1265K, committed 1344K, reserved 1048576K
