[0.003s][info][gc,init] CardTable entry size: 512
[0.006s][info][gc     ] Using G1
[0.013s][info][gc,init] Version: 25.0.3+9-LTS (release)
[0.013s][info][gc,init] CPUs: 8 total, 8 available
[0.013s][info][gc,init] Memory: 31335M
[0.013s][info][gc,init] Large Page Support: Disabled
[0.013s][info][gc,init] NUMA Support: Disabled
[0.013s][info][gc,init] Compressed Oops: Enabled (32-bit)
[0.013s][info][gc,init] Heap Region Size: 1M
[0.013s][info][gc,init] Heap Min Capacity: 1G
[0.013s][info][gc,init] Heap Initial Capacity: 1G
[0.013s][info][gc,init] Heap Max Capacity: 1G
[0.013s][info][gc,init] Pre-touch: Disabled
[0.013s][info][gc,init] Parallel Workers: 8
[0.013s][info][gc,init] Concurrent Workers: 2
[0.013s][info][gc,init] Concurrent Refinement Workers: 8
[0.013s][info][gc,init] Periodic GC: Disabled
[0.015s][info][gc,metaspace] CDS archive(s) mapped at: [0x0000000013000000-0x0000000013d95000-0x0000000013d95000), size 14241792, SharedBaseAddress: 0x0000000013000000, ArchiveRelocationMode: 1.
[0.015s][info][gc,metaspace] Compressed class space mapped at: 0x0000000014000000-0x0000000054000000, reserved size: 1073741824
[0.015s][info][gc,metaspace] UseCompressedClassPointers 1, UseCompactObjectHeaders 0
[0.015s][info][gc,metaspace] Narrow klass pointer bits 32, Max shift 3
[0.015s][info][gc,metaspace] Narrow klass base: 0x0000000013000000, Narrow klass shift: 0
[0.015s][info][gc,metaspace] Encoding Range: [0x0000000013000000 - 0x0000000113000000), (4294967296 bytes)
[0.015s][info][gc,metaspace] Klass Range:    [0x0000000013001000 - 0x0000000054000000), (1090514944 bytes)
[0.015s][info][gc,metaspace] Klass ID Range:  [4096 - 1090519033) (1090514937)
[0.015s][info][gc,metaspace] Protection zone: [0x0000000013000000 - 0x0000000013001000), (4096 bytes)
[0.712s][info][gc,start    ] GC(0) Pause Young (Normal) (G1 Evacuation Pause)
[0.712s][info][gc,task     ] GC(0) Using 8 workers of 8 for evacuation
[0.719s][info][gc,phases   ] GC(0)   Pre Evacuate Collection Set: 0.11ms
[0.719s][info][gc,phases   ] GC(0)   Merge Heap Roots: 0.03ms
[0.719s][info][gc,phases   ] GC(0)   Evacuate Collection Set: 6.40ms
[0.719s][info][gc,phases   ] GC(0)   Post Evacuate Collection Set: 0.27ms
[0.719s][info][gc,phases   ] GC(0)   Other: 0.66ms
[0.719s][info][gc,heap     ] GC(0) Eden regions: 51->0(411)
[0.719s][info][gc,heap     ] GC(0) Survivor regions: 0->7(7)
[0.719s][info][gc,heap     ] GC(0) Old regions: 2->19
[0.719s][info][gc,heap     ] GC(0) Humongous regions: 2->0
[0.719s][info][gc,metaspace] GC(0) Metaspace: 1875K(2048K)->1875K(2048K) NonClass: 1707K(1792K)->1707K(1792K) Class: 168K(256K)->168K(256K)
[0.719s][info][gc          ] GC(0) Pause Young (Normal) (G1 Evacuation Pause) 54M->24M(1024M) 7.669ms
[0.720s][info][gc,cpu      ] GC(0) User=0.04s Sys=0.02s Real=0.00s
[1.094s][info][gc,start    ] GC(1) Pause Young (Normal) (G1 Evacuation Pause)
[1.094s][info][gc,task     ] GC(1) Using 8 workers of 8 for evacuation
[1.105s][info][gc,phases   ] GC(1)   Pre Evacuate Collection Set: 0.16ms
[1.105s][info][gc,phases   ] GC(1)   Merge Heap Roots: 0.09ms
[1.105s][info][gc,phases   ] GC(1)   Evacuate Collection Set: 10.26ms
[1.105s][info][gc,phases   ] GC(1)   Post Evacuate Collection Set: 0.36ms
[1.105s][info][gc,phases   ] GC(1)   Other: 0.16ms
[1.105s][info][gc,heap     ] GC(1) Eden regions: 411->0(589)
[1.105s][info][gc,heap     ] GC(1) Survivor regions: 7->25(53)
[1.105s][info][gc,heap     ] GC(1) Old regions: 19->19
[1.105s][info][gc,heap     ] GC(1) Humongous regions: 8->8
[1.105s][info][gc,metaspace] GC(1) Metaspace: 7396K(7680K)->7396K(7680K) NonClass: 6784K(6912K)->6784K(6912K) Class: 612K(768K)->612K(768K)
[1.105s][info][gc          ] GC(1) Pause Young (Normal) (G1 Evacuation Pause) 443M->49M(1024M) 11.189ms
[1.105s][info][gc,cpu      ] GC(1) User=0.06s Sys=0.01s Real=0.01s
[1.302s][info][gc,start    ] GC(2) Pause Young (Normal) (G1 Evacuation Pause)
[1.302s][info][gc,task     ] GC(2) Using 8 workers of 8 for evacuation
[1.309s][info][gc,phases   ] GC(2)   Pre Evacuate Collection Set: 0.14ms
[1.309s][info][gc,phases   ] GC(2)   Merge Heap Roots: 0.09ms
[1.309s][info][gc,phases   ] GC(2)   Evacuate Collection Set: 6.97ms
[1.309s][info][gc,phases   ] GC(2)   Post Evacuate Collection Set: 0.38ms
[1.309s][info][gc,phases   ] GC(2)   Other: 0.12ms
[1.309s][info][gc,heap     ] GC(2) Eden regions: 589->0(590)
[1.309s][info][gc,heap     ] GC(2) Survivor regions: 25->24(77)
[1.309s][info][gc,heap     ] GC(2) Old regions: 19->19
[1.309s][info][gc,heap     ] GC(2) Humongous regions: 8->8
[1.309s][info][gc,metaspace] GC(2) Metaspace: 7401K(7680K)->7401K(7680K) NonClass: 6789K(6912K)->6789K(6912K) Class: 612K(768K)->612K(768K)
[1.309s][info][gc          ] GC(2) Pause Young (Normal) (G1 Evacuation Pause) 638M->49M(1024M) 7.849ms
[1.309s][info][gc,cpu      ] GC(2) User=0.04s Sys=0.01s Real=0.01s
[1.509s][info][gc,start    ] GC(3) Pause Young (Normal) (G1 Evacuation Pause)
[1.509s][info][gc,task     ] GC(3) Using 8 workers of 8 for evacuation
[1.514s][info][gc,phases   ] GC(3)   Pre Evacuate Collection Set: 0.15ms
[1.514s][info][gc,phases   ] GC(3)   Merge Heap Roots: 0.10ms
[1.514s][info][gc,phases   ] GC(3)   Evacuate Collection Set: 4.35ms
[1.514s][info][gc,phases   ] GC(3)   Post Evacuate Collection Set: 0.34ms
[1.514s][info][gc,phases   ] GC(3)   Other: 0.08ms
[1.514s][info][gc,heap     ] GC(3) Eden regions: 590->0(589)
[1.514s][info][gc,heap     ] GC(3) Survivor regions: 24->25(77)
[1.514s][info][gc,heap     ] GC(3) Old regions: 19->19
[1.514s][info][gc,heap     ] GC(3) Humongous regions: 8->8
[1.514s][info][gc,metaspace] GC(3) Metaspace: 7401K(7680K)->7401K(7680K) NonClass: 6789K(6912K)->6789K(6912K) Class: 612K(768K)->612K(768K)
[1.514s][info][gc          ] GC(3) Pause Young (Normal) (G1 Evacuation Pause) 639M->49M(1024M) 5.158ms
[1.514s][info][gc,cpu      ] GC(3) User=0.03s Sys=0.00s Real=0.01s
[1.733s][info][gc,start    ] GC(4) Pause Young (Normal) (G1 Evacuation Pause)
[1.733s][info][gc,task     ] GC(4) Using 8 workers of 8 for evacuation
[1.739s][info][gc,phases   ] GC(4)   Pre Evacuate Collection Set: 0.16ms
[1.739s][info][gc,phases   ] GC(4)   Merge Heap Roots: 0.08ms
[1.739s][info][gc,phases   ] GC(4)   Evacuate Collection Set: 5.30ms
[1.739s][info][gc,phases   ] GC(4)   Post Evacuate Collection Set: 0.45ms
[1.739s][info][gc,phases   ] GC(4)   Other: 0.09ms
[1.739s][info][gc,heap     ] GC(4) Eden regions: 589->0(590)
[1.739s][info][gc,heap     ] GC(4) Survivor regions: 25->24(77)
[1.739s][info][gc,heap     ] GC(4) Old regions: 19->19
[1.739s][info][gc,heap     ] GC(4) Humongous regions: 8->8
[1.739s][info][gc,metaspace] GC(4) Metaspace: 7487K(7744K)->7487K(7744K) NonClass: 6863K(6976K)->6863K(6976K) Class: 623K(768K)->623K(768K)
[1.739s][info][gc          ] GC(4) Pause Young (Normal) (G1 Evacuation Pause) 638M->48M(1024M) 6.231ms
[1.739s][info][gc,cpu      ] GC(4) User=0.03s Sys=0.00s Real=0.00s
[1.903s][info][gc,start    ] GC(5) Pause Young (Normal) (G1 Evacuation Pause)
[1.903s][info][gc,task     ] GC(5) Using 8 workers of 8 for evacuation
[1.909s][info][gc,phases   ] GC(5)   Pre Evacuate Collection Set: 0.15ms
[1.909s][info][gc,phases   ] GC(5)   Merge Heap Roots: 0.09ms
[1.909s][info][gc,phases   ] GC(5)   Evacuate Collection Set: 6.10ms
[1.909s][info][gc,phases   ] GC(5)   Post Evacuate Collection Set: 0.34ms
[1.909s][info][gc,phases   ] GC(5)   Other: 0.08ms
[1.910s][info][gc,heap     ] GC(5) Eden regions: 590->0(590)
[1.910s][info][gc,heap     ] GC(5) Survivor regions: 24->24(77)
[1.910s][info][gc,heap     ] GC(5) Old regions: 19->19
[1.910s][info][gc,heap     ] GC(5) Humongous regions: 8->8
[1.910s][info][gc,metaspace] GC(5) Metaspace: 7503K(7744K)->7503K(7744K) NonClass: 6879K(6976K)->6879K(6976K) Class: 623K(768K)->623K(768K)
[1.910s][info][gc          ] GC(5) Pause Young (Normal) (G1 Evacuation Pause) 638M->49M(1024M) 6.905ms
[1.910s][info][gc,cpu      ] GC(5) User=0.03s Sys=0.00s Real=0.00s
[7.279s][info][gc,start    ] GC(6) Pause Young (Normal) (G1 Evacuation Pause)
[7.279s][info][gc,task     ] GC(6) Using 8 workers of 8 for evacuation
[7.285s][info][gc,phases   ] GC(6)   Pre Evacuate Collection Set: 0.13ms
[7.285s][info][gc,phases   ] GC(6)   Merge Heap Roots: 0.08ms
[7.285s][info][gc,phases   ] GC(6)   Evacuate Collection Set: 4.98ms
[7.285s][info][gc,phases   ] GC(6)   Post Evacuate Collection Set: 0.41ms
[7.285s][info][gc,phases   ] GC(6)   Other: 0.08ms
[7.285s][info][gc,heap     ] GC(6) Eden regions: 590->0(591)
[7.285s][info][gc,heap     ] GC(6) Survivor regions: 24->23(77)
[7.285s][info][gc,heap     ] GC(6) Old regions: 19->19
[7.285s][info][gc,heap     ] GC(6) Humongous regions: 22->16
[7.285s][info][gc,metaspace] GC(6) Metaspace: 7648K(7936K)->7648K(7936K) NonClass: 7013K(7168K)->7013K(7168K) Class: 635K(768K)->635K(768K)
[7.285s][info][gc          ] GC(6) Pause Young (Normal) (G1 Evacuation Pause) 653M->55M(1024M) 5.834ms
[7.285s][info][gc,cpu      ] GC(6) User=0.04s Sys=0.00s Real=0.01s
[7.819s][info][gc,start    ] GC(7) Pause Young (Normal) (G1 Evacuation Pause)
[7.819s][info][gc,task     ] GC(7) Using 8 workers of 8 for evacuation
[7.824s][info][gc,phases   ] GC(7)   Pre Evacuate Collection Set: 0.14ms
[7.824s][info][gc,phases   ] GC(7)   Merge Heap Roots: 0.09ms
[7.824s][info][gc,phases   ] GC(7)   Evacuate Collection Set: 4.52ms
[7.824s][info][gc,phases   ] GC(7)   Post Evacuate Collection Set: 0.38ms
[7.824s][info][gc,phases   ] GC(7)   Other: 0.08ms
[7.824s][info][gc,heap     ] GC(7) Eden regions: 591->0(590)
[7.824s][info][gc,heap     ] GC(7) Survivor regions: 23->24(77)
[7.824s][info][gc,heap     ] GC(7) Old regions: 19->19
[7.824s][info][gc,heap     ] GC(7) Humongous regions: 30->22
[7.824s][info][gc,metaspace] GC(7) Metaspace: 7649K(7936K)->7649K(7936K) NonClass: 7013K(7168K)->7013K(7168K) Class: 635K(768K)->635K(768K)
[7.824s][info][gc          ] GC(7) Pause Young (Normal) (G1 Evacuation Pause) 660M->63M(1024M) 5.363ms
[7.824s][info][gc,cpu      ] GC(7) User=0.04s Sys=0.00s Real=0.01s
[7.997s][info][gc,start    ] GC(8) Pause Young (Normal) (G1 Evacuation Pause)
[7.997s][info][gc,task     ] GC(8) Using 8 workers of 8 for evacuation
[8.003s][info][gc,phases   ] GC(8)   Pre Evacuate Collection Set: 0.13ms
[8.003s][info][gc,phases   ] GC(8)   Merge Heap Roots: 0.08ms
[8.003s][info][gc,phases   ] GC(8)   Evacuate Collection Set: 4.92ms
[8.003s][info][gc,phases   ] GC(8)   Post Evacuate Collection Set: 0.36ms
[8.003s][info][gc,phases   ] GC(8)   Other: 0.08ms
[8.003s][info][gc,heap     ] GC(8) Eden regions: 590->0(591)
[8.003s][info][gc,heap     ] GC(8) Survivor regions: 24->23(77)
[8.003s][info][gc,heap     ] GC(8) Old regions: 19->19
[8.003s][info][gc,heap     ] GC(8) Humongous regions: 22->22
[8.003s][info][gc,metaspace] GC(8) Metaspace: 7658K(7936K)->7658K(7936K) NonClass: 7022K(7168K)->7022K(7168K) Class: 635K(768K)->635K(768K)
[8.003s][info][gc          ] GC(8) Pause Young (Normal) (G1 Evacuation Pause) 653M->62M(1024M) 5.731ms
[8.003s][info][gc,cpu      ] GC(8) User=0.03s Sys=0.00s Real=0.01s
[8.174s][info][gc,start    ] GC(9) Pause Young (Normal) (G1 Evacuation Pause)
[8.174s][info][gc,task     ] GC(9) Using 8 workers of 8 for evacuation
[8.179s][info][gc,phases   ] GC(9)   Pre Evacuate Collection Set: 0.12ms
[8.179s][info][gc,phases   ] GC(9)   Merge Heap Roots: 0.08ms
[8.179s][info][gc,phases   ] GC(9)   Evacuate Collection Set: 4.31ms
[8.179s][info][gc,phases   ] GC(9)   Post Evacuate Collection Set: 0.35ms
[8.179s][info][gc,phases   ] GC(9)   Other: 0.08ms
[8.179s][info][gc,heap     ] GC(9) Eden regions: 591->0(591)
[8.179s][info][gc,heap     ] GC(9) Survivor regions: 23->23(77)
[8.179s][info][gc,heap     ] GC(9) Old regions: 19->19
[8.179s][info][gc,heap     ] GC(9) Humongous regions: 22->22
[8.179s][info][gc,metaspace] GC(9) Metaspace: 7658K(7936K)->7658K(7936K) NonClass: 7022K(7168K)->7022K(7168K) Class: 635K(768K)->635K(768K)
[8.179s][info][gc          ] GC(9) Pause Young (Normal) (G1 Evacuation Pause) 653M->61M(1024M) 5.097ms
[8.179s][info][gc,cpu      ] GC(9) User=0.04s Sys=0.00s Real=0.00s
[8.367s][info][gc,start    ] GC(10) Pause Young (Normal) (G1 Evacuation Pause)
[8.367s][info][gc,task     ] GC(10) Using 8 workers of 8 for evacuation
[8.372s][info][gc,phases   ] GC(10)   Pre Evacuate Collection Set: 0.13ms
[8.373s][info][gc,phases   ] GC(10)   Merge Heap Roots: 0.08ms
[8.373s][info][gc,phases   ] GC(10)   Evacuate Collection Set: 4.85ms
[8.373s][info][gc,phases   ] GC(10)   Post Evacuate Collection Set: 0.39ms
[8.373s][info][gc,phases   ] GC(10)   Other: 0.08ms
[8.373s][info][gc,heap     ] GC(10) Eden regions: 591->0(591)
[8.373s][info][gc,heap     ] GC(10) Survivor regions: 23->23(77)
[8.373s][info][gc,heap     ] GC(10) Old regions: 19->19
[8.373s][info][gc,heap     ] GC(10) Humongous regions: 22->22
[8.373s][info][gc,metaspace] GC(10) Metaspace: 7658K(7936K)->7658K(7936K) NonClass: 7022K(7168K)->7022K(7168K) Class: 635K(768K)->635K(768K)
[8.373s][info][gc          ] GC(10) Pause Young (Normal) (G1 Evacuation Pause) 652M->61M(1024M) 5.701ms
[8.373s][info][gc,cpu      ] GC(10) User=0.03s Sys=0.00s Real=0.01s
[8.545s][info][gc,start    ] GC(11) Pause Young (Normal) (G1 Evacuation Pause)
[8.545s][info][gc,task     ] GC(11) Using 8 workers of 8 for evacuation
[8.550s][info][gc,phases   ] GC(11)   Pre Evacuate Collection Set: 0.13ms
[8.550s][info][gc,phases   ] GC(11)   Merge Heap Roots: 0.08ms
[8.550s][info][gc,phases   ] GC(11)   Evacuate Collection Set: 4.56ms
[8.550s][info][gc,phases   ] GC(11)   Post Evacuate Collection Set: 0.38ms
[8.550s][info][gc,phases   ] GC(11)   Other: 0.07ms
[8.550s][info][gc,heap     ] GC(11) Eden regions: 591->0(590)
[8.550s][info][gc,heap     ] GC(11) Survivor regions: 23->24(77)
[8.550s][info][gc,heap     ] GC(11) Old regions: 19->19
[8.550s][info][gc,heap     ] GC(11) Humongous regions: 22->22
[8.550s][info][gc,metaspace] GC(11) Metaspace: 7658K(7936K)->7658K(7936K) NonClass: 7022K(7168K)->7022K(7168K) Class: 635K(768K)->635K(768K)
[8.550s][info][gc          ] GC(11) Pause Young (Normal) (G1 Evacuation Pause) 652M->62M(1024M) 5.361ms
[8.550s][info][gc,cpu      ] GC(11) User=0.03s Sys=0.01s Real=0.00s
[14.182s][info][gc,start    ] GC(12) Pause Young (Normal) (G1 Evacuation Pause)
[14.183s][info][gc,task     ] GC(12) Using 8 workers of 8 for evacuation
[14.188s][info][gc,phases   ] GC(12)   Pre Evacuate Collection Set: 0.12ms
[14.188s][info][gc,phases   ] GC(12)   Merge Heap Roots: 0.09ms
[14.188s][info][gc,phases   ] GC(12)   Evacuate Collection Set: 4.83ms
[14.188s][info][gc,phases   ] GC(12)   Post Evacuate Collection Set: 0.40ms
[14.188s][info][gc,phases   ] GC(12)   Other: 0.08ms
[14.188s][info][gc,heap     ] GC(12) Eden regions: 590->0(591)
[14.188s][info][gc,heap     ] GC(12) Survivor regions: 24->23(77)
[14.188s][info][gc,heap     ] GC(12) Old regions: 19->19
[14.188s][info][gc,heap     ] GC(12) Humongous regions: 22->22
[14.188s][info][gc,metaspace] GC(12) Metaspace: 7729K(7936K)->7729K(7936K) NonClass: 7089K(7168K)->7089K(7168K) Class: 639K(768K)->639K(768K)
[14.188s][info][gc          ] GC(12) Pause Young (Normal) (G1 Evacuation Pause) 652M->62M(1024M) 5.675ms
[14.188s][info][gc,cpu      ] GC(12) User=0.03s Sys=0.00s Real=0.00s
[14.649s][info][gc,start    ] GC(13) Pause Young (Normal) (G1 Evacuation Pause)
[14.649s][info][gc,task     ] GC(13) Using 8 workers of 8 for evacuation
[14.655s][info][gc,phases   ] GC(13)   Pre Evacuate Collection Set: 0.12ms
[14.655s][info][gc,phases   ] GC(13)   Merge Heap Roots: 0.08ms
[14.655s][info][gc,phases   ] GC(13)   Evacuate Collection Set: 4.92ms
[14.655s][info][gc,phases   ] GC(13)   Post Evacuate Collection Set: 0.35ms
[14.655s][info][gc,phases   ] GC(13)   Other: 0.08ms
[14.655s][info][gc,heap     ] GC(13) Eden regions: 591->0(591)
[14.655s][info][gc,heap     ] GC(13) Survivor regions: 23->23(77)
[14.655s][info][gc,heap     ] GC(13) Old regions: 19->19
[14.655s][info][gc,heap     ] GC(13) Humongous regions: 22->22
[14.655s][info][gc,metaspace] GC(13) Metaspace: 7729K(7936K)->7729K(7936K) NonClass: 7089K(7168K)->7089K(7168K) Class: 639K(768K)->639K(768K)
[14.655s][info][gc          ] GC(13) Pause Young (Normal) (G1 Evacuation Pause) 653M->62M(1024M) 5.737ms
[14.655s][info][gc,cpu      ] GC(13) User=0.04s Sys=0.00s Real=0.01s
[20.320s][info][gc,start    ] GC(14) Pause Young (Normal) (G1 Evacuation Pause)
[20.320s][info][gc,task     ] GC(14) Using 8 workers of 8 for evacuation
[20.325s][info][gc,phases   ] GC(14)   Pre Evacuate Collection Set: 0.13ms
[20.325s][info][gc,phases   ] GC(14)   Merge Heap Roots: 0.08ms
[20.325s][info][gc,phases   ] GC(14)   Evacuate Collection Set: 4.57ms
[20.325s][info][gc,phases   ] GC(14)   Post Evacuate Collection Set: 0.38ms
[20.325s][info][gc,phases   ] GC(14)   Other: 0.11ms
[20.325s][info][gc,heap     ] GC(14) Eden regions: 591->0(590)
[20.325s][info][gc,heap     ] GC(14) Survivor regions: 23->24(77)
[20.325s][info][gc,heap     ] GC(14) Old regions: 19->19
[20.325s][info][gc,heap     ] GC(14) Humongous regions: 22->22
[20.325s][info][gc,metaspace] GC(14) Metaspace: 7748K(8064K)->7748K(8064K) NonClass: 7109K(7296K)->7109K(7296K) Class: 639K(768K)->639K(768K)
[20.325s][info][gc          ] GC(14) Pause Young (Normal) (G1 Evacuation Pause) 653M->62M(1024M) 5.430ms
[20.325s][info][gc,cpu      ] GC(14) User=0.03s Sys=0.00s Real=0.01s
[20.779s][info][gc,start    ] GC(15) Pause Young (Normal) (G1 Evacuation Pause)
[20.779s][info][gc,task     ] GC(15) Using 8 workers of 8 for evacuation
[20.784s][info][gc,phases   ] GC(15)   Pre Evacuate Collection Set: 0.10ms
[20.784s][info][gc,phases   ] GC(15)   Merge Heap Roots: 0.07ms
[20.784s][info][gc,phases   ] GC(15)   Evacuate Collection Set: 4.60ms
[20.784s][info][gc,phases   ] GC(15)   Post Evacuate Collection Set: 0.37ms
[20.784s][info][gc,phases   ] GC(15)   Other: 0.08ms
[20.784s][info][gc,heap     ] GC(15) Eden regions: 590->0(595)
[20.784s][info][gc,heap     ] GC(15) Survivor regions: 24->19(77)
[20.784s][info][gc,heap     ] GC(15) Old regions: 19->23
[20.784s][info][gc,heap     ] GC(15) Humongous regions: 22->22
[20.784s][info][gc,metaspace] GC(15) Metaspace: 7748K(8064K)->7748K(8064K) NonClass: 7109K(7296K)->7109K(7296K) Class: 639K(768K)->639K(768K)
[20.785s][info][gc          ] GC(15) Pause Young (Normal) (G1 Evacuation Pause) 652M->62M(1024M) 5.457ms
[20.785s][info][gc,cpu      ] GC(15) User=0.04s Sys=0.00s Real=0.01s
[26.386s][info][gc,start    ] GC(16) Pause Young (Normal) (G1 Evacuation Pause)
[26.386s][info][gc,task     ] GC(16) Using 8 workers of 8 for evacuation
[26.390s][info][gc,phases   ] GC(16)   Pre Evacuate Collection Set: 0.17ms
[26.390s][info][gc,phases   ] GC(16)   Merge Heap Roots: 0.07ms
[26.390s][info][gc,phases   ] GC(16)   Evacuate Collection Set: 4.13ms
[26.390s][info][gc,phases   ] GC(16)   Post Evacuate Collection Set: 0.29ms
[26.390s][info][gc,phases   ] GC(16)   Other: 0.09ms
[26.390s][info][gc,heap     ] GC(16) Eden regions: 595->0(611)
[26.390s][info][gc,heap     ] GC(16) Survivor regions: 19->3(77)
[26.390s][info][gc,heap     ] GC(16) Old regions: 23->41
[26.390s][info][gc,heap     ] GC(16) Humongous regions: 22->22
[26.390s][info][gc,metaspace] GC(16) Metaspace: 7767K(8064K)->7767K(8064K) NonClass: 7127K(7296K)->7127K(7296K) Class: 640K(768K)->640K(768K)
[26.390s][info][gc          ] GC(16) Pause Young (Normal) (G1 Evacuation Pause) 657M->64M(1024M) 4.927ms
[26.390s][info][gc,cpu      ] GC(16) User=0.02s Sys=0.01s Real=0.00s
[26.650s][info][gc,start    ] GC(17) Pause Young (Normal) (G1 Evacuation Pause)
[26.650s][info][gc,task     ] GC(17) Using 8 workers of 8 for evacuation
[26.651s][info][gc,phases   ] GC(17)   Pre Evacuate Collection Set: 0.15ms
[26.651s][info][gc,phases   ] GC(17)   Merge Heap Roots: 0.11ms
[26.651s][info][gc,phases   ] GC(17)   Evacuate Collection Set: 0.28ms
[26.651s][info][gc,phases   ] GC(17)   Post Evacuate Collection Set: 0.27ms
[26.651s][info][gc,phases   ] GC(17)   Other: 0.08ms
[26.651s][info][gc,heap     ] GC(17) Eden regions: 611->0(613)
[26.651s][info][gc,heap     ] GC(17) Survivor regions: 3->1(77)
[26.651s][info][gc,heap     ] GC(17) Old regions: 41->41
[26.651s][info][gc,heap     ] GC(17) Humongous regions: 22->22
[26.651s][info][gc,metaspace] GC(17) Metaspace: 7767K(8064K)->7767K(8064K) NonClass: 7127K(7296K)->7127K(7296K) Class: 640K(768K)->640K(768K)
[26.651s][info][gc          ] GC(17) Pause Young (Normal) (G1 Evacuation Pause) 675M->62M(1024M) 1.030ms
[26.651s][info][gc,cpu      ] GC(17) User=0.01s Sys=0.00s Real=0.00s
[26.904s][info][gc,start    ] GC(18) Pause Young (Normal) (G1 Evacuation Pause)
[26.904s][info][gc,task     ] GC(18) Using 8 workers of 8 for evacuation
[26.904s][info][gc,phases   ] GC(18)   Pre Evacuate Collection Set: 0.10ms
[26.904s][info][gc,phases   ] GC(18)   Merge Heap Roots: 0.07ms
[26.904s][info][gc,phases   ] GC(18)   Evacuate Collection Set: 0.22ms
[26.904s][info][gc,phases   ] GC(18)   Post Evacuate Collection Set: 0.25ms
[26.904s][info][gc,phases   ] GC(18)   Other: 0.09ms
[26.904s][info][gc,heap     ] GC(18) Eden regions: 613->0(613)
[26.904s][info][gc,heap     ] GC(18) Survivor regions: 1->1(77)
[26.904s][info][gc,heap     ] GC(18) Old regions: 41->41
[26.904s][info][gc,heap     ] GC(18) Humongous regions: 22->22
[26.904s][info][gc,metaspace] GC(18) Metaspace: 7767K(8064K)->7767K(8064K) NonClass: 7127K(7296K)->7127K(7296K) Class: 640K(768K)->640K(768K)
[26.904s][info][gc          ] GC(18) Pause Young (Normal) (G1 Evacuation Pause) 675M->62M(1024M) 0.866ms
[26.904s][info][gc,cpu      ] GC(18) User=0.01s Sys=0.00s Real=0.00s
[27.156s][info][gc,start    ] GC(19) Pause Young (Normal) (G1 Evacuation Pause)
[27.156s][info][gc,task     ] GC(19) Using 8 workers of 8 for evacuation
[27.157s][info][gc,phases   ] GC(19)   Pre Evacuate Collection Set: 0.11ms
[27.157s][info][gc,phases   ] GC(19)   Merge Heap Roots: 0.06ms
[27.157s][info][gc,phases   ] GC(19)   Evacuate Collection Set: 0.25ms
[27.157s][info][gc,phases   ] GC(19)   Post Evacuate Collection Set: 0.23ms
[27.157s][info][gc,phases   ] GC(19)   Other: 0.06ms
[27.157s][info][gc,heap     ] GC(19) Eden regions: 613->0(613)
[27.157s][info][gc,heap     ] GC(19) Survivor regions: 1->1(77)
[27.157s][info][gc,heap     ] GC(19) Old regions: 41->41
[27.157s][info][gc,heap     ] GC(19) Humongous regions: 22->22
[27.157s][info][gc,metaspace] GC(19) Metaspace: 7767K(8064K)->7767K(8064K) NonClass: 7127K(7296K)->7127K(7296K) Class: 640K(768K)->640K(768K)
[27.157s][info][gc          ] GC(19) Pause Young (Normal) (G1 Evacuation Pause) 675M->62M(1024M) 0.845ms
[27.157s][info][gc,cpu      ] GC(19) User=0.00s Sys=0.00s Real=0.00s
[32.777s][info][gc,start    ] GC(20) Pause Young (Normal) (G1 Evacuation Pause)
[32.777s][info][gc,task     ] GC(20) Using 8 workers of 8 for evacuation
[32.778s][info][gc,phases   ] GC(20)   Pre Evacuate Collection Set: 0.11ms
[32.778s][info][gc,phases   ] GC(20)   Merge Heap Roots: 0.06ms
[32.778s][info][gc,phases   ] GC(20)   Evacuate Collection Set: 0.19ms
[32.778s][info][gc,phases   ] GC(20)   Post Evacuate Collection Set: 0.24ms
[32.778s][info][gc,phases   ] GC(20)   Other: 0.08ms
[32.778s][info][gc,heap     ] GC(20) Eden regions: 613->0(613)
[32.778s][info][gc,heap     ] GC(20) Survivor regions: 1->1(77)
[32.778s][info][gc,heap     ] GC(20) Old regions: 41->41
[32.778s][info][gc,heap     ] GC(20) Humongous regions: 22->22
[32.778s][info][gc,metaspace] GC(20) Metaspace: 7772K(8064K)->7772K(8064K) NonClass: 7132K(7296K)->7132K(7296K) Class: 640K(768K)->640K(768K)
[32.778s][info][gc          ] GC(20) Pause Young (Normal) (G1 Evacuation Pause) 675M->62M(1024M) 0.820ms
[32.778s][info][gc,cpu      ] GC(20) User=0.00s Sys=0.00s Real=0.00s
[33.243s][info][gc,start    ] GC(21) Pause Young (Normal) (G1 Evacuation Pause)
[33.243s][info][gc,task     ] GC(21) Using 8 workers of 8 for evacuation
[33.244s][info][gc,phases   ] GC(21)   Pre Evacuate Collection Set: 0.11ms
[33.244s][info][gc,phases   ] GC(21)   Merge Heap Roots: 0.07ms
[33.244s][info][gc,phases   ] GC(21)   Evacuate Collection Set: 0.17ms
[33.244s][info][gc,phases   ] GC(21)   Post Evacuate Collection Set: 0.24ms
[33.244s][info][gc,phases   ] GC(21)   Other: 0.09ms
[33.244s][info][gc,heap     ] GC(21) Eden regions: 613->0(613)
[33.244s][info][gc,heap     ] GC(21) Survivor regions: 1->1(77)
[33.244s][info][gc,heap     ] GC(21) Old regions: 41->41
[33.244s][info][gc,heap     ] GC(21) Humongous regions: 22->22
[33.244s][info][gc,metaspace] GC(21) Metaspace: 7772K(8064K)->7772K(8064K) NonClass: 7132K(7296K)->7132K(7296K) Class: 640K(768K)->640K(768K)
[33.244s][info][gc          ] GC(21) Pause Young (Normal) (G1 Evacuation Pause) 675M->62M(1024M) 0.845ms
[33.244s][info][gc,cpu      ] GC(21) User=0.00s Sys=0.00s Real=0.00s
[38.950s][info][gc,start    ] GC(22) Pause Young (Normal) (G1 Evacuation Pause)
[38.950s][info][gc,task     ] GC(22) Using 8 workers of 8 for evacuation
[38.951s][info][gc,phases   ] GC(22)   Pre Evacuate Collection Set: 0.11ms
[38.951s][info][gc,phases   ] GC(22)   Merge Heap Roots: 0.06ms
[38.951s][info][gc,phases   ] GC(22)   Evacuate Collection Set: 0.15ms
[38.951s][info][gc,phases   ] GC(22)   Post Evacuate Collection Set: 0.21ms
[38.951s][info][gc,phases   ] GC(22)   Other: 0.08ms
[38.951s][info][gc,heap     ] GC(22) Eden regions: 613->0(613)
[38.951s][info][gc,heap     ] GC(22) Survivor regions: 1->1(77)
[38.951s][info][gc,heap     ] GC(22) Old regions: 41->41
[38.951s][info][gc,heap     ] GC(22) Humongous regions: 22->22
[38.951s][info][gc,metaspace] GC(22) Metaspace: 7787K(8064K)->7787K(8064K) NonClass: 7146K(7296K)->7146K(7296K) Class: 640K(768K)->640K(768K)
[38.951s][info][gc          ] GC(22) Pause Young (Normal) (G1 Evacuation Pause) 675M->62M(1024M) 0.752ms
[38.951s][info][gc,cpu      ] GC(22) User=0.00s Sys=0.00s Real=0.00s
[39.423s][info][gc,start    ] GC(23) Pause Young (Normal) (G1 Evacuation Pause)
[39.423s][info][gc,task     ] GC(23) Using 8 workers of 8 for evacuation
[39.424s][info][gc,phases   ] GC(23)   Pre Evacuate Collection Set: 0.11ms
[39.424s][info][gc,phases   ] GC(23)   Merge Heap Roots: 0.06ms
[39.424s][info][gc,phases   ] GC(23)   Evacuate Collection Set: 0.18ms
[39.424s][info][gc,phases   ] GC(23)   Post Evacuate Collection Set: 0.23ms
[39.424s][info][gc,phases   ] GC(23)   Other: 0.08ms
[39.424s][info][gc,heap     ] GC(23) Eden regions: 613->0(613)
[39.424s][info][gc,heap     ] GC(23) Survivor regions: 1->1(77)
[39.424s][info][gc,heap     ] GC(23) Old regions: 41->41
[39.424s][info][gc,heap     ] GC(23) Humongous regions: 22->22
[39.424s][info][gc,metaspace] GC(23) Metaspace: 7787K(8064K)->7787K(8064K) NonClass: 7146K(7296K)->7146K(7296K) Class: 640K(768K)->640K(768K)
[39.424s][info][gc          ] GC(23) Pause Young (Normal) (G1 Evacuation Pause) 675M->62M(1024M) 0.832ms
[39.424s][info][gc,cpu      ] GC(23) User=0.00s Sys=0.00s Real=0.00s
[44.921s][info][gc,start    ] GC(24) Pause Young (Normal) (G1 Evacuation Pause)
[44.922s][info][gc,task     ] GC(24) Using 8 workers of 8 for evacuation
[44.922s][info][gc,phases   ] GC(24)   Pre Evacuate Collection Set: 0.16ms
[44.922s][info][gc,phases   ] GC(24)   Merge Heap Roots: 0.07ms
[44.922s][info][gc,phases   ] GC(24)   Evacuate Collection Set: 0.17ms
[44.922s][info][gc,phases   ] GC(24)   Post Evacuate Collection Set: 0.22ms
[44.922s][info][gc,phases   ] GC(24)   Other: 0.08ms
[44.922s][info][gc,heap     ] GC(24) Eden regions: 613->0(613)
[44.922s][info][gc,heap     ] GC(24) Survivor regions: 1->1(77)
[44.922s][info][gc,heap     ] GC(24) Old regions: 41->41
[44.922s][info][gc,heap     ] GC(24) Humongous regions: 22->22
[44.922s][info][gc,metaspace] GC(24) Metaspace: 7790K(8064K)->7790K(8064K) NonClass: 7150K(7296K)->7150K(7296K) Class: 640K(768K)->640K(768K)
[44.922s][info][gc          ] GC(24) Pause Young (Normal) (G1 Evacuation Pause) 675M->62M(1024M) 1.145ms
[44.922s][info][gc,cpu      ] GC(24) User=0.00s Sys=0.00s Real=0.01s
[45.185s][info][gc,start    ] GC(25) Pause Young (Normal) (G1 Evacuation Pause)
[45.185s][info][gc,task     ] GC(25) Using 8 workers of 8 for evacuation
[45.186s][info][gc,phases   ] GC(25)   Pre Evacuate Collection Set: 0.12ms
[45.186s][info][gc,phases   ] GC(25)   Merge Heap Roots: 0.09ms
[45.186s][info][gc,phases   ] GC(25)   Evacuate Collection Set: 0.15ms
[45.186s][info][gc,phases   ] GC(25)   Post Evacuate Collection Set: 0.22ms
[45.186s][info][gc,phases   ] GC(25)   Other: 0.08ms
[45.186s][info][gc,heap     ] GC(25) Eden regions: 613->0(613)
[45.186s][info][gc,heap     ] GC(25) Survivor regions: 1->1(77)
[45.186s][info][gc,heap     ] GC(25) Old regions: 41->41
[45.186s][info][gc,heap     ] GC(25) Humongous regions: 22->22
[45.186s][info][gc,metaspace] GC(25) Metaspace: 7790K(8064K)->7790K(8064K) NonClass: 7150K(7296K)->7150K(7296K) Class: 640K(768K)->640K(768K)
[45.186s][info][gc          ] GC(25) Pause Young (Normal) (G1 Evacuation Pause) 675M->62M(1024M) 0.813ms
[45.186s][info][gc,cpu      ] GC(25) User=0.00s Sys=0.00s Real=0.00s
[45.436s][info][gc,start    ] GC(26) Pause Young (Normal) (G1 Evacuation Pause)
[45.436s][info][gc,task     ] GC(26) Using 8 workers of 8 for evacuation
[45.437s][info][gc,phases   ] GC(26)   Pre Evacuate Collection Set: 0.10ms
[45.437s][info][gc,phases   ] GC(26)   Merge Heap Roots: 0.07ms
[45.437s][info][gc,phases   ] GC(26)   Evacuate Collection Set: 0.15ms
[45.437s][info][gc,phases   ] GC(26)   Post Evacuate Collection Set: 0.22ms
[45.437s][info][gc,phases   ] GC(26)   Other: 0.08ms
[45.437s][info][gc,heap     ] GC(26) Eden regions: 613->0(613)
[45.437s][info][gc,heap     ] GC(26) Survivor regions: 1->1(77)
[45.437s][info][gc,heap     ] GC(26) Old regions: 41->41
[45.437s][info][gc,heap     ] GC(26) Humongous regions: 22->22
[45.437s][info][gc,metaspace] GC(26) Metaspace: 7790K(8064K)->7790K(8064K) NonClass: 7150K(7296K)->7150K(7296K) Class: 640K(768K)->640K(768K)
[45.437s][info][gc          ] GC(26) Pause Young (Normal) (G1 Evacuation Pause) 675M->62M(1024M) 0.758ms
[45.437s][info][gc,cpu      ] GC(26) User=0.00s Sys=0.00s Real=0.00s
[57.110s][info][gc,start    ] GC(27) Pause Young (Normal) (G1 Evacuation Pause)
[57.110s][info][gc,task     ] GC(27) Using 8 workers of 8 for evacuation
[57.110s][info][gc,phases   ] GC(27)   Pre Evacuate Collection Set: 0.10ms
[57.110s][info][gc,phases   ] GC(27)   Merge Heap Roots: 0.06ms
[57.110s][info][gc,phases   ] GC(27)   Evacuate Collection Set: 0.15ms
[57.110s][info][gc,phases   ] GC(27)   Post Evacuate Collection Set: 0.21ms
[57.110s][info][gc,phases   ] GC(27)   Other: 0.07ms
[57.110s][info][gc,heap     ] GC(27) Eden regions: 613->0(613)
[57.110s][info][gc,heap     ] GC(27) Survivor regions: 1->1(77)
[57.110s][info][gc,heap     ] GC(27) Old regions: 41->41
[57.110s][info][gc,heap     ] GC(27) Humongous regions: 22->22
[57.110s][info][gc,metaspace] GC(27) Metaspace: 7802K(8064K)->7802K(8064K) NonClass: 7161K(7296K)->7161K(7296K) Class: 640K(768K)->640K(768K)
[57.110s][info][gc          ] GC(27) Pause Young (Normal) (G1 Evacuation Pause) 675M->62M(1024M) 0.742ms
[57.110s][info][gc,cpu      ] GC(27) User=0.01s Sys=0.00s Real=0.00s
[57.373s][info][gc,start    ] GC(28) Pause Young (Normal) (G1 Evacuation Pause)
[57.373s][info][gc,task     ] GC(28) Using 8 workers of 8 for evacuation
[57.373s][info][gc,phases   ] GC(28)   Pre Evacuate Collection Set: 0.15ms
[57.373s][info][gc,phases   ] GC(28)   Merge Heap Roots: 0.06ms
[57.373s][info][gc,phases   ] GC(28)   Evacuate Collection Set: 0.13ms
[57.373s][info][gc,phases   ] GC(28)   Post Evacuate Collection Set: 0.19ms
[57.373s][info][gc,phases   ] GC(28)   Other: 0.07ms
[57.373s][info][gc,heap     ] GC(28) Eden regions: 613->0(613)
[57.373s][info][gc,heap     ] GC(28) Survivor regions: 1->1(77)
[57.373s][info][gc,heap     ] GC(28) Old regions: 41->41
[57.373s][info][gc,heap     ] GC(28) Humongous regions: 22->22
[57.373s][info][gc,metaspace] GC(28) Metaspace: 7802K(8064K)->7802K(8064K) NonClass: 7161K(7296K)->7161K(7296K) Class: 640K(768K)->640K(768K)
[57.373s][info][gc          ] GC(28) Pause Young (Normal) (G1 Evacuation Pause) 675M->62M(1024M) 0.758ms
[57.373s][info][gc,cpu      ] GC(28) User=0.01s Sys=0.00s Real=0.00s
[57.624s][info][gc,start    ] GC(29) Pause Young (Normal) (G1 Evacuation Pause)
[57.624s][info][gc,task     ] GC(29) Using 8 workers of 8 for evacuation
[57.625s][info][gc,phases   ] GC(29)   Pre Evacuate Collection Set: 0.15ms
[57.625s][info][gc,phases   ] GC(29)   Merge Heap Roots: 0.06ms
[57.625s][info][gc,phases   ] GC(29)   Evacuate Collection Set: 0.35ms
[57.625s][info][gc,phases   ] GC(29)   Post Evacuate Collection Set: 0.21ms
[57.625s][info][gc,phases   ] GC(29)   Other: 0.06ms
[57.625s][info][gc,heap     ] GC(29) Eden regions: 613->0(613)
[57.625s][info][gc,heap     ] GC(29) Survivor regions: 1->1(77)
[57.625s][info][gc,heap     ] GC(29) Old regions: 41->41
[57.625s][info][gc,heap     ] GC(29) Humongous regions: 22->22
[57.625s][info][gc,metaspace] GC(29) Metaspace: 7802K(8064K)->7802K(8064K) NonClass: 7161K(7296K)->7161K(7296K) Class: 640K(768K)->640K(768K)
[57.625s][info][gc          ] GC(29) Pause Young (Normal) (G1 Evacuation Pause) 675M->62M(1024M) 1.004ms
[57.625s][info][gc,cpu      ] GC(29) User=0.01s Sys=0.00s Real=0.00s
[57.876s][info][gc,start    ] GC(30) Pause Young (Normal) (G1 Evacuation Pause)
[57.876s][info][gc,task     ] GC(30) Using 8 workers of 8 for evacuation
[57.877s][info][gc,phases   ] GC(30)   Pre Evacuate Collection Set: 0.12ms
[57.877s][info][gc,phases   ] GC(30)   Merge Heap Roots: 0.07ms
[57.877s][info][gc,phases   ] GC(30)   Evacuate Collection Set: 0.14ms
[57.877s][info][gc,phases   ] GC(30)   Post Evacuate Collection Set: 0.23ms
[57.877s][info][gc,phases   ] GC(30)   Other: 0.06ms
[57.877s][info][gc,heap     ] GC(30) Eden regions: 613->0(613)
[57.877s][info][gc,heap     ] GC(30) Survivor regions: 1->1(77)
[57.877s][info][gc,heap     ] GC(30) Old regions: 41->41
[57.877s][info][gc,heap     ] GC(30) Humongous regions: 22->22
[57.877s][info][gc,metaspace] GC(30) Metaspace: 7802K(8064K)->7802K(8064K) NonClass: 7161K(7296K)->7161K(7296K) Class: 640K(768K)->640K(768K)
[57.877s][info][gc          ] GC(30) Pause Young (Normal) (G1 Evacuation Pause) 675M->62M(1024M) 0.744ms
[57.877s][info][gc,cpu      ] GC(30) User=0.00s Sys=0.00s Real=0.00s
[63.360s][info][gc,start    ] GC(31) Pause Young (Normal) (G1 Evacuation Pause)
[63.360s][info][gc,task     ] GC(31) Using 8 workers of 8 for evacuation
[63.361s][info][gc,phases   ] GC(31)   Pre Evacuate Collection Set: 0.11ms
[63.361s][info][gc,phases   ] GC(31)   Merge Heap Roots: 0.07ms
[63.361s][info][gc,phases   ] GC(31)   Evacuate Collection Set: 0.16ms
[63.361s][info][gc,phases   ] GC(31)   Post Evacuate Collection Set: 0.22ms
[63.361s][info][gc,phases   ] GC(31)   Other: 0.07ms
[63.361s][info][gc,heap     ] GC(31) Eden regions: 613->0(613)
[63.361s][info][gc,heap     ] GC(31) Survivor regions: 1->1(77)
[63.361s][info][gc,heap     ] GC(31) Old regions: 41->41
[63.361s][info][gc,heap     ] GC(31) Humongous regions: 22->22
[63.361s][info][gc,metaspace] GC(31) Metaspace: 7803K(8064K)->7803K(8064K) NonClass: 7162K(7296K)->7162K(7296K) Class: 640K(768K)->640K(768K)
[63.361s][info][gc          ] GC(31) Pause Young (Normal) (G1 Evacuation Pause) 675M->62M(1024M) 0.776ms
[63.361s][info][gc,cpu      ] GC(31) User=0.00s Sys=0.00s Real=0.00s
[63.638s][info][gc,start    ] GC(32) Pause Young (Normal) (G1 Evacuation Pause)
[63.638s][info][gc,task     ] GC(32) Using 8 workers of 8 for evacuation
[63.639s][info][gc,phases   ] GC(32)   Pre Evacuate Collection Set: 0.11ms
[63.639s][info][gc,phases   ] GC(32)   Merge Heap Roots: 0.07ms
[63.639s][info][gc,phases   ] GC(32)   Evacuate Collection Set: 0.12ms
[63.639s][info][gc,phases   ] GC(32)   Post Evacuate Collection Set: 0.21ms
[63.639s][info][gc,phases   ] GC(32)   Other: 0.07ms
[63.639s][info][gc,heap     ] GC(32) Eden regions: 613->0(613)
[63.639s][info][gc,heap     ] GC(32) Survivor regions: 1->1(77)
[63.639s][info][gc,heap     ] GC(32) Old regions: 41->41
[63.639s][info][gc,heap     ] GC(32) Humongous regions: 22->22
[63.639s][info][gc,metaspace] GC(32) Metaspace: 7803K(8064K)->7803K(8064K) NonClass: 7162K(7296K)->7162K(7296K) Class: 640K(768K)->640K(768K)
[63.639s][info][gc          ] GC(32) Pause Young (Normal) (G1 Evacuation Pause) 675M->62M(1024M) 0.740ms
[63.639s][info][gc,cpu      ] GC(32) User=0.00s Sys=0.00s Real=0.00s
[63.890s][info][gc,start    ] GC(33) Pause Young (Normal) (G1 Evacuation Pause)
[63.890s][info][gc,task     ] GC(33) Using 8 workers of 8 for evacuation
[63.890s][info][gc,phases   ] GC(33)   Pre Evacuate Collection Set: 0.13ms
[63.890s][info][gc,phases   ] GC(33)   Merge Heap Roots: 0.07ms
[63.890s][info][gc,phases   ] GC(33)   Evacuate Collection Set: 0.16ms
[63.890s][info][gc,phases   ] GC(33)   Post Evacuate Collection Set: 0.22ms
[63.890s][info][gc,phases   ] GC(33)   Other: 0.08ms
[63.890s][info][gc,heap     ] GC(33) Eden regions: 613->0(613)
[63.890s][info][gc,heap     ] GC(33) Survivor regions: 1->1(77)
[63.890s][info][gc,heap     ] GC(33) Old regions: 41->41
[63.890s][info][gc,heap     ] GC(33) Humongous regions: 22->22
[63.890s][info][gc,metaspace] GC(33) Metaspace: 7803K(8064K)->7803K(8064K) NonClass: 7162K(7296K)->7162K(7296K) Class: 640K(768K)->640K(768K)
[63.890s][info][gc          ] GC(33) Pause Young (Normal) (G1 Evacuation Pause) 675M->62M(1024M) 0.842ms
[63.890s][info][gc,cpu      ] GC(33) User=0.00s Sys=0.00s Real=0.00s
[64.152s][info][gc,start    ] GC(34) Pause Young (Normal) (G1 Evacuation Pause)
[64.152s][info][gc,task     ] GC(34) Using 8 workers of 8 for evacuation
[64.153s][info][gc,phases   ] GC(34)   Pre Evacuate Collection Set: 0.12ms
[64.153s][info][gc,phases   ] GC(34)   Merge Heap Roots: 0.07ms
[64.153s][info][gc,phases   ] GC(34)   Evacuate Collection Set: 0.12ms
[64.153s][info][gc,phases   ] GC(34)   Post Evacuate Collection Set: 0.24ms
[64.153s][info][gc,phases   ] GC(34)   Other: 0.09ms
[64.153s][info][gc,heap     ] GC(34) Eden regions: 613->0(613)
[64.153s][info][gc,heap     ] GC(34) Survivor regions: 1->1(77)
[64.153s][info][gc,heap     ] GC(34) Old regions: 41->41
[64.153s][info][gc,heap     ] GC(34) Humongous regions: 22->22
[64.153s][info][gc,metaspace] GC(34) Metaspace: 7803K(8064K)->7803K(8064K) NonClass: 7162K(7296K)->7162K(7296K) Class: 640K(768K)->640K(768K)
[64.153s][info][gc          ] GC(34) Pause Young (Normal) (G1 Evacuation Pause) 675M->62M(1024M) 0.772ms
[64.153s][info][gc,cpu      ] GC(34) User=0.00s Sys=0.00s Real=0.00s
[69.872s][info][gc,start    ] GC(35) Pause Young (Normal) (G1 Evacuation Pause)
[69.872s][info][gc,task     ] GC(35) Using 8 workers of 8 for evacuation
[69.873s][info][gc,phases   ] GC(35)   Pre Evacuate Collection Set: 0.12ms
[69.873s][info][gc,phases   ] GC(35)   Merge Heap Roots: 0.06ms
[69.873s][info][gc,phases   ] GC(35)   Evacuate Collection Set: 0.22ms
[69.873s][info][gc,phases   ] GC(35)   Post Evacuate Collection Set: 0.22ms
[69.873s][info][gc,phases   ] GC(35)   Other: 0.09ms
[69.873s][info][gc,heap     ] GC(35) Eden regions: 613->0(613)
[69.873s][info][gc,heap     ] GC(35) Survivor regions: 1->1(77)
[69.873s][info][gc,heap     ] GC(35) Old regions: 41->41
[69.873s][info][gc,heap     ] GC(35) Humongous regions: 22->22
[69.873s][info][gc,metaspace] GC(35) Metaspace: 7804K(8064K)->7804K(8064K) NonClass: 7164K(7296K)->7164K(7296K) Class: 640K(768K)->640K(768K)
[69.873s][info][gc          ] GC(35) Pause Young (Normal) (G1 Evacuation Pause) 675M->62M(1024M) 0.874ms
[69.873s][info][gc,cpu      ] GC(35) User=0.00s Sys=0.00s Real=0.00s
[70.358s][info][gc,start    ] GC(36) Pause Young (Normal) (G1 Evacuation Pause)
[70.358s][info][gc,task     ] GC(36) Using 8 workers of 8 for evacuation
[70.359s][info][gc,phases   ] GC(36)   Pre Evacuate Collection Set: 0.16ms
[70.359s][info][gc,phases   ] GC(36)   Merge Heap Roots: 0.06ms
[70.359s][info][gc,phases   ] GC(36)   Evacuate Collection Set: 0.13ms
[70.359s][info][gc,phases   ] GC(36)   Post Evacuate Collection Set: 0.22ms
[70.359s][info][gc,phases   ] GC(36)   Other: 0.09ms
[70.359s][info][gc,heap     ] GC(36) Eden regions: 613->0(613)
[70.359s][info][gc,heap     ] GC(36) Survivor regions: 1->1(77)
[70.359s][info][gc,heap     ] GC(36) Old regions: 41->41
[70.359s][info][gc,heap     ] GC(36) Humongous regions: 22->22
[70.359s][info][gc,metaspace] GC(36) Metaspace: 7804K(8064K)->7804K(8064K) NonClass: 7164K(7296K)->7164K(7296K) Class: 640K(768K)->640K(768K)
[70.359s][info][gc          ] GC(36) Pause Young (Normal) (G1 Evacuation Pause) 675M->62M(1024M) 0.820ms
[70.359s][info][gc,cpu      ] GC(36) User=0.00s Sys=0.00s Real=0.00s
[75.838s][info][gc,start    ] GC(37) Pause Young (Normal) (G1 Evacuation Pause)
[75.838s][info][gc,task     ] GC(37) Using 8 workers of 8 for evacuation
[75.839s][info][gc,phases   ] GC(37)   Pre Evacuate Collection Set: 0.12ms
[75.839s][info][gc,phases   ] GC(37)   Merge Heap Roots: 0.07ms
[75.839s][info][gc,phases   ] GC(37)   Evacuate Collection Set: 0.12ms
[75.839s][info][gc,phases   ] GC(37)   Post Evacuate Collection Set: 0.22ms
[75.839s][info][gc,phases   ] GC(37)   Other: 0.08ms
[75.839s][info][gc,heap     ] GC(37) Eden regions: 613->0(613)
[75.839s][info][gc,heap     ] GC(37) Survivor regions: 1->1(77)
[75.839s][info][gc,heap     ] GC(37) Old regions: 41->41
[75.839s][info][gc,heap     ] GC(37) Humongous regions: 22->22
[75.839s][info][gc,metaspace] GC(37) Metaspace: 7805K(8064K)->7805K(8064K) NonClass: 7165K(7296K)->7165K(7296K) Class: 640K(768K)->640K(768K)
[75.839s][info][gc          ] GC(37) Pause Young (Normal) (G1 Evacuation Pause) 675M->62M(1024M) 0.784ms
[75.839s][info][gc,cpu      ] GC(37) User=0.00s Sys=0.00s Real=0.00s
[76.092s][info][gc,start    ] GC(38) Pause Young (Normal) (G1 Evacuation Pause)
[76.092s][info][gc,task     ] GC(38) Using 8 workers of 8 for evacuation
[76.093s][info][gc,phases   ] GC(38)   Pre Evacuate Collection Set: 0.12ms
[76.093s][info][gc,phases   ] GC(38)   Merge Heap Roots: 0.07ms
[76.093s][info][gc,phases   ] GC(38)   Evacuate Collection Set: 0.15ms
[76.093s][info][gc,phases   ] GC(38)   Post Evacuate Collection Set: 0.21ms
[76.093s][info][gc,phases   ] GC(38)   Other: 0.08ms
[76.093s][info][gc,heap     ] GC(38) Eden regions: 613->0(613)
[76.093s][info][gc,heap     ] GC(38) Survivor regions: 1->1(77)
[76.093s][info][gc,heap     ] GC(38) Old regions: 41->41
[76.093s][info][gc,heap     ] GC(38) Humongous regions: 22->22
[76.093s][info][gc,metaspace] GC(38) Metaspace: 7805K(8064K)->7805K(8064K) NonClass: 7165K(7296K)->7165K(7296K) Class: 640K(768K)->640K(768K)
[76.093s][info][gc          ] GC(38) Pause Young (Normal) (G1 Evacuation Pause) 675M->62M(1024M) 0.776ms
[76.093s][info][gc,cpu      ] GC(38) User=0.00s Sys=0.00s Real=0.00s
[76.345s][info][gc,start    ] GC(39) Pause Young (Normal) (G1 Evacuation Pause)
[76.345s][info][gc,task     ] GC(39) Using 8 workers of 8 for evacuation
[76.346s][info][gc,phases   ] GC(39)   Pre Evacuate Collection Set: 0.10ms
[76.346s][info][gc,phases   ] GC(39)   Merge Heap Roots: 0.06ms
[76.346s][info][gc,phases   ] GC(39)   Evacuate Collection Set: 0.15ms
[76.346s][info][gc,phases   ] GC(39)   Post Evacuate Collection Set: 0.25ms
[76.346s][info][gc,phases   ] GC(39)   Other: 0.08ms
[76.346s][info][gc,heap     ] GC(39) Eden regions: 613->0(613)
[76.346s][info][gc,heap     ] GC(39) Survivor regions: 1->1(77)
[76.346s][info][gc,heap     ] GC(39) Old regions: 41->41
[76.346s][info][gc,heap     ] GC(39) Humongous regions: 22->22
[76.346s][info][gc,metaspace] GC(39) Metaspace: 7805K(8064K)->7805K(8064K) NonClass: 7165K(7296K)->7165K(7296K) Class: 640K(768K)->640K(768K)
[76.346s][info][gc          ] GC(39) Pause Young (Normal) (G1 Evacuation Pause) 675M->62M(1024M) 0.780ms
[76.346s][info][gc,cpu      ] GC(39) User=0.00s Sys=0.00s Real=0.00s
[88.001s][info][gc,start    ] GC(40) Pause Young (Normal) (G1 Evacuation Pause)
[88.001s][info][gc,task     ] GC(40) Using 8 workers of 8 for evacuation
[88.002s][info][gc,phases   ] GC(40)   Pre Evacuate Collection Set: 0.12ms
[88.002s][info][gc,phases   ] GC(40)   Merge Heap Roots: 0.09ms
[88.002s][info][gc,phases   ] GC(40)   Evacuate Collection Set: 0.18ms
[88.002s][info][gc,phases   ] GC(40)   Post Evacuate Collection Set: 0.22ms
[88.002s][info][gc,phases   ] GC(40)   Other: 0.08ms
[88.002s][info][gc,heap     ] GC(40) Eden regions: 613->0(613)
[88.002s][info][gc,heap     ] GC(40) Survivor regions: 1->1(77)
[88.002s][info][gc,heap     ] GC(40) Old regions: 41->41
[88.002s][info][gc,heap     ] GC(40) Humongous regions: 22->22
[88.002s][info][gc,metaspace] GC(40) Metaspace: 7816K(8064K)->7816K(8064K) NonClass: 7176K(7296K)->7176K(7296K) Class: 640K(768K)->640K(768K)
[88.002s][info][gc          ] GC(40) Pause Young (Normal) (G1 Evacuation Pause) 675M->62M(1024M) 0.834ms
[88.002s][info][gc,cpu      ] GC(40) User=0.00s Sys=0.00s Real=0.01s
[88.468s][info][gc,start    ] GC(41) Pause Young (Normal) (G1 Evacuation Pause)
[88.468s][info][gc,task     ] GC(41) Using 8 workers of 8 for evacuation
[88.468s][info][gc,phases   ] GC(41)   Pre Evacuate Collection Set: 0.12ms
[88.468s][info][gc,phases   ] GC(41)   Merge Heap Roots: 0.06ms
[88.468s][info][gc,phases   ] GC(41)   Evacuate Collection Set: 0.15ms
[88.468s][info][gc,phases   ] GC(41)   Post Evacuate Collection Set: 0.22ms
[88.468s][info][gc,phases   ] GC(41)   Other: 0.08ms
[88.468s][info][gc,heap     ] GC(41) Eden regions: 613->0(613)
[88.468s][info][gc,heap     ] GC(41) Survivor regions: 1->1(77)
[88.468s][info][gc,heap     ] GC(41) Old regions: 41->41
[88.468s][info][gc,heap     ] GC(41) Humongous regions: 22->22
[88.468s][info][gc,metaspace] GC(41) Metaspace: 7816K(8064K)->7816K(8064K) NonClass: 7176K(7296K)->7176K(7296K) Class: 640K(768K)->640K(768K)
[88.468s][info][gc          ] GC(41) Pause Young (Normal) (G1 Evacuation Pause) 675M->62M(1024M) 0.778ms
[88.468s][info][gc,cpu      ] GC(41) User=0.00s Sys=0.00s Real=0.00s
[94.037s][info][gc,start    ] GC(42) Pause Young (Normal) (G1 Evacuation Pause)
[94.037s][info][gc,task     ] GC(42) Using 8 workers of 8 for evacuation
[94.038s][info][gc,phases   ] GC(42)   Pre Evacuate Collection Set: 0.11ms
[94.038s][info][gc,phases   ] GC(42)   Merge Heap Roots: 0.07ms
[94.038s][info][gc,phases   ] GC(42)   Evacuate Collection Set: 0.17ms
[94.038s][info][gc,phases   ] GC(42)   Post Evacuate Collection Set: 0.23ms
[94.038s][info][gc,phases   ] GC(42)   Other: 0.08ms
[94.038s][info][gc,heap     ] GC(42) Eden regions: 613->0(613)
[94.038s][info][gc,heap     ] GC(42) Survivor regions: 1->1(77)
[94.038s][info][gc,heap     ] GC(42) Old regions: 41->41
[94.038s][info][gc,heap     ] GC(42) Humongous regions: 22->22
[94.038s][info][gc,metaspace] GC(42) Metaspace: 7817K(8064K)->7817K(8064K) NonClass: 7176K(7296K)->7176K(7296K) Class: 640K(768K)->640K(768K)
[94.038s][info][gc          ] GC(42) Pause Young (Normal) (G1 Evacuation Pause) 675M->62M(1024M) 0.802ms
[94.038s][info][gc,cpu      ] GC(42) User=0.01s Sys=0.00s Real=0.00s
[94.224s][info][gc,start    ] GC(43) Pause Young (Normal) (G1 Evacuation Pause)
[94.224s][info][gc,task     ] GC(43) Using 8 workers of 8 for evacuation
[94.225s][info][gc,phases   ] GC(43)   Pre Evacuate Collection Set: 0.12ms
[94.225s][info][gc,phases   ] GC(43)   Merge Heap Roots: 0.07ms
[94.225s][info][gc,phases   ] GC(43)   Evacuate Collection Set: 0.14ms
[94.225s][info][gc,phases   ] GC(43)   Post Evacuate Collection Set: 0.21ms
[94.225s][info][gc,phases   ] GC(43)   Other: 0.07ms
[94.225s][info][gc,heap     ] GC(43) Eden regions: 613->0(613)
[94.225s][info][gc,heap     ] GC(43) Survivor regions: 1->1(77)
[94.225s][info][gc,heap     ] GC(43) Old regions: 41->41
[94.225s][info][gc,heap     ] GC(43) Humongous regions: 22->22
[94.225s][info][gc,metaspace] GC(43) Metaspace: 7817K(8064K)->7817K(8064K) NonClass: 7176K(7296K)->7176K(7296K) Class: 640K(768K)->640K(768K)
[94.225s][info][gc          ] GC(43) Pause Young (Normal) (G1 Evacuation Pause) 675M->62M(1024M) 0.762ms
[94.225s][info][gc,cpu      ] GC(43) User=0.00s Sys=0.00s Real=0.00s
[94.401s][info][gc,start    ] GC(44) Pause Young (Normal) (G1 Evacuation Pause)
[94.401s][info][gc,task     ] GC(44) Using 8 workers of 8 for evacuation
[94.402s][info][gc,phases   ] GC(44)   Pre Evacuate Collection Set: 0.11ms
[94.402s][info][gc,phases   ] GC(44)   Merge Heap Roots: 0.07ms
[94.402s][info][gc,phases   ] GC(44)   Evacuate Collection Set: 0.14ms
[94.402s][info][gc,phases   ] GC(44)   Post Evacuate Collection Set: 0.22ms
[94.402s][info][gc,phases   ] GC(44)   Other: 0.07ms
[94.402s][info][gc,heap     ] GC(44) Eden regions: 613->0(613)
[94.402s][info][gc,heap     ] GC(44) Survivor regions: 1->1(77)
[94.402s][info][gc,heap     ] GC(44) Old regions: 41->41
[94.402s][info][gc,heap     ] GC(44) Humongous regions: 22->22
[94.402s][info][gc,metaspace] GC(44) Metaspace: 7817K(8064K)->7817K(8064K) NonClass: 7176K(7296K)->7176K(7296K) Class: 640K(768K)->640K(768K)
[94.402s][info][gc          ] GC(44) Pause Young (Normal) (G1 Evacuation Pause) 675M->62M(1024M) 0.758ms
[94.402s][info][gc,cpu      ] GC(44) User=0.00s Sys=0.01s Real=0.01s
[94.580s][info][gc,start    ] GC(45) Pause Young (Normal) (G1 Evacuation Pause)
[94.581s][info][gc,task     ] GC(45) Using 8 workers of 8 for evacuation
[94.581s][info][gc,phases   ] GC(45)   Pre Evacuate Collection Set: 0.12ms
[94.581s][info][gc,phases   ] GC(45)   Merge Heap Roots: 0.08ms
[94.581s][info][gc,phases   ] GC(45)   Evacuate Collection Set: 0.14ms
[94.581s][info][gc,phases   ] GC(45)   Post Evacuate Collection Set: 0.21ms
[94.581s][info][gc,phases   ] GC(45)   Other: 0.07ms
[94.581s][info][gc,heap     ] GC(45) Eden regions: 613->0(613)
[94.581s][info][gc,heap     ] GC(45) Survivor regions: 1->1(77)
[94.581s][info][gc,heap     ] GC(45) Old regions: 41->41
[94.581s][info][gc,heap     ] GC(45) Humongous regions: 22->22
[94.581s][info][gc,metaspace] GC(45) Metaspace: 7817K(8064K)->7817K(8064K) NonClass: 7176K(7296K)->7176K(7296K) Class: 640K(768K)->640K(768K)
[94.581s][info][gc          ] GC(45) Pause Young (Normal) (G1 Evacuation Pause) 675M->62M(1024M) 0.782ms
[94.581s][info][gc,cpu      ] GC(45) User=0.00s Sys=0.00s Real=0.00s
[94.768s][info][gc,start    ] GC(46) Pause Young (Normal) (G1 Evacuation Pause)
[94.768s][info][gc,task     ] GC(46) Using 8 workers of 8 for evacuation
[94.769s][info][gc,phases   ] GC(46)   Pre Evacuate Collection Set: 0.11ms
[94.769s][info][gc,phases   ] GC(46)   Merge Heap Roots: 0.07ms
[94.769s][info][gc,phases   ] GC(46)   Evacuate Collection Set: 0.17ms
[94.769s][info][gc,phases   ] GC(46)   Post Evacuate Collection Set: 0.20ms
[94.769s][info][gc,phases   ] GC(46)   Other: 0.06ms
[94.769s][info][gc,heap     ] GC(46) Eden regions: 613->0(613)
[94.769s][info][gc,heap     ] GC(46) Survivor regions: 1->1(77)
[94.769s][info][gc,heap     ] GC(46) Old regions: 41->41
[94.769s][info][gc,heap     ] GC(46) Humongous regions: 22->22
[94.769s][info][gc,metaspace] GC(46) Metaspace: 7817K(8064K)->7817K(8064K) NonClass: 7176K(7296K)->7176K(7296K) Class: 640K(768K)->640K(768K)
[94.769s][info][gc          ] GC(46) Pause Young (Normal) (G1 Evacuation Pause) 675M->62M(1024M) 0.728ms
[94.769s][info][gc,cpu      ] GC(46) User=0.00s Sys=0.00s Real=0.00s
[94.966s][info][gc,start    ] GC(47) Pause Young (Normal) (G1 Evacuation Pause)
[94.966s][info][gc,task     ] GC(47) Using 8 workers of 8 for evacuation
[94.966s][info][gc,phases   ] GC(47)   Pre Evacuate Collection Set: 0.11ms
[94.967s][info][gc,phases   ] GC(47)   Merge Heap Roots: 0.06ms
[94.967s][info][gc,phases   ] GC(47)   Evacuate Collection Set: 0.14ms
[94.967s][info][gc,phases   ] GC(47)   Post Evacuate Collection Set: 0.20ms
[94.967s][info][gc,phases   ] GC(47)   Other: 0.07ms
[94.967s][info][gc,heap     ] GC(47) Eden regions: 613->0(613)
[94.967s][info][gc,heap     ] GC(47) Survivor regions: 1->1(77)
[94.967s][info][gc,heap     ] GC(47) Old regions: 41->41
[94.967s][info][gc,heap     ] GC(47) Humongous regions: 22->22
[94.967s][info][gc,metaspace] GC(47) Metaspace: 7817K(8064K)->7817K(8064K) NonClass: 7176K(7296K)->7176K(7296K) Class: 640K(768K)->640K(768K)
[94.967s][info][gc          ] GC(47) Pause Young (Normal) (G1 Evacuation Pause) 675M->62M(1024M) 0.708ms
[94.967s][info][gc,cpu      ] GC(47) User=0.00s Sys=0.00s Real=0.00s
[100.461s][info][gc,start    ] GC(48) Pause Young (Normal) (G1 Evacuation Pause)
[100.461s][info][gc,task     ] GC(48) Using 8 workers of 8 for evacuation
[100.462s][info][gc,phases   ] GC(48)   Pre Evacuate Collection Set: 0.10ms
[100.462s][info][gc,phases   ] GC(48)   Merge Heap Roots: 0.05ms
[100.462s][info][gc,phases   ] GC(48)   Evacuate Collection Set: 0.13ms
[100.462s][info][gc,phases   ] GC(48)   Post Evacuate Collection Set: 0.21ms
[100.462s][info][gc,phases   ] GC(48)   Other: 0.09ms
[100.462s][info][gc,heap     ] GC(48) Eden regions: 613->0(613)
[100.462s][info][gc,heap     ] GC(48) Survivor regions: 1->1(77)
[100.462s][info][gc,heap     ] GC(48) Old regions: 41->41
[100.462s][info][gc,heap     ] GC(48) Humongous regions: 22->22
[100.462s][info][gc,metaspace] GC(48) Metaspace: 7819K(8064K)->7819K(8064K) NonClass: 7178K(7296K)->7178K(7296K) Class: 640K(768K)->640K(768K)
[100.462s][info][gc          ] GC(48) Pause Young (Normal) (G1 Evacuation Pause) 675M->62M(1024M) 0.731ms
[100.462s][info][gc,cpu      ] GC(48) User=0.00s Sys=0.00s Real=0.00s
[100.715s][info][gc,start    ] GC(49) Pause Young (Normal) (G1 Evacuation Pause)
[100.715s][info][gc,task     ] GC(49) Using 8 workers of 8 for evacuation
[100.716s][info][gc,phases   ] GC(49)   Pre Evacuate Collection Set: 0.11ms
[100.716s][info][gc,phases   ] GC(49)   Merge Heap Roots: 0.06ms
[100.716s][info][gc,phases   ] GC(49)   Evacuate Collection Set: 0.13ms
[100.716s][info][gc,phases   ] GC(49)   Post Evacuate Collection Set: 0.23ms
[100.716s][info][gc,phases   ] GC(49)   Other: 0.07ms
[100.716s][info][gc,heap     ] GC(49) Eden regions: 613->0(613)
[100.716s][info][gc,heap     ] GC(49) Survivor regions: 1->1(77)
[100.716s][info][gc,heap     ] GC(49) Old regions: 41->41
[100.716s][info][gc,heap     ] GC(49) Humongous regions: 22->22
[100.716s][info][gc,metaspace] GC(49) Metaspace: 7819K(8064K)->7819K(8064K) NonClass: 7178K(7296K)->7178K(7296K) Class: 640K(768K)->640K(768K)
[100.716s][info][gc          ] GC(49) Pause Young (Normal) (G1 Evacuation Pause) 675M->62M(1024M) 0.740ms
[100.716s][info][gc,cpu      ] GC(49) User=0.00s Sys=0.00s Real=0.00s
[100.967s][info][gc,start    ] GC(50) Pause Young (Normal) (G1 Evacuation Pause)
[100.967s][info][gc,task     ] GC(50) Using 8 workers of 8 for evacuation
[100.968s][info][gc,phases   ] GC(50)   Pre Evacuate Collection Set: 0.12ms
[100.968s][info][gc,phases   ] GC(50)   Merge Heap Roots: 0.07ms
[100.968s][info][gc,phases   ] GC(50)   Evacuate Collection Set: 0.35ms
[100.968s][info][gc,phases   ] GC(50)   Post Evacuate Collection Set: 0.24ms
[100.968s][info][gc,phases   ] GC(50)   Other: 0.07ms
[100.968s][info][gc,heap     ] GC(50) Eden regions: 613->0(613)
[100.968s][info][gc,heap     ] GC(50) Survivor regions: 1->1(77)
[100.968s][info][gc,heap     ] GC(50) Old regions: 41->41
[100.968s][info][gc,heap     ] GC(50) Humongous regions: 22->22
[100.968s][info][gc,metaspace] GC(50) Metaspace: 7819K(8064K)->7819K(8064K) NonClass: 7178K(7296K)->7178K(7296K) Class: 640K(768K)->640K(768K)
[100.968s][info][gc          ] GC(50) Pause Young (Normal) (G1 Evacuation Pause) 675M->62M(1024M) 0.988ms
[100.968s][info][gc,cpu      ] GC(50) User=0.00s Sys=0.00s Real=0.00s
[106.424s][info][gc,start    ] GC(51) Pause Young (Normal) (G1 Evacuation Pause)
[106.424s][info][gc,task     ] GC(51) Using 8 workers of 8 for evacuation
[106.425s][info][gc,phases   ] GC(51)   Pre Evacuate Collection Set: 0.12ms
[106.425s][info][gc,phases   ] GC(51)   Merge Heap Roots: 0.07ms
[106.425s][info][gc,phases   ] GC(51)   Evacuate Collection Set: 0.14ms
[106.425s][info][gc,phases   ] GC(51)   Post Evacuate Collection Set: 0.22ms
[106.425s][info][gc,phases   ] GC(51)   Other: 0.08ms
[106.425s][info][gc,heap     ] GC(51) Eden regions: 613->0(613)
[106.425s][info][gc,heap     ] GC(51) Survivor regions: 1->1(77)
[106.425s][info][gc,heap     ] GC(51) Old regions: 41->41
[106.425s][info][gc,heap     ] GC(51) Humongous regions: 22->22
[106.425s][info][gc,metaspace] GC(51) Metaspace: 7819K(8064K)->7819K(8064K) NonClass: 7178K(7296K)->7178K(7296K) Class: 640K(768K)->640K(768K)
[106.425s][info][gc          ] GC(51) Pause Young (Normal) (G1 Evacuation Pause) 675M->62M(1024M) 0.766ms
[106.425s][info][gc,cpu      ] GC(51) User=0.00s Sys=0.00s Real=0.00s
[106.685s][info][gc,start    ] GC(52) Pause Young (Normal) (G1 Evacuation Pause)
[106.685s][info][gc,task     ] GC(52) Using 8 workers of 8 for evacuation
[106.685s][info][gc,phases   ] GC(52)   Pre Evacuate Collection Set: 0.13ms
[106.685s][info][gc,phases   ] GC(52)   Merge Heap Roots: 0.07ms
[106.685s][info][gc,phases   ] GC(52)   Evacuate Collection Set: 0.13ms
[106.685s][info][gc,phases   ] GC(52)   Post Evacuate Collection Set: 0.20ms
[106.685s][info][gc,phases   ] GC(52)   Other: 0.08ms
[106.685s][info][gc,heap     ] GC(52) Eden regions: 613->0(613)
[106.685s][info][gc,heap     ] GC(52) Survivor regions: 1->1(77)
[106.685s][info][gc,heap     ] GC(52) Old regions: 41->41
[106.685s][info][gc,heap     ] GC(52) Humongous regions: 22->22
[106.685s][info][gc,metaspace] GC(52) Metaspace: 7819K(8064K)->7819K(8064K) NonClass: 7178K(7296K)->7178K(7296K) Class: 640K(768K)->640K(768K)
[106.685s][info][gc          ] GC(52) Pause Young (Normal) (G1 Evacuation Pause) 675M->62M(1024M) 0.750ms
[106.685s][info][gc,cpu      ] GC(52) User=0.00s Sys=0.00s Real=0.00s
[106.938s][info][gc,start    ] GC(53) Pause Young (Normal) (G1 Evacuation Pause)
[106.938s][info][gc,task     ] GC(53) Using 8 workers of 8 for evacuation
[106.939s][info][gc,phases   ] GC(53)   Pre Evacuate Collection Set: 0.12ms
[106.939s][info][gc,phases   ] GC(53)   Merge Heap Roots: 0.07ms
[106.939s][info][gc,phases   ] GC(53)   Evacuate Collection Set: 0.13ms
[106.939s][info][gc,phases   ] GC(53)   Post Evacuate Collection Set: 0.25ms
[106.939s][info][gc,phases   ] GC(53)   Other: 0.07ms
[106.939s][info][gc,heap     ] GC(53) Eden regions: 613->0(613)
[106.939s][info][gc,heap     ] GC(53) Survivor regions: 1->1(77)
[106.939s][info][gc,heap     ] GC(53) Old regions: 41->41
[106.939s][info][gc,heap     ] GC(53) Humongous regions: 22->22
[106.939s][info][gc,metaspace] GC(53) Metaspace: 7819K(8064K)->7819K(8064K) NonClass: 7178K(7296K)->7178K(7296K) Class: 640K(768K)->640K(768K)
[106.939s][info][gc          ] GC(53) Pause Young (Normal) (G1 Evacuation Pause) 675M->62M(1024M) 0.770ms
[106.939s][info][gc,cpu      ] GC(53) User=0.00s Sys=0.00s Real=0.00s
[107.189s][info][gc,start    ] GC(54) Pause Young (Normal) (G1 Evacuation Pause)
[107.189s][info][gc,task     ] GC(54) Using 8 workers of 8 for evacuation
[107.190s][info][gc,phases   ] GC(54)   Pre Evacuate Collection Set: 0.15ms
[107.190s][info][gc,phases   ] GC(54)   Merge Heap Roots: 0.07ms
[107.190s][info][gc,phases   ] GC(54)   Evacuate Collection Set: 0.14ms
[107.190s][info][gc,phases   ] GC(54)   Post Evacuate Collection Set: 0.22ms
[107.190s][info][gc,phases   ] GC(54)   Other: 0.09ms
[107.190s][info][gc,heap     ] GC(54) Eden regions: 613->0(613)
[107.190s][info][gc,heap     ] GC(54) Survivor regions: 1->1(77)
[107.190s][info][gc,heap     ] GC(54) Old regions: 41->41
[107.190s][info][gc,heap     ] GC(54) Humongous regions: 22->22
[107.190s][info][gc,metaspace] GC(54) Metaspace: 7819K(8064K)->7819K(8064K) NonClass: 7178K(7296K)->7178K(7296K) Class: 640K(768K)->640K(768K)
[107.190s][info][gc          ] GC(54) Pause Young (Normal) (G1 Evacuation Pause) 675M->62M(1024M) 0.806ms
[107.190s][info][gc,cpu      ] GC(54) User=0.00s Sys=0.00s Real=0.00s
[112.801s][info][gc,start    ] GC(55) Pause Young (Normal) (G1 Evacuation Pause)
[112.801s][info][gc,task     ] GC(55) Using 8 workers of 8 for evacuation
[112.802s][info][gc,phases   ] GC(55)   Pre Evacuate Collection Set: 0.12ms
[112.802s][info][gc,phases   ] GC(55)   Merge Heap Roots: 0.07ms
[112.802s][info][gc,phases   ] GC(55)   Evacuate Collection Set: 0.18ms
[112.802s][info][gc,phases   ] GC(55)   Post Evacuate Collection Set: 0.20ms
[112.802s][info][gc,phases   ] GC(55)   Other: 0.08ms
[112.802s][info][gc,heap     ] GC(55) Eden regions: 613->0(613)
[112.802s][info][gc,heap     ] GC(55) Survivor regions: 1->1(77)
[112.802s][info][gc,heap     ] GC(55) Old regions: 41->42
[112.802s][info][gc,heap     ] GC(55) Humongous regions: 22->22
[112.802s][info][gc,metaspace] GC(55) Metaspace: 7821K(8064K)->7821K(8064K) NonClass: 7181K(7296K)->7181K(7296K) Class: 640K(768K)->640K(768K)
[112.802s][info][gc          ] GC(55) Pause Young (Normal) (G1 Evacuation Pause) 675M->62M(1024M) 0.789ms
[112.802s][info][gc,cpu      ] GC(55) User=0.00s Sys=0.00s Real=0.01s
[113.277s][info][gc,start    ] GC(56) Pause Young (Normal) (G1 Evacuation Pause)
[113.277s][info][gc,task     ] GC(56) Using 8 workers of 8 for evacuation
[113.277s][info][gc,phases   ] GC(56)   Pre Evacuate Collection Set: 0.14ms
[113.277s][info][gc,phases   ] GC(56)   Merge Heap Roots: 0.07ms
[113.277s][info][gc,phases   ] GC(56)   Evacuate Collection Set: 0.14ms
[113.277s][info][gc,phases   ] GC(56)   Post Evacuate Collection Set: 0.21ms
[113.277s][info][gc,phases   ] GC(56)   Other: 0.08ms
[113.277s][info][gc,heap     ] GC(56) Eden regions: 613->0(613)
[113.277s][info][gc,heap     ] GC(56) Survivor regions: 1->1(77)
[113.277s][info][gc,heap     ] GC(56) Old regions: 42->42
[113.277s][info][gc,heap     ] GC(56) Humongous regions: 22->22
[113.277s][info][gc,metaspace] GC(56) Metaspace: 7821K(8064K)->7821K(8064K) NonClass: 7181K(7296K)->7181K(7296K) Class: 640K(768K)->640K(768K)
[113.277s][info][gc          ] GC(56) Pause Young (Normal) (G1 Evacuation Pause) 675M->62M(1024M) 0.800ms
[113.277s][info][gc,cpu      ] GC(56) User=0.01s Sys=0.00s Real=0.00s
[113.630s][info][gc,exit     ] Heap
[113.630s][info][gc,exit     ]  garbage-first heap   total reserved 1048576K, committed 1048576K, used 256160K [0x00000000c0000000, 0x0000000100000000)
[113.630s][info][gc,exit     ]   region size 1024K, 189 young (193536K), 1 survivors (1024K)
[113.630s][info][gc,exit     ]  Metaspace       used 13267K, committed 13504K, reserved 1114112K
[113.630s][info][gc,exit     ]   class space    used 1250K, committed 1344K, reserved 1048576K
