[0.003s][info][gc,init] CardTable entry size: 512
[0.006s][info][gc     ] Using G1
[0.013s][info][gc,init] Version: 25.0.3+9-LTS (release)
[0.013s][info][gc,init] CPUs: 8 total, 8 available
[0.013s][info][gc,init] Memory: 31335M
[0.013s][info][gc,init] Large Page Support: Disabled
[0.013s][info][gc,init] NUMA Support: Disabled
[0.013s][info][gc,init] Compressed Oops: Enabled (32-bit)
[0.013s][info][gc,init] Heap Region Size: 1M
[0.013s][info][gc,init] Heap Min Capacity: 1G
[0.013s][info][gc,init] Heap Initial Capacity: 1G
[0.013s][info][gc,init] Heap Max Capacity: 1G
[0.013s][info][gc,init] Pre-touch: Disabled
[0.013s][info][gc,init] Parallel Workers: 8
[0.013s][info][gc,init] Concurrent Workers: 2
[0.013s][info][gc,init] Concurrent Refinement Workers: 8
[0.013s][info][gc,init] Periodic GC: Disabled
[0.015s][info][gc,metaspace] CDS archive(s) mapped at: [0x000000003f000000-0x000000003fd95000-0x000000003fd95000), size 14241792, SharedBaseAddress: 0x000000003f000000, ArchiveRelocationMode: 1.
[0.015s][info][gc,metaspace] Compressed class space mapped at: 0x0000000040000000-0x0000000080000000, reserved size: 1073741824
[0.015s][info][gc,metaspace] UseCompressedClassPointers 1, UseCompactObjectHeaders 0
[0.015s][info][gc,metaspace] Narrow klass pointer bits 32, Max shift 3
[0.015s][info][gc,metaspace] Narrow klass base: 0x000000003f000000, Narrow klass shift: 0
[0.015s][info][gc,metaspace] Encoding Range: [0x000000003f000000 - 0x000000013f000000), (4294967296 bytes)
[0.015s][info][gc,metaspace] Klass Range:    [0x000000003f001000 - 0x0000000080000000), (1090514944 bytes)
[0.015s][info][gc,metaspace] Klass ID Range:  [4096 - 1090519033) (1090514937)
[0.015s][info][gc,metaspace] Protection zone: [0x000000003f000000 - 0x000000003f001000), (4096 bytes)
[0.736s][info][gc,start    ] GC(0) Pause Young (Normal) (G1 Evacuation Pause)
[0.736s][info][gc,task     ] GC(0) Using 8 workers of 8 for evacuation
[0.743s][info][gc,phases   ] GC(0)   Pre Evacuate Collection Set: 0.12ms
[0.743s][info][gc,phases   ] GC(0)   Merge Heap Roots: 0.04ms
[0.743s][info][gc,phases   ] GC(0)   Evacuate Collection Set: 6.45ms
[0.743s][info][gc,phases   ] GC(0)   Post Evacuate Collection Set: 0.25ms
[0.743s][info][gc,phases   ] GC(0)   Other: 0.71ms
[0.743s][info][gc,heap     ] GC(0) Eden regions: 51->0(405)
[0.743s][info][gc,heap     ] GC(0) Survivor regions: 0->7(7)
[0.743s][info][gc,heap     ] GC(0) Old regions: 2->20
[0.743s][info][gc,heap     ] GC(0) Humongous regions: 2->0
[0.743s][info][gc,metaspace] GC(0) Metaspace: 1873K(2048K)->1873K(2048K) NonClass: 1705K(1792K)->1705K(1792K) Class: 168K(256K)->168K(256K)
[0.743s][info][gc          ] GC(0) Pause Young (Normal) (G1 Evacuation Pause) 54M->25M(1024M) 7.770ms
[0.743s][info][gc,cpu      ] GC(0) User=0.04s Sys=0.02s Real=0.01s
[1.119s][info][gc,start    ] GC(1) Pause Young (Normal) (G1 Evacuation Pause)
[1.119s][info][gc,task     ] GC(1) Using 8 workers of 8 for evacuation
[1.127s][info][gc,phases   ] GC(1)   Pre Evacuate Collection Set: 0.15ms
[1.127s][info][gc,phases   ] GC(1)   Merge Heap Roots: 0.07ms
[1.127s][info][gc,phases   ] GC(1)   Evacuate Collection Set: 7.12ms
[1.127s][info][gc,phases   ] GC(1)   Post Evacuate Collection Set: 0.36ms
[1.127s][info][gc,phases   ] GC(1)   Other: 0.15ms
[1.127s][info][gc,heap     ] GC(1) Eden regions: 405->0(590)
[1.127s][info][gc,heap     ] GC(1) Survivor regions: 7->24(52)
[1.127s][info][gc,heap     ] GC(1) Old regions: 20->20
[1.127s][info][gc,heap     ] GC(1) Humongous regions: 8->8
[1.127s][info][gc,metaspace] GC(1) Metaspace: 7451K(7680K)->7451K(7680K) NonClass: 6825K(6912K)->6825K(6912K) Class: 626K(768K)->626K(768K)
[1.127s][info][gc          ] GC(1) Pause Young (Normal) (G1 Evacuation Pause) 438M->50M(1024M) 8.001ms
[1.127s][info][gc,cpu      ] GC(1) User=0.05s Sys=0.01s Real=0.01s
[1.322s][info][gc,start    ] GC(2) Pause Young (Normal) (G1 Evacuation Pause)
[1.322s][info][gc,task     ] GC(2) Using 8 workers of 8 for evacuation
[1.330s][info][gc,phases   ] GC(2)   Pre Evacuate Collection Set: 0.16ms
[1.330s][info][gc,phases   ] GC(2)   Merge Heap Roots: 0.10ms
[1.330s][info][gc,phases   ] GC(2)   Evacuate Collection Set: 6.65ms
[1.330s][info][gc,phases   ] GC(2)   Post Evacuate Collection Set: 0.51ms
[1.330s][info][gc,phases   ] GC(2)   Other: 0.16ms
[1.330s][info][gc,heap     ] GC(2) Eden regions: 590->0(591)
[1.330s][info][gc,heap     ] GC(2) Survivor regions: 24->23(77)
[1.330s][info][gc,heap     ] GC(2) Old regions: 20->20
[1.330s][info][gc,heap     ] GC(2) Humongous regions: 8->8
[1.330s][info][gc,metaspace] GC(2) Metaspace: 7456K(7680K)->7456K(7680K) NonClass: 6829K(6912K)->6829K(6912K) Class: 626K(768K)->626K(768K)
[1.330s][info][gc          ] GC(2) Pause Young (Normal) (G1 Evacuation Pause) 640M->49M(1024M) 7.768ms
[1.330s][info][gc,cpu      ] GC(2) User=0.04s Sys=0.01s Real=0.01s
[6.723s][info][gc,start    ] GC(3) Pause Young (Normal) (G1 Evacuation Pause)
[6.723s][info][gc,task     ] GC(3) Using 8 workers of 8 for evacuation
[6.728s][info][gc,phases   ] GC(3)   Pre Evacuate Collection Set: 0.14ms
[6.728s][info][gc,phases   ] GC(3)   Merge Heap Roots: 0.11ms
[6.728s][info][gc,phases   ] GC(3)   Evacuate Collection Set: 4.02ms
[6.728s][info][gc,phases   ] GC(3)   Post Evacuate Collection Set: 0.36ms
[6.728s][info][gc,phases   ] GC(3)   Other: 0.08ms
[6.728s][info][gc,heap     ] GC(3) Eden regions: 591->0(593)
[6.728s][info][gc,heap     ] GC(3) Survivor regions: 23->21(77)
[6.728s][info][gc,heap     ] GC(3) Old regions: 20->20
[6.728s][info][gc,heap     ] GC(3) Humongous regions: 22->16
[6.728s][info][gc,metaspace] GC(3) Metaspace: 7739K(8000K)->7739K(8000K) NonClass: 7078K(7232K)->7078K(7232K) Class: 660K(768K)->660K(768K)
[6.728s][info][gc          ] GC(3) Pause Young (Normal) (G1 Evacuation Pause) 654M->55M(1024M) 4.855ms
[6.728s][info][gc,cpu      ] GC(3) User=0.04s Sys=0.00s Real=0.01s
[108.769s][info][gc,exit     ] Heap
[108.770s][info][gc,exit     ]  garbage-first heap   total reserved 1048576K, committed 1048576K, used 221194K [0x00000000c0000000, 0x0000000100000000)
[108.770s][info][gc,exit     ]   region size 1024K, 168 young (172032K), 21 survivors (21504K)
[108.770s][info][gc,exit     ]  Metaspace       used 13363K, committed 13632K, reserved 1114112K
[108.770s][info][gc,exit     ]   class space    used 1278K, committed 1408K, reserved 1048576K
