[0.003s][info][gc,init] CardTable entry size: 512
[0.006s][info][gc     ] Using G1
[0.013s][info][gc,init] Version: 25.0.3+9-LTS (release)
[0.013s][info][gc,init] CPUs: 8 total, 8 available
[0.013s][info][gc,init] Memory: 31335M
[0.013s][info][gc,init] Large Page Support: Disabled
[0.013s][info][gc,init] NUMA Support: Disabled
[0.013s][info][gc,init] Compressed Oops: Enabled (32-bit)
[0.013s][info][gc,init] Heap Region Size: 1M
[0.013s][info][gc,init] Heap Min Capacity: 1G
[0.013s][info][gc,init] Heap Initial Capacity: 1G
[0.013s][info][gc,init] Heap Max Capacity: 1G
[0.013s][info][gc,init] Pre-touch: Disabled
[0.013s][info][gc,init] Parallel Workers: 8
[0.013s][info][gc,init] Concurrent Workers: 2
[0.013s][info][gc,init] Concurrent Refinement Workers: 8
[0.013s][info][gc,init] Periodic GC: Disabled
[0.015s][info][gc,metaspace] CDS archive(s) mapped at: [0x0000000072000000-0x0000000072d95000-0x0000000072d95000), size 14241792, SharedBaseAddress: 0x0000000072000000, ArchiveRelocationMode: 1.
[0.015s][info][gc,metaspace] Compressed class space mapped at: 0x0000000073000000-0x00000000b3000000, reserved size: 1073741824
[0.015s][info][gc,metaspace] UseCompressedClassPointers 1, UseCompactObjectHeaders 0
[0.015s][info][gc,metaspace] Narrow klass pointer bits 32, Max shift 3
[0.015s][info][gc,metaspace] Narrow klass base: 0x0000000072000000, Narrow klass shift: 0
[0.015s][info][gc,metaspace] Encoding Range: [0x0000000072000000 - 0x0000000172000000), (4294967296 bytes)
[0.015s][info][gc,metaspace] Klass Range:    [0x0000000072001000 - 0x00000000b3000000), (1090514944 bytes)
[0.015s][info][gc,metaspace] Klass ID Range:  [4096 - 1090519033) (1090514937)
[0.015s][info][gc,metaspace] Protection zone: [0x0000000072000000 - 0x0000000072001000), (4096 bytes)
[0.723s][info][gc,start    ] GC(0) Pause Young (Normal) (G1 Evacuation Pause)
[0.724s][info][gc,task     ] GC(0) Using 8 workers of 8 for evacuation
[0.731s][info][gc,phases   ] GC(0)   Pre Evacuate Collection Set: 0.13ms
[0.731s][info][gc,phases   ] GC(0)   Merge Heap Roots: 0.03ms
[0.731s][info][gc,phases   ] GC(0)   Evacuate Collection Set: 6.34ms
[0.731s][info][gc,phases   ] GC(0)   Post Evacuate Collection Set: 0.28ms
[0.731s][info][gc,phases   ] GC(0)   Other: 0.65ms
[0.731s][info][gc,heap     ] GC(0) Eden regions: 51->0(415)
[0.731s][info][gc,heap     ] GC(0) Survivor regions: 0->7(7)
[0.731s][info][gc,heap     ] GC(0) Old regions: 2->19
[0.731s][info][gc,heap     ] GC(0) Humongous regions: 2->0
[0.731s][info][gc,metaspace] GC(0) Metaspace: 1873K(2048K)->1873K(2048K) NonClass: 1705K(1792K)->1705K(1792K) Class: 168K(256K)->168K(256K)
[0.731s][info][gc          ] GC(0) Pause Young (Normal) (G1 Evacuation Pause) 54M->24M(1024M) 7.641ms
[0.731s][info][gc,cpu      ] GC(0) User=0.04s Sys=0.02s Real=0.01s
[1.100s][info][gc,start    ] GC(1) Pause Young (Normal) (G1 Evacuation Pause)
[1.100s][info][gc,task     ] GC(1) Using 8 workers of 8 for evacuation
[1.110s][info][gc,phases   ] GC(1)   Pre Evacuate Collection Set: 0.16ms
[1.110s][info][gc,phases   ] GC(1)   Merge Heap Roots: 0.07ms
[1.110s][info][gc,phases   ] GC(1)   Evacuate Collection Set: 8.85ms
[1.110s][info][gc,phases   ] GC(1)   Post Evacuate Collection Set: 0.35ms
[1.110s][info][gc,phases   ] GC(1)   Other: 0.17ms
[1.110s][info][gc,heap     ] GC(1) Eden regions: 415->0(588)
[1.110s][info][gc,heap     ] GC(1) Survivor regions: 7->26(53)
[1.110s][info][gc,heap     ] GC(1) Old regions: 19->19
[1.110s][info][gc,heap     ] GC(1) Humongous regions: 8->8
[1.110s][info][gc,metaspace] GC(1) Metaspace: 7412K(7680K)->7412K(7680K) NonClass: 6793K(6912K)->6793K(6912K) Class: 618K(768K)->618K(768K)
[1.110s][info][gc          ] GC(1) Pause Young (Normal) (G1 Evacuation Pause) 447M->51M(1024M) 9.771ms
[1.110s][info][gc,cpu      ] GC(1) User=0.06s Sys=0.01s Real=0.01s
[1.299s][info][gc,start    ] GC(2) Pause Young (Normal) (G1 Evacuation Pause)
[1.299s][info][gc,task     ] GC(2) Using 8 workers of 8 for evacuation
[1.305s][info][gc,phases   ] GC(2)   Pre Evacuate Collection Set: 0.13ms
[1.305s][info][gc,phases   ] GC(2)   Merge Heap Roots: 0.08ms
[1.305s][info][gc,phases   ] GC(2)   Evacuate Collection Set: 5.78ms
[1.305s][info][gc,phases   ] GC(2)   Post Evacuate Collection Set: 0.33ms
[1.305s][info][gc,phases   ] GC(2)   Other: 0.14ms
[1.305s][info][gc,heap     ] GC(2) Eden regions: 588->0(591)
[1.305s][info][gc,heap     ] GC(2) Survivor regions: 26->23(77)
[1.305s][info][gc,heap     ] GC(2) Old regions: 19->19
[1.305s][info][gc,heap     ] GC(2) Humongous regions: 8->8
[1.305s][info][gc,metaspace] GC(2) Metaspace: 7416K(7680K)->7416K(7680K) NonClass: 6797K(6912K)->6797K(6912K) Class: 618K(768K)->618K(768K)
[1.305s][info][gc          ] GC(2) Pause Young (Normal) (G1 Evacuation Pause) 639M->48M(1024M) 6.644ms
[1.305s][info][gc,cpu      ] GC(2) User=0.04s Sys=0.01s Real=0.01s
[1.601s][info][gc,start    ] GC(3) Pause Young (Normal) (G1 Evacuation Pause)
[1.601s][info][gc,task     ] GC(3) Using 8 workers of 8 for evacuation
[1.607s][info][gc,phases   ] GC(3)   Pre Evacuate Collection Set: 0.13ms
[1.607s][info][gc,phases   ] GC(3)   Merge Heap Roots: 0.10ms
[1.607s][info][gc,phases   ] GC(3)   Evacuate Collection Set: 4.55ms
[1.607s][info][gc,phases   ] GC(3)   Post Evacuate Collection Set: 0.35ms
[1.607s][info][gc,phases   ] GC(3)   Other: 0.08ms
[1.607s][info][gc,heap     ] GC(3) Eden regions: 591->0(590)
[1.607s][info][gc,heap     ] GC(3) Survivor regions: 23->24(77)
[1.607s][info][gc,heap     ] GC(3) Old regions: 19->19
[1.607s][info][gc,heap     ] GC(3) Humongous regions: 8->8
[1.607s][info][gc,metaspace] GC(3) Metaspace: 7545K(7808K)->7545K(7808K) NonClass: 6906K(7040K)->6906K(7040K) Class: 638K(768K)->638K(768K)
[1.607s][info][gc          ] GC(3) Pause Young (Normal) (G1 Evacuation Pause) 639M->49M(1024M) 5.357ms
[1.607s][info][gc,cpu      ] GC(3) User=0.03s Sys=0.01s Real=0.01s
[108.962s][info][gc,exit     ] Heap
[108.962s][info][gc,exit     ]  garbage-first heap   total reserved 1048576K, committed 1048576K, used 453820K [0x00000000c0000000, 0x0000000100000000)
[108.962s][info][gc,exit     ]   region size 1024K, 390 young (399360K), 24 survivors (24576K)
[108.962s][info][gc,exit     ]  Metaspace       used 13278K, committed 13504K, reserved 1114112K
[108.962s][info][gc,exit     ]   class space    used 1265K, committed 1344K, reserved 1048576K
