[jbang] [2026-09-17 16:58:08] Using JDK provider(s): CurrentJdkProvider, DefaultJdkProvider, JavaHomeJdkProvider, PathJdkProvider, LinkedJdkProvider, JBangJdkProvider
[jbang] [0:241] Resolving resource ref: AnswerabilityCleanHost.java
[jbang] [0:250] Resolved resource ref as: AnswerabilityCleanHost.java (/opt/modeljars-clean-host/AnswerabilityCleanHost.java)
[jbang] [0:305] Build required as /root/.jbang/cache/jars/AnswerabilityCleanHost.java.7f730564f49f03e6291179d884f6902e501d0aa5318f5fb2eafc4caa2ef48d8f/AnswerabilityCleanHost.jar not readable or not found.
[jbang] [2026-09-17 16:58:08] Looking for JDK: 25
[jbang] [2026-09-17 16:58:08] Using JDK: 25 (25.0.4.1+1-LTS [dynamic], current, /opt/java/jdk-25.0.4.1+1, [Ga, Jdk]))
[jbang] [0:320] Resolving artifact(s): com.integrallis:backend-java:0.3.42, com.integrallis:models-runtime:0.3.42
[jbang] [0:321] Repositories: central=https://repo1.maven.org/maven2/
[jbang] [0:322] Resolving dependencies...
[jbang] [0:326] No netrc file found at: /root/.netrc
[jbang] [0:326] No credentials found for host: repo1.maven.org
[jbang] [0:411]    com.integrallis:backend-java:0.3.42
[jbang] [0:795]    com.integrallis:models-runtime:0.3.42
[jbang] [0:837]    com.integrallis:models-api:0.3.42
[jbang] [0:869]    com.integrallis:vectors-core:0.1.22
[jbang] [0:906]    org.slf4j:slf4j-api:2.0.17
[jbang] [0:955]    org.slf4j:slf4j-parent:2.0.17
[jbang] [1:004]    org.slf4j:slf4j-bom:2.0.17
[jbang] [1:047]    com.fasterxml.jackson.core:jackson-core:2.21.4
[jbang] [1:087]    com.fasterxml.jackson:jackson-base:2.21.4
[jbang] [1:126]    com.fasterxml.jackson:jackson-bom:2.21.4
[jbang] [1:165]    com.fasterxml.jackson:jackson-parent:2.21
[jbang] [1:202]    com.fasterxml:oss-parent:75
[jbang] [1:254]    org.junit:junit-bom:5.14.1
[jbang] [1:510] Dependencies resolved
[jbang] [1:558] Resolved artifact(s): com.integrallis:backend-java:jar:0.3.42=/root/.m2/repository/com/integrallis/backend-java/0.3.42/backend-java-0.3.42.jar, com.integrallis:models-api:jar:0.3.42=/root/.m2/repository/com/integrallis/models-api/0.3.42/models-api-0.3.42.jar, com.integrallis:vectors-core:jar:0.1.22=/root/.m2/repository/com/integrallis/vectors-core/0.1.22/vectors-core-0.1.22.jar, org.slf4j:slf4j-api:jar:2.0.17=/root/.m2/repository/org/slf4j/slf4j-api/2.0.17/slf4j-api-2.0.17.jar, com.fasterxml.jackson.core:jackson-core:jar:2.21.4=/root/.m2/repository/com/fasterxml/jackson/core/jackson-core/2.21.4/jackson-core-2.21.4.jar, com.integrallis:models-runtime:jar:0.3.42=/root/.m2/repository/com/integrallis/models-runtime/0.3.42/models-runtime-0.3.42.jar
[jbang] [1:584] Building jar for AnswerabilityCleanHost.java...
[jbang] [1:584] Compile: /opt/java/jdk-25.0.4.1+1/bin/javac -g -parameters -classpath /root/.m2/repository/com/integrallis/backend-java/0.3.42/backend-java-0.3.42.jar:/root/.m2/repository/com/integrallis/models-api/0.3.42/models-api-0.3.42.jar:/root/.m2/repository/com/integrallis/vectors-core/0.1.22/vectors-core-0.1.22.jar:/root/.m2/repository/org/slf4j/slf4j-api/2.0.17/slf4j-api-2.0.17.jar:/root/.m2/repository/com/fasterxml/jackson/core/jackson-core/2.21.4/jackson-core-2.21.4.jar:/root/.m2/repository/com/integrallis/models-runtime/0.3.42/models-runtime-0.3.42.jar -d /root/.jbang/cache/jars/AnswerabilityCleanHost.java.7f730564f49f03e6291179d884f6902e501d0aa5318f5fb2eafc4caa2ef48d8f/classes /opt/modeljars-clean-host/AnswerabilityCleanHost.java
[jbang] [2:372] Package: /opt/java/jdk-25.0.4.1+1/bin/jar cfme /root/.jbang/cache/jars/AnswerabilityCleanHost.java.7f730564f49f03e6291179d884f6902e501d0aa5318f5fb2eafc4caa2ef48d8f/AnswerabilityCleanHost.jar /tmp/jbang-manifest13198960761833209872mf AnswerabilityCleanHost -C /root/.jbang/cache/jars/AnswerabilityCleanHost.java.7f730564f49f03e6291179d884f6902e501d0aa5318f5fb2eafc4caa2ef48d8f/classes .
[jbang] [2:466] Deleting file /tmp/jbang-manifest13198960761833209872mf
[jbang] [2:466] Deleting folder /root/.jbang/cache/jars/AnswerabilityCleanHost.java.7f730564f49f03e6291179d884f6902e501d0aa5318f5fb2eafc4caa2ef48d8f/classes
[jbang] [2:470] Deleting folder /root/.jbang/cache/jars/AnswerabilityCleanHost.java.7f730564f49f03e6291179d884f6902e501d0aa5318f5fb2eafc4caa2ef48d8f/generated
