WARNING: Using incubator modules: jdk.incubator.vector
Sep 14, 2026 9:39:54 AM com.integrallis.vectors.core.PanamaVectorUtilSupportProvider create
INFO: vectors-core: Using Panama Vector API SIMD provider (vector bits: 256)
Sep 14, 2026 9:39:54 AM com.integrallis.vectors.core.VectorizationProvider logActiveToggles
INFO: vectors-core: provider=PanamaVectorUtilSupport panama=true maxBits=256 preferredBits=256 fastVectorFMA=true fastScalarFMA=true sve=false ggufParallel=true ggufParallelThreshold=1048576 ggufExecutor=persistent ggufThreads=16 ggufChunksPerThread=2 mappedKQuantLongOffsets=auto(q4=true,q5=false,q6=false) q4ShortPairwiseSupported=true q4UnsignedPairwiseSupported=true toggles=[(defaults — no -Dvectors.* overrides)]
 1/75 live_irrelevance_107-5-1 expected=false score=  -27.22594 shared=true 64523 ms
 2/75 live_irrelevance_132-11-7 expected=false score=  -13.37921 shared=true 131319 ms
 3/75 live_irrelevance_225-35-0 expected=false score=   -5.57596 shared=true 52813 ms
 4/75 live_irrelevance_226-35-1 expected=false score=  -11.58676 shared=true 51041 ms
 5/75 live_irrelevance_271-57-6 expected=false score=  -19.51736 shared=true 123735 ms
 6/75 live_irrelevance_32-2-20 expected=false score=  -14.45733 shared=true 27867 ms
 7/75 live_irrelevance_335-79-0 expected=false score=  -19.01142 shared=true 31095 ms
 8/75 live_irrelevance_346-81-7 expected=false score=  -15.33476 shared=true 79656 ms
 9/75 live_irrelevance_38-2-26 expected=false score=  -18.31261 shared=true 23306 ms
10/75 live_irrelevance_391-81-52 expected=false score=  -19.23196 shared=true 79850 ms
11/75 live_irrelevance_408-90-0 expected=false score=  -35.25283 shared=true 31089 ms
12/75 live_irrelevance_426-102-0 expected=false score=   -7.75867 shared=true 43556 ms
13/75 live_irrelevance_464-128-1 expected=false score=   -7.75126 shared=true 16994 ms
14/75 live_irrelevance_497-143-0 expected=false score=    3.04080 shared=true 19439 ms
15/75 live_irrelevance_511-151-0 expected=false score=   -5.65986 shared=true 35073 ms
16/75 live_irrelevance_525-162-0 expected=false score=  -31.00930 shared=true 26020 ms
17/75 live_irrelevance_657-209-0 expected=false score=  -28.54081 shared=true 44039 ms
18/75 live_irrelevance_72-2-60 expected=false score=  -21.88409 shared=true 25856 ms
19/75 live_irrelevance_739-253-0 expected=false score=  -29.29336 shared=true 54647 ms
20/75 live_irrelevance_764-274-0 expected=false score=  -24.38735 shared=true 81387 ms
21/75 live_irrelevance_767-276-0 expected=false score=  -38.78714 shared=true 21147 ms
22/75 live_irrelevance_802-305-6 expected=false score=  -24.64827 shared=true 113756 ms
23/75 live_irrelevance_806-305-10 expected=false score=   -9.98934 shared=true 107397 ms
24/75 live_irrelevance_820-314-4 expected=false score=  -38.86960 shared=true 76124 ms
25/75 live_irrelevance_86-2-74 expected=false score=   -9.47811 shared=true 23336 ms
26/75 live_multiple_1032-260-0 expected=true  score=    0.74683 shared=true 50887 ms
27/75 live_multiple_1051-278-0 expected=true  score=  -13.23808 shared=true 61354 ms
28/75 live_multiple_134-51-0   expected=true  score=    6.15120 shared=true 47674 ms
29/75 live_multiple_139-53-1   expected=true  score=    4.71530 shared=true 50388 ms
30/75 live_multiple_154-58-8   expected=true  score=   -1.15048 shared=true 321698 ms
31/75 live_multiple_287-129-2  expected=true  score=   -3.14963 shared=true 78226 ms
