[jbang] [2026-09-17 20:10:11] Using JDK provider(s): CurrentJdkProvider, DefaultJdkProvider, JavaHomeJdkProvider, PathJdkProvider, LinkedJdkProvider, JBangJdkProvider
[jbang] [0:211] Resolving resource ref: AnswerabilityCleanHost.java
[jbang] [0:217] Resolved resource ref as: AnswerabilityCleanHost.java (/opt/modeljars-clean-host/AnswerabilityCleanHost.java)
[jbang] [0:261] Build required as /root/.jbang/cache/jars/AnswerabilityCleanHost.java.0a15f489535a9fb31d42c2191c3c99b8e90d9a66b3f1713dd84011024c193148/AnswerabilityCleanHost.jar not readable or not found.
[jbang] [2026-09-17 20:10:11] Looking for JDK: 25
[jbang] [2026-09-17 20:10:11] Using JDK: 25 (25.0.4.1+1-LTS [dynamic], current, /opt/java/jdk-25.0.4.1+1, [Ga, Jdk]))
[jbang] [0:273] Resolving artifact(s): com.integrallis:backend-java:0.3.42, com.integrallis:models-runtime:0.3.42, com.integrallis:backend-native:0.3.42
[jbang] [0:274] Repositories: central=https://repo1.maven.org/maven2/
[jbang] [0:275] Resolving dependencies...
[jbang] [0:278] No netrc file found at: /root/.netrc
[jbang] [0:278] No credentials found for host: repo1.maven.org
[jbang] [0:349]    com.integrallis:backend-java:0.3.42
[jbang] [0:672]    com.integrallis:models-runtime:0.3.42
[jbang] [0:705]    com.integrallis:backend-native:0.3.42
[jbang] [0:759]    com.integrallis:models-api:0.3.42
[jbang] [0:791]    com.integrallis:vectors-core:0.1.22
[jbang] [0:825]    org.slf4j:slf4j-api:2.0.17
[jbang] [0:855]    org.slf4j:slf4j-parent:2.0.17
[jbang] [0:887]    org.slf4j:slf4j-bom:2.0.17
[jbang] [0:919]    com.fasterxml.jackson.core:jackson-core:2.21.4
[jbang] [0:951]    com.fasterxml.jackson:jackson-base:2.21.4
[jbang] [0:978]    com.fasterxml.jackson:jackson-bom:2.21.4
[jbang] [1:005]    com.fasterxml.jackson:jackson-parent:2.21
[jbang] [1:034]    com.fasterxml:oss-parent:75
[jbang] [1:069]    org.junit:junit-bom:5.14.1
[jbang] [1:238] Dependencies resolved
[jbang] [1:257] Resolved artifact(s): com.integrallis:backend-java:jar:0.3.42=/root/.m2/repository/com/integrallis/backend-java/0.3.42/backend-java-0.3.42.jar, com.integrallis:models-api:jar:0.3.42=/root/.m2/repository/com/integrallis/models-api/0.3.42/models-api-0.3.42.jar, com.integrallis:vectors-core:jar:0.1.22=/root/.m2/repository/com/integrallis/vectors-core/0.1.22/vectors-core-0.1.22.jar, org.slf4j:slf4j-api:jar:2.0.17=/root/.m2/repository/org/slf4j/slf4j-api/2.0.17/slf4j-api-2.0.17.jar, com.fasterxml.jackson.core:jackson-core:jar:2.21.4=/root/.m2/repository/com/fasterxml/jackson/core/jackson-core/2.21.4/jackson-core-2.21.4.jar, com.integrallis:models-runtime:jar:0.3.42=/root/.m2/repository/com/integrallis/models-runtime/0.3.42/models-runtime-0.3.42.jar, com.integrallis:backend-native:jar:0.3.42=/root/.m2/repository/com/integrallis/backend-native/0.3.42/backend-native-0.3.42.jar
[jbang] [1:279] Building jar for AnswerabilityCleanHost.java...
[jbang] [1:279] Compile: /opt/java/jdk-25.0.4.1+1/bin/javac -g -parameters -classpath /root/.m2/repository/com/integrallis/backend-java/0.3.42/backend-java-0.3.42.jar:/root/.m2/repository/com/integrallis/models-api/0.3.42/models-api-0.3.42.jar:/root/.m2/repository/com/integrallis/vectors-core/0.1.22/vectors-core-0.1.22.jar:/root/.m2/repository/org/slf4j/slf4j-api/2.0.17/slf4j-api-2.0.17.jar:/root/.m2/repository/com/fasterxml/jackson/core/jackson-core/2.21.4/jackson-core-2.21.4.jar:/root/.m2/repository/com/integrallis/models-runtime/0.3.42/models-runtime-0.3.42.jar:/root/.m2/repository/com/integrallis/backend-native/0.3.42/backend-native-0.3.42.jar -d /root/.jbang/cache/jars/AnswerabilityCleanHost.java.0a15f489535a9fb31d42c2191c3c99b8e90d9a66b3f1713dd84011024c193148/classes /opt/modeljars-clean-host/AnswerabilityCleanHost.java
[jbang] [2:039] Package: /opt/java/jdk-25.0.4.1+1/bin/jar cfme /root/.jbang/cache/jars/AnswerabilityCleanHost.java.0a15f489535a9fb31d42c2191c3c99b8e90d9a66b3f1713dd84011024c193148/AnswerabilityCleanHost.jar /tmp/jbang-manifest10450726672531165000mf AnswerabilityCleanHost -C /root/.jbang/cache/jars/AnswerabilityCleanHost.java.0a15f489535a9fb31d42c2191c3c99b8e90d9a66b3f1713dd84011024c193148/classes .
[jbang] [2:126] Deleting file /tmp/jbang-manifest10450726672531165000mf
[jbang] [2:127] Deleting folder /root/.jbang/cache/jars/AnswerabilityCleanHost.java.0a15f489535a9fb31d42c2191c3c99b8e90d9a66b3f1713dd84011024c193148/classes
[jbang] [2:129] Deleting folder /root/.jbang/cache/jars/AnswerabilityCleanHost.java.0a15f489535a9fb31d42c2191c3c99b8e90d9a66b3f1713dd84011024c193148/generated
