=== round 1 stock ===
  best single matmul at batch 18: 189.9 G-MAC/s  (blk.0.ffn_gate.weight)
  whole forward pass, 18 tokens: 0.527 s, 29.3 ms/token, 143.7 G-MAC/s
  the forward pass runs at 76% of the best single matmul on this host
=== round 1 tiled ===
  best single matmul at batch 18: 243.5 G-MAC/s  (blk.0.ffn_up.weight)
  whole forward pass, 18 tokens: 0.503 s, 27.9 ms/token, 150.5 G-MAC/s
  the forward pass runs at 62% of the best single matmul on this host
=== round 2 stock ===
  best single matmul at batch 18: 213.2 G-MAC/s  (blk.0.ffn_up.weight)
  whole forward pass, 18 tokens: 0.476 s, 26.5 ms/token, 158.9 G-MAC/s
  the forward pass runs at 75% of the best single matmul on this host
=== round 2 tiled ===
  best single matmul at batch 18: 245.8 G-MAC/s  (blk.0.ffn_up.weight)
  whole forward pass, 18 tokens: 0.488 s, 27.1 ms/token, 155.2 G-MAC/s
  the forward pass runs at 63% of the best single matmul on this host
=== round 3 stock ===
  best single matmul at batch 18: 222.6 G-MAC/s  (blk.0.ffn_up.weight)
  whole forward pass, 18 tokens: 0.505 s, 28.1 ms/token, 149.8 G-MAC/s
  the forward pass runs at 67% of the best single matmul on this host
=== round 3 tiled ===
  best single matmul at batch 18: 216.2 G-MAC/s  (blk.0.ffn_gate.weight)
  whole forward pass, 18 tokens: 0.481 s, 26.7 ms/token, 157.4 G-MAC/s
  the forward pass runs at 73% of the best single matmul on this host
ALLDONE
