=== round 1 hugePages=false ===
  15 decisions in each shape
  shape                                        total s    per s     
  one document per case, no rubric  (the videos) 19.678     1.312     
  one document per case, with rubric           29.860     1.991     
  one shared document, no rubric               8.944      0.596     
  one shared document, with rubric             9.116      0.608     
=== round 1 hugePages=true ===
  15 decisions in each shape
  shape                                        total s    per s     
  one document per case, no rubric  (the videos) 20.613     1.374     
  one document per case, with rubric           30.848     2.057     
  one shared document, no rubric               9.335      0.622     
  one shared document, with rubric             9.488      0.633     
=== round 2 hugePages=false ===
  15 decisions in each shape
  shape                                        total s    per s     
  one document per case, no rubric  (the videos) 19.647     1.310     
  one document per case, with rubric           29.552     1.970     
  one shared document, no rubric               8.921      0.595     
  one shared document, with rubric             9.133      0.609     
=== round 2 hugePages=true ===
  15 decisions in each shape
  shape                                        total s    per s     
  one document per case, no rubric  (the videos) 20.887     1.392     
  one document per case, with rubric           31.628     2.109     
  one shared document, no rubric               9.487      0.632     
  one shared document, with rubric             9.652      0.643     
=== round 3 hugePages=false ===
  15 decisions in each shape
  shape                                        total s    per s     
  one document per case, no rubric  (the videos) 21.883     1.459     
  one document per case, with rubric           33.133     2.209     
  one shared document, no rubric               9.865      0.658     
  one shared document, with rubric             10.037     0.669     
=== round 3 hugePages=true ===
  15 decisions in each shape
  shape                                        total s    per s     
  one document per case, no rubric  (the videos) 21.225     1.415     
  one document per case, with rubric           32.024     2.135     
  one shared document, no rubric               9.495      0.633     
  one shared document, with rubric             9.759      0.651     
=== round 4 hugePages=false ===
  15 decisions in each shape
  shape                                        total s    per s     
  one document per case, no rubric  (the videos) 20.134     1.342     
  one document per case, with rubric           30.017     2.001     
  one shared document, no rubric               9.080      0.605     
  one shared document, with rubric             9.269      0.618     
=== round 4 hugePages=true ===
  15 decisions in each shape
  shape                                        total s    per s     
  one document per case, no rubric  (the videos) 21.601     1.440     
  one document per case, with rubric           31.758     2.117     
  one shared document, no rubric               9.596      0.640     
  one shared document, with rubric             9.772      0.651     
ALLDONE
